Component: ARM Compiler 5.06 update 4 (build 422) Tool: armlink [4d35d2]

==============================================================================

Section Cross References

    main.o(i.main) refers to main.o(i.system_init) for system_init
    main.o(i.main) refers to main.o(i.nrf_gpio_cfg_output) for nrf_gpio_cfg_output
    main.o(i.main) refers to main.o(i.nrf_gpio_pin_set) for nrf_gpio_pin_set
    main.o(i.main) refers to main.o(i.power_manage) for power_manage
    main.o(i.nrf_gpio_cfg_output) refers to main.o(i.nrf_gpio_pin_port_decode) for nrf_gpio_pin_port_decode
    main.o(i.nrf_gpio_pin_set) refers to main.o(i.nrf_gpio_pin_port_decode) for nrf_gpio_pin_port_decode
    main.o(i.system_init) refers to nrf_drv_clock.o(i.nrf_drv_clock_init) for nrf_drv_clock_init
    main.o(i.system_init) refers to app_error.o(i.app_error_handler_bare) for app_error_handler_bare
    main.o(i.system_init) refers to nrf_drv_clock.o(i.nrf_drv_clock_lfclk_request) for nrf_drv_clock_lfclk_request
    main.o(i.system_init) refers to main.o(i.gpio_output_voltage_setup_3v3) for gpio_output_voltage_setup_3v3
    main.o(i.system_init) refers to key.o(i.key_init) for key_init
    main.o(i.system_init) refers to lcd.o(i.LCD_Init) for LCD_Init
    main.o(i.test_show_string) refers to lcd.o(i.LCD_Clear) for LCD_Clear
    main.o(i.test_show_string) refers to lcd.o(i.LCD_SetFontSize) for LCD_SetFontSize
    main.o(i.test_show_string) refers to lcd.o(i.LCD_MeasureString) for LCD_MeasureString
    main.o(i.test_show_string) refers to lcd.o(i.LCD_ShowString) for LCD_ShowString
    main.o(i.test_show_string) refers to lcd.o(.data) for POINT_COLOR
    boards.o(i.bsp_board_button_idx_to_pin) refers to boards.o(.constdata) for m_board_btn_list
    boards.o(i.bsp_board_button_state_get) refers to boards.o(i.nrf_gpio_pin_port_decode) for nrf_gpio_pin_port_decode
    boards.o(i.bsp_board_button_state_get) refers to boards.o(.constdata) for m_board_btn_list
    boards.o(i.bsp_board_buttons_init) refers to boards.o(i.nrf_gpio_cfg) for nrf_gpio_cfg
    boards.o(i.bsp_board_buttons_init) refers to boards.o(.constdata) for m_board_btn_list
    boards.o(i.bsp_board_init) refers to boards.o(i.bsp_board_leds_init) for bsp_board_leds_init
    boards.o(i.bsp_board_init) refers to boards.o(i.bsp_board_buttons_init) for bsp_board_buttons_init
    boards.o(i.bsp_board_led_idx_to_pin) refers to boards.o(.constdata) for m_board_led_list
    boards.o(i.bsp_board_led_invert) refers to boards.o(i.nrf_gpio_pin_port_decode) for nrf_gpio_pin_port_decode
    boards.o(i.bsp_board_led_invert) refers to boards.o(.constdata) for m_board_led_list
    boards.o(i.bsp_board_led_off) refers to boards.o(i.nrf_gpio_pin_write) for nrf_gpio_pin_write
    boards.o(i.bsp_board_led_off) refers to boards.o(.constdata) for m_board_led_list
    boards.o(i.bsp_board_led_on) refers to boards.o(i.nrf_gpio_pin_write) for nrf_gpio_pin_write
    boards.o(i.bsp_board_led_on) refers to boards.o(.constdata) for m_board_led_list
    boards.o(i.bsp_board_led_state_get) refers to boards.o(i.nrf_gpio_pin_port_decode) for nrf_gpio_pin_port_decode
    boards.o(i.bsp_board_led_state_get) refers to boards.o(.constdata) for m_board_led_list
    boards.o(i.bsp_board_leds_init) refers to boards.o(i.nrf_gpio_cfg) for nrf_gpio_cfg
    boards.o(i.bsp_board_leds_init) refers to boards.o(i.bsp_board_leds_off) for bsp_board_leds_off
    boards.o(i.bsp_board_leds_init) refers to boards.o(.constdata) for m_board_led_list
    boards.o(i.bsp_board_leds_off) refers to boards.o(i.bsp_board_led_off) for bsp_board_led_off
    boards.o(i.bsp_board_leds_on) refers to boards.o(i.bsp_board_led_on) for bsp_board_led_on
    boards.o(i.bsp_board_pin_to_button_idx) refers to boards.o(.constdata) for m_board_btn_list
    boards.o(i.bsp_board_pin_to_led_idx) refers to boards.o(.constdata) for m_board_led_list
    boards.o(i.nrf_gpio_cfg) refers to boards.o(i.nrf_gpio_pin_port_decode) for nrf_gpio_pin_port_decode
    boards.o(i.nrf_gpio_pin_write) refers to boards.o(i.nrf_gpio_pin_port_decode) for nrf_gpio_pin_port_decode
    app_error.o(i.app_error_handler_bare) refers to app_error_weak.o(i.app_error_fault_handler) for app_error_fault_handler
    app_error.o(i.app_error_save_and_stop) refers to app_error.o(.bss) for m_error_data
    app_fifo.o(i.app_fifo_get) refers to app_fifo.o(i.fifo_length) for fifo_length
    app_fifo.o(i.app_fifo_get) refers to app_fifo.o(i.fifo_get) for fifo_get
    app_fifo.o(i.app_fifo_peek) refers to app_fifo.o(i.fifo_length) for fifo_length
    app_fifo.o(i.app_fifo_peek) refers to app_fifo.o(i.fifo_peek) for fifo_peek
    app_fifo.o(i.app_fifo_put) refers to app_fifo.o(i.fifo_length) for fifo_length
    app_fifo.o(i.app_fifo_put) refers to app_fifo.o(i.fifo_put) for fifo_put
    app_fifo.o(i.app_fifo_read) refers to app_fifo.o(i.fifo_length) for fifo_length
    app_fifo.o(i.app_fifo_read) refers to app_fifo.o(i.fifo_get) for fifo_get
[...]
    arm_startup_nrf52840.o(RESET) refers to arm_startup_nrf52840.o(STACK) for __initial_sp
    arm_startup_nrf52840.o(RESET) refers to arm_startup_nrf52840.o(.text) for Reset_Handler
    arm_startup_nrf52840.o(RESET) refers to nrfx_clock.o(i.POWER_CLOCK_IRQHandler) for POWER_CLOCK_IRQHandler
    arm_startup_nrf52840.o(RESET) refers to nrfx_prs.o(i.UARTE0_UART0_IRQHandler) for UARTE0_UART0_IRQHandler
    arm_startup_nrf52840.o(RESET) refers to nrfx_gpiote.o(i.GPIOTE_IRQHandler) for GPIOTE_IRQHandler
    arm_startup_nrf52840.o(RESET) refers to nrfx_timer.o(i.TIMER0_IRQHandler) for TIMER0_IRQHandler
    arm_startup_nrf52840.o(RESET) refers to app_timer.o(i.RTC1_IRQHandler) for RTC1_IRQHandler
    arm_startup_nrf52840.o(RESET) refers to app_timer.o(i.SWI0_EGU0_IRQHandler) for SWI0_EGU0_IRQHandler
    arm_startup_nrf52840.o(.text) refers to system_nrf52840.o(i.SystemInit) for SystemInit
    arm_startup_nrf52840.o(.text) refers to entry.o(.ARM.Collect$$$$00000000) for __main
    system_nrf52840.o(i.SystemCoreClockUpdate) refers to system_nrf52840.o(.data) for SystemCoreClock
    system_nrf52840.o(i.SystemInit) refers to system_nrf52840.o(i.errata_36) for errata_36
    system_nrf52840.o(i.SystemInit) refers to system_nrf52840.o(i.errata_66) for errata_66
    system_nrf52840.o(i.SystemInit) refers to system_nrf52840.o(i.errata_98) for errata_98
    system_nrf52840.o(i.SystemInit) refers to system_nrf52840.o(i.errata_103) for errata_103
    system_nrf52840.o(i.SystemInit) refers to system_nrf52840.o(i.errata_115) for errata_115
    system_nrf52840.o(i.SystemInit) refers to system_nrf52840.o(i.errata_120) for errata_120
    system_nrf52840.o(i.SystemInit) refers to system_nrf52840.o(i.errata_136) for errata_136
    system_nrf52840.o(i.SystemInit) refers to system_nrf52840.o(i.SystemCoreClockUpdate) for SystemCoreClockUpdate
    entry.o(.ARM.Collect$$$$00000000) refers (Special) to entry10a.o(.ARM.Collect$$$$0000000D) for __rt_final_cpp
    entry.o(.ARM.Collect$$$$00000000) refers (Special) to entry11a.o(.ARM.Collect$$$$0000000F) for __rt_final_exit
    entry.o(.ARM.Collect$$$$00000000) refers (Special) to entry7b.o(.ARM.Collect$$$$00000008) for _main_clock
    entry.o(.ARM.Collect$$$$00000000) refers (Special) to entry8b.o(.ARM.Collect$$$$0000000A) for _main_cpp_init
    entry.o(.ARM.Collect$$$$00000000) refers (Special) to entry9a.o(.ARM.Collect$$$$0000000B) for _main_init
    entry.o(.ARM.Collect$$$$00000000) refers (Special) to entry5.o(.ARM.Collect$$$$00000004) for _main_scatterload
    entry.o(.ARM.Collect$$$$00000000) refers (Special) to entry2.o(.ARM.Collect$$$$00000001) for _main_stk
    entry2.o(.ARM.Collect$$$$00000001) refers to entry2.o(.ARM.Collect$$$$00002712) for __lit__00000000
    entry2.o(.ARM.Collect$$$$00002712) refers to arm_startup_nrf52840.o(STACK) for __initial_sp
    entry2.o(__vectab_stack_and_reset_area) refers to arm_startup_nrf52840.o(STACK) for __initial_sp
    entry2.o(__vectab_stack_and_reset_area) refers to entry.o(.ARM.Collect$$$$00000000) for __main
    entry5.o(.ARM.Collect$$$$00000004) refers to init.o(.text) for __scatterload
    entry9a.o(.ARM.Collect$$$$0000000B) refers to main.o(i.main) for main
    entry9b.o(.ARM.Collect$$$$0000000C) refers to main.o(i.main) for main
    init.o(.text) refers to entry5.o(.ARM.Collect$$$$00000004) for __main_after_scatterload


==============================================================================

Removing Unused input sections from the image.

    Removing main.o(.rev16_text), (4 bytes).
    Removing main.o(.revsh_text), (4 bytes).
    Removing main.o(.rrx_text), (6 bytes).
    Removing main.o(i.test_show_string), (536 bytes).
    Removing main.o(.data), (8 bytes).
    Removing boards.o(.rev16_text), (4 bytes).
    Removing boards.o(.revsh_text), (4 bytes).
    Removing boards.o(.rrx_text), (6 bytes).
    Removing boards.o(i.bsp_board_button_idx_to_pin), (12 bytes).
    Removing boards.o(i.bsp_board_button_state_get), (52 bytes).
    Removing boards.o(i.bsp_board_buttons_init), (44 bytes).
    Removing boards.o(i.bsp_board_init), (26 bytes).
    Removing boards.o(i.bsp_board_led_idx_to_pin), (12 bytes).
    Removing boards.o(i.bsp_board_led_invert), (56 bytes).
    Removing boards.o(i.bsp_board_led_off), (20 bytes).
    Removing boards.o(i.bsp_board_led_on), (20 bytes).
    Removing boards.o(i.bsp_board_led_state_get), (52 bytes).
    Removing boards.o(i.bsp_board_leds_init), (48 bytes).
    Removing boards.o(i.bsp_board_leds_off), (20 bytes).
    Removing boards.o(i.bsp_board_leds_on), (20 bytes).
    Removing boards.o(i.bsp_board_pin_to_button_idx), (36 bytes).
    Removing boards.o(i.bsp_board_pin_to_led_idx), (36 bytes).
    Removing boards.o(i.nrf_gpio_cfg), (52 bytes).
    Removing boards.o(i.nrf_gpio_pin_port_decode), (32 bytes).
    Removing boards.o(i.nrf_gpio_pin_write), (66 bytes).
    Removing boards.o(.constdata), (8 bytes).
    Removing app_error.o(.rev16_text), (4 bytes).
    Removing app_error.o(.revsh_text), (4 bytes).
    Removing app_error.o(.rrx_text), (6 bytes).
    Removing app_error.o(i.app_error_save_and_stop), (136 bytes).
    Removing app_error.o(.bss), (32 bytes).
    Removing app_fifo.o(.rev16_text), (4 bytes).
    Removing app_fifo.o(.revsh_text), (4 bytes).
    Removing app_fifo.o(.rrx_text), (6 bytes).
    Removing app_fifo.o(i.app_fifo_flush), (10 bytes).
    Removing app_fifo.o(i.app_fifo_get), (30 bytes).
    Removing app_fifo.o(i.app_fifo_init), (36 bytes).
    Removing app_fifo.o(i.app_fifo_peek), (36 bytes).
    Removing app_fifo.o(i.app_fifo_put), (34 bytes).
    Removing app_fifo.o(i.app_fifo_read), (102 bytes).
    Removing app_fifo.o(i.app_fifo_write), (106 bytes).
    Removing app_fifo.o(i.fifo_get), (24 bytes).
    Removing app_fifo.o(i.fifo_length), (10 bytes).
    Removing app_fifo.o(i.fifo_peek), (18 bytes).
    Removing app_fifo.o(i.fifo_put), (18 bytes).
    Removing app_uart_fifo.o(.rev16_text), (4 bytes).
    Removing app_uart_fifo.o(.revsh_text), (4 bytes).
    Removing app_uart_fifo.o(.rrx_text), (6 bytes).
    Removing app_uart_fifo.o(i.app_uart_close), (52 bytes).
    Removing app_uart_fifo.o(i.app_uart_flush), (52 bytes).
    Removing app_uart_fifo.o(i.app_uart_get), (84 bytes).
    Removing app_uart_fifo.o(i.app_uart_init), (220 bytes).
    Removing app_uart_fifo.o(i.app_uart_put), (108 bytes).
    Removing app_uart_fifo.o(i.fifo_length), (10 bytes).
    Removing app_uart_fifo.o(i.nrf_drv_uart_rx), (68 bytes).
    Removing app_uart_fifo.o(i.nrf_drv_uart_tx), (68 bytes).
    Removing app_uart_fifo.o(i.uart_event_handler), (212 bytes).
    Removing app_uart_fifo.o(.bss), (32 bytes).
    Removing app_uart_fifo.o(.constdata), (32 bytes).
    Removing app_uart_fifo.o(.data), (27 bytes).
    Removing app_util_platform.o(.rev16_text), (4 bytes).
    Removing app_util_platform.o(.revsh_text), (4 bytes).
    Removing app_util_platform.o(.rrx_text), (6 bytes).
    Removing app_util_platform.o(i.current_int_priority_get), (60 bytes).
    Removing app_util_platform.o(i.privilege_level_get), (34 bytes).
    Removing app_error_handler_keil.o(.rev16_text), (4 bytes).
    Removing app_error_handler_keil.o(.revsh_text), (4 bytes).
    Removing app_error_handler_keil.o(.rrx_text), (6 bytes).
    Removing app_error_handler_keil.o(.emb_text), (26 bytes).
    Removing app_error_weak.o(.rev16_text), (4 bytes).
    Removing app_error_weak.o(.revsh_text), (4 bytes).
    Removing app_error_weak.o(.rrx_text), (6 bytes).
    Removing nrf_assert.o(.rev16_text), (4 bytes).
    Removing nrf_assert.o(.revsh_text), (4 bytes).
    Removing nrf_assert.o(.rrx_text), (6 bytes).
    Removing nrf_assert.o(i.assert_nrf_callback), (26 bytes).
    Removing nrf_strerror.o(.rev16_text), (4 bytes).
    Removing nrf_strerror.o(.revsh_text), (4 bytes).
    Removing nrf_strerror.o(.rrx_text), (6 bytes).
    Removing nrf_strerror.o(i.nrf_strerror_find), (64 bytes).
    Removing nrf_strerror.o(i.nrf_strerror_get), (28 bytes).
    Removing nrf_strerror.o(.constdata), (300 bytes).
    Removing nrf_strerror.o(.conststring), (957 bytes).
    Removing retarget.o(.rev16_text), (4 bytes).
    Removing retarget.o(.revsh_text), (4 bytes).
    Removing retarget.o(.rrx_text), (6 bytes).
    Removing retarget.o(i.fgetc), (22 bytes).
    Removing retarget.o(i.fputc), (16 bytes).
    Removing retarget.o(.data), (8 bytes).
    Removing app_button.o(.rev16_text), (4 bytes).
    Removing app_button.o(.revsh_text), (4 bytes).
    Removing app_button.o(.rrx_text), (6 bytes).
    Removing app_button.o(i.app_button_disable), (52 bytes).
    Removing app_button.o(i.app_button_is_pushed), (44 bytes).
    Removing app_timer.o(.rev16_text), (4 bytes).
    Removing app_timer.o(.revsh_text), (4 bytes).
    Removing app_timer.o(.rrx_text), (6 bytes).
    Removing app_timer.o(i.app_timer_cnt_diff_compute), (16 bytes).
    Removing app_timer.o(i.app_timer_cnt_get), (8 bytes).
    Removing app_timer.o(i.app_timer_pause), (12 bytes).
    Removing app_timer.o(i.app_timer_resume), (12 bytes).
    Removing app_timer.o(i.app_timer_stop_all), (32 bytes).
    Removing app_gpiote.o(.rev16_text), (4 bytes).
    Removing app_gpiote.o(.revsh_text), (4 bytes).
    Removing app_gpiote.o(.rrx_text), (6 bytes).
    Removing app_gpiote.o(i.app_gpiote_init), (108 bytes).
    Removing app_gpiote.o(i.app_gpiote_pins_state_get), (96 bytes).
    Removing app_gpiote.o(i.app_gpiote_user_disable), (60 bytes).
    Removing app_gpiote.o(i.app_gpiote_user_enable), (76 bytes).
    Removing app_gpiote.o(i.app_gpiote_user_register), (284 bytes).
    Removing app_gpiote.o(i.app_gpiote_user_register_ex), (280 bytes).
    Removing app_gpiote.o(i.error_check), (40 bytes).
    Removing app_gpiote.o(i.gpiote_handler), (216 bytes).
    Removing app_gpiote.o(i.nrf_bitmask_bit_is_set), (22 bytes).
    Removing app_gpiote.o(i.nrf_bitmask_bit_set), (22 bytes).
    Removing app_gpiote.o(i.nrf_bitmask_masks_or), (42 bytes).
    Removing app_gpiote.o(i.nrf_gpio_ports_read), (44 bytes).
    Removing app_gpiote.o(i.pin_event_enable), (116 bytes).
    Removing app_gpiote.o(i.user_enable), (68 bytes).
    Removing app_gpiote.o(.constdata), (15 bytes).
    Removing app_gpiote.o(.data), (24 bytes).
    Removing lcd.o(.rev16_text), (4 bytes).
    Removing lcd.o(.revsh_text), (4 bytes).
    Removing lcd.o(.rrx_text), (6 bytes).
    Removing lcd.o(i.DispBand), (144 bytes).
    Removing lcd.o(i.DispColor), (106 bytes).
    Removing lcd.o(i.DispFrame), (414 bytes).
    Removing lcd.o(i.LCD_Color_Fill), (76 bytes).
    Removing lcd.o(i.LCD_DrawLine), (184 bytes).
    Removing lcd.o(i.LCD_DrawRectangle), (64 bytes).
    Removing lcd.o(i.LCD_Draw_Circle), (188 bytes).
    Removing lcd.o(i.LCD_Fast_DrawPoint), (28 bytes).
    Removing lcd.o(i.LCD_Fill), (72 bytes).
    Removing lcd.o(i.LCD_MeasureString), (92 bytes).
    Removing lcd.o(i.LCD_Pow), (22 bytes).
    Removing lcd.o(i.LCD_SetFontSize), (20 bytes).
    Removing lcd.o(i.LCD_ShowChar), (308 bytes).
    Removing lcd.o(i.LCD_ShowChineseChar), (292 bytes).
    Removing lcd.o(i.LCD_ShowNum), (144 bytes).
    Removing lcd.o(i.LCD_ShowString), (124 bytes).
    Removing lcd.o(i.LCD_ShowStringInRect), (148 bytes).
    Removing lcd.o(i.LCD_ShowxNum), (192 bytes).
    Removing lcd.o(i.WriteDispData), (44 bytes).
    Removing lcd.o(i.WriteOneDot), (68 bytes).
    Removing lcd.o(.constdata), (32 bytes).
    Removing datetime.o(.rev16_text), (4 bytes).
    Removing datetime.o(.revsh_text), (4 bytes).
    Removing datetime.o(.rrx_text), (6 bytes).
    Removing datetime.o(i.CheckSystemDateTimeIsValid), (262 bytes).
    Removing datetime.o(i.GetSystemDateTime), (152 bytes).
    Removing datetime.o(i.GetWeekDayByDate), (80 bytes).
    Removing datetime.o(i.SetSystemDateTime), (36 bytes).
    Removing font.o(.constdata), (861532 bytes).
    Removing img.o(.rev16_text), (4 bytes).
    Removing img.o(.revsh_text), (4 bytes).
    Removing img.o(.rrx_text), (6 bytes).
    Removing img.o(i.LCD_dis_pic), (98 bytes).
    Removing img.o(i.LCD_get_pic_size), (26 bytes).
    Removing img.o(.data), (102432 bytes).
    Removing key.o(.rev16_text), (4 bytes).
    Removing key.o(.revsh_text), (4 bytes).
    Removing key.o(.rrx_text), (6 bytes).
    Removing nrf_nvmc.o(.rev16_text), (4 bytes).
    Removing nrf_nvmc.o(.revsh_text), (4 bytes).
    Removing nrf_nvmc.o(.rrx_text), (6 bytes).
    Removing nrf_nvmc.o(i.nrf_nvmc_page_erase), (96 bytes).
    Removing nrf_nvmc.o(i.nrf_nvmc_write_byte), (128 bytes).
    Removing nrf_nvmc.o(i.nrf_nvmc_write_bytes), (32 bytes).
    Removing nrf_nvmc.o(i.nrf_nvmc_write_word), (96 bytes).
    Removing nrf_nvmc.o(i.nrf_nvmc_write_words), (116 bytes).
    Removing nrf_nvmc.o(i.wait_for_flash_ready), (16 bytes).
    Removing nrf_drv_uart.o(.rev16_text), (4 bytes).
    Removing nrf_drv_uart.o(.revsh_text), (4 bytes).
    Removing nrf_drv_uart.o(.rrx_text), (6 bytes).
    Removing nrf_drv_uart.o(i.nrf_drv_uart_init), (140 bytes).
    Removing nrf_drv_uart.o(i.uart_evt_handler), (56 bytes).
    Removing nrf_drv_uart.o(i.uarte_evt_handler), (56 bytes).
    Removing nrf_drv_uart.o(.data), (18 bytes).
    Removing nrfx_timer.o(.rev16_text), (4 bytes).
    Removing nrfx_timer.o(.revsh_text), (4 bytes).
    Removing nrfx_timer.o(.rrx_text), (6 bytes).
    Removing nrfx_timer.o(i.nrf_timer_int_disable), (6 bytes).
    Removing nrfx_timer.o(i.nrf_timer_int_enable), (6 bytes).
    Removing nrfx_timer.o(i.nrf_timer_shorts_disable), (12 bytes).
    Removing nrfx_timer.o(i.nrf_timer_task_trigger), (6 bytes).
    Removing nrfx_timer.o(i.nrfx_get_irq_number), (8 bytes).
    Removing nrfx_timer.o(i.nrfx_timer_capture), (40 bytes).
    Removing nrfx_timer.o(i.nrfx_timer_clear), (14 bytes).
    Removing nrfx_timer.o(i.nrfx_timer_compare), (72 bytes).
    Removing nrfx_timer.o(i.nrfx_timer_compare_int_disable), (24 bytes).
    Removing nrfx_timer.o(i.nrfx_timer_compare_int_enable), (40 bytes).
    Removing nrfx_timer.o(i.nrfx_timer_disable), (36 bytes).
    Removing nrfx_timer.o(i.nrfx_timer_enable), (36 bytes).
    Removing nrfx_timer.o(i.nrfx_timer_extended_compare), (66 bytes).
    Removing nrfx_timer.o(i.nrfx_timer_increment), (14 bytes).
    Removing nrfx_timer.o(i.nrfx_timer_init), (268 bytes).
    Removing nrfx_timer.o(i.nrfx_timer_is_enabled), (32 bytes).
    Removing nrfx_timer.o(i.nrfx_timer_pause), (14 bytes).
    Removing nrfx_timer.o(i.nrfx_timer_resume), (14 bytes).
    Removing nrfx_timer.o(i.nrfx_timer_uninit), (84 bytes).
    Removing nrfx_timer.o(.constdata), (16 bytes).
    Removing nrfx_uart.o(.rev16_text), (4 bytes).
    Removing nrfx_uart.o(.revsh_text), (4 bytes).
    Removing nrfx_uart.o(.rrx_text), (6 bytes).
    Removing nrfx_uart.o(i.apply_config), (124 bytes).
    Removing nrfx_uart.o(i.interrupts_disable), (52 bytes).
    Removing nrfx_uart.o(i.interrupts_enable), (160 bytes).
    Removing nrfx_uart.o(i.nrf_gpio_cfg), (52 bytes).
    Removing nrfx_uart.o(i.nrf_gpio_cfg_default), (24 bytes).
    Removing nrfx_uart.o(i.nrf_gpio_cfg_input), (26 bytes).
    Removing nrfx_uart.o(i.nrf_gpio_cfg_output), (24 bytes).
    Removing nrfx_uart.o(i.nrf_gpio_pin_port_decode), (32 bytes).
    Removing nrfx_uart.o(i.nrf_gpio_pin_set), (26 bytes).
    Removing nrfx_uart.o(i.nrf_uart_errorsrc_get_and_clear), (12 bytes).
    Removing nrfx_uart.o(i.nrf_uart_event_check), (14 bytes).
    Removing nrfx_uart.o(i.nrf_uart_event_clear), (14 bytes).
    Removing nrfx_uart.o(i.nrf_uart_hwfc_pins_set), (12 bytes).
    Removing nrfx_uart.o(i.nrf_uart_int_disable), (6 bytes).
    Removing nrfx_uart.o(i.nrf_uart_int_enable), (6 bytes).
    Removing nrfx_uart.o(i.nrf_uart_int_enable_check), (18 bytes).
    Removing nrfx_uart.o(i.nrf_uart_task_trigger), (6 bytes).
    Removing nrfx_uart.o(i.nrf_uart_txrx_pins_set), (14 bytes).
    Removing nrfx_uart.o(i.nrfx_get_irq_number), (8 bytes).
    Removing nrfx_uart.o(i.nrfx_uart_0_irq_handler), (20 bytes).
    Removing nrfx_uart.o(i.nrfx_uart_errorsrc_get), (22 bytes).
    Removing nrfx_uart.o(i.nrfx_uart_init), (136 bytes).
    Removing nrfx_uart.o(i.nrfx_uart_rx), (292 bytes).
    Removing nrfx_uart.o(i.nrfx_uart_rx_abort), (24 bytes).
    Removing nrfx_uart.o(i.nrfx_uart_rx_disable), (40 bytes).
    Removing nrfx_uart.o(i.nrfx_uart_rx_enable), (60 bytes).
    Removing nrfx_uart.o(i.nrfx_uart_rx_ready), (16 bytes).
    Removing nrfx_uart.o(i.nrfx_uart_tx), (140 bytes).
    Removing nrfx_uart.o(i.nrfx_uart_tx_abort), (52 bytes).
    Removing nrfx_uart.o(i.nrfx_uart_tx_in_progress), (36 bytes).
    Removing nrfx_uart.o(i.nrfx_uart_uninit), (68 bytes).
    Removing nrfx_uart.o(i.pins_to_default), (126 bytes).
    Removing nrfx_uart.o(i.rx_byte), (62 bytes).
    Removing nrfx_uart.o(i.rx_done_event), (28 bytes).
    Removing nrfx_uart.o(i.rx_enable), (34 bytes).
    Removing nrfx_uart.o(i.tx_blocking), (54 bytes).
    Removing nrfx_uart.o(i.tx_byte), (38 bytes).
    Removing nrfx_uart.o(i.tx_done_event), (32 bytes).
    Removing nrfx_uart.o(i.uart_irq_handler), (332 bytes).
    Removing nrfx_uart.o(.bss), (44 bytes).
    Removing nrfx_uart.o(.constdata), (46 bytes).
    Removing nrfx_uarte.o(.rev16_text), (4 bytes).
    Removing nrfx_uarte.o(.revsh_text), (4 bytes).
    Removing nrfx_uarte.o(.rrx_text), (6 bytes).
    Removing nrfx_uarte.o(i.apply_config), (124 bytes).
    Removing nrfx_uarte.o(i.interrupts_disable), (52 bytes).
    Removing nrfx_uarte.o(i.interrupts_enable), (180 bytes).
    Removing nrfx_uarte.o(i.nrf_gpio_cfg), (52 bytes).
    Removing nrfx_uarte.o(i.nrf_gpio_cfg_default), (24 bytes).
    Removing nrfx_uarte.o(i.nrf_gpio_cfg_input), (26 bytes).
    Removing nrfx_uarte.o(i.nrf_gpio_cfg_output), (24 bytes).
    Removing nrfx_uarte.o(i.nrf_gpio_pin_port_decode), (32 bytes).
    Removing nrfx_uarte.o(i.nrf_gpio_pin_set), (26 bytes).
    Removing nrfx_uarte.o(i.nrf_uarte_errorsrc_get_and_clear), (12 bytes).
    Removing nrfx_uarte.o(i.nrf_uarte_event_check), (14 bytes).
    Removing nrfx_uarte.o(i.nrf_uarte_event_clear), (14 bytes).
    Removing nrfx_uarte.o(i.nrf_uarte_hwfc_pins_set), (12 bytes).
    Removing nrfx_uarte.o(i.nrf_uarte_int_disable), (6 bytes).
    Removing nrfx_uarte.o(i.nrf_uarte_int_enable), (6 bytes).
    Removing nrfx_uarte.o(i.nrf_uarte_rx_amount_get), (10 bytes).
    Removing nrfx_uarte.o(i.nrf_uarte_task_trigger), (6 bytes).
    Removing nrfx_uarte.o(i.nrf_uarte_txrx_pins_set), (14 bytes).
    Removing nrfx_uarte.o(i.nrfx_get_irq_number), (8 bytes).
    Removing nrfx_uarte.o(i.nrfx_is_in_ram), (20 bytes).
    Removing nrfx_uarte.o(i.nrfx_uarte_0_irq_handler), (20 bytes).
    Removing nrfx_uarte.o(i.nrfx_uarte_errorsrc_get), (22 bytes).
    Removing nrfx_uarte.o(i.nrfx_uarte_init), (128 bytes).
    Removing nrfx_uarte.o(i.nrfx_uarte_rx), (312 bytes).
    Removing nrfx_uarte.o(i.nrfx_uarte_rx_abort), (14 bytes).
    Removing nrfx_uarte.o(i.nrfx_uarte_rx_ready), (16 bytes).
    Removing nrfx_uarte.o(i.nrfx_uarte_tx), (168 bytes).
    Removing nrfx_uarte.o(i.nrfx_uarte_tx_abort), (60 bytes).
    Removing nrfx_uarte.o(i.nrfx_uarte_tx_in_progress), (32 bytes).
    Removing nrfx_uarte.o(i.nrfx_uarte_uninit), (64 bytes).
    Removing nrfx_uarte.o(i.pins_to_default), (126 bytes).
    Removing nrfx_uarte.o(i.rx_done_event), (32 bytes).
    Removing nrfx_uarte.o(i.tx_done_event), (36 bytes).
    Removing nrfx_uarte.o(i.uarte_irq_handler), (268 bytes).
    Removing nrfx_uarte.o(.bss), (36 bytes).
    Removing nrfx_uarte.o(.constdata), (48 bytes).
    Removing nrfx_prs.o(.rev16_text), (4 bytes).
    Removing nrfx_prs.o(.revsh_text), (4 bytes).
    Removing nrfx_prs.o(.rrx_text), (6 bytes).
    Removing nrfx_prs.o(i.nrfx_prs_acquire), (72 bytes).
    Removing nrfx_prs.o(i.nrfx_prs_release), (22 bytes).
    Removing nrfx_prs.o(i.prs_box_get), (24 bytes).
    Removing nrfx_prs.o(.constdata), (17 bytes).
    Removing nrfx_gpiote.o(.rev16_text), (4 bytes).
    Removing nrfx_gpiote.o(.revsh_text), (4 bytes).
    Removing nrfx_gpiote.o(.rrx_text), (6 bytes).
    Removing nrfx_gpiote.o(i.nrf_gpio_cfg_default), (24 bytes).
    Removing nrfx_gpiote.o(i.nrf_gpio_pin_clear), (26 bytes).
    Removing nrfx_gpiote.o(i.nrf_gpio_pin_set), (26 bytes).
    Removing nrfx_gpiote.o(i.nrf_gpiote_task_addr_get), (12 bytes).
    Removing nrfx_gpiote.o(i.nrf_gpiote_te_default), (16 bytes).
    Removing nrfx_gpiote.o(i.nrfx_gpiote_clr_task_addr_get), (24 bytes).
    Removing nrfx_gpiote.o(i.nrfx_gpiote_clr_task_trigger), (32 bytes).
    Removing nrfx_gpiote.o(i.nrfx_gpiote_in_event_addr_get), (38 bytes).
    Removing nrfx_gpiote.o(i.nrfx_gpiote_in_event_disable), (84 bytes).
    Removing nrfx_gpiote.o(i.nrfx_gpiote_in_uninit), (72 bytes).
    Removing nrfx_gpiote.o(i.nrfx_gpiote_out_clear), (12 bytes).
    Removing nrfx_gpiote.o(i.nrfx_gpiote_out_init), (208 bytes).
    Removing nrfx_gpiote.o(i.nrfx_gpiote_out_set), (12 bytes).
    Removing nrfx_gpiote.o(i.nrfx_gpiote_out_task_addr_get), (22 bytes).
    Removing nrfx_gpiote.o(i.nrfx_gpiote_out_task_disable), (36 bytes).
    Removing nrfx_gpiote.o(i.nrfx_gpiote_out_task_enable), (44 bytes).
    Removing nrfx_gpiote.o(i.nrfx_gpiote_out_task_force), (48 bytes).
    Removing nrfx_gpiote.o(i.nrfx_gpiote_out_task_trigger), (32 bytes).
    Removing nrfx_gpiote.o(i.nrfx_gpiote_out_toggle), (46 bytes).
    Removing nrfx_gpiote.o(i.nrfx_gpiote_out_uninit), (66 bytes).
    Removing nrfx_gpiote.o(i.nrfx_gpiote_set_task_addr_get), (24 bytes).
    Removing nrfx_gpiote.o(i.nrfx_gpiote_set_task_trigger), (32 bytes).
    Removing nrfx_gpiote.o(i.nrfx_gpiote_uninit), (68 bytes).
    Removing nrfx_gpiote.o(i.pin_configured_check), (28 bytes).
    Removing nrfx_gpiote.o(i.pin_configured_clear), (32 bytes).
    Removing nrf_drv_clock.o(.rev16_text), (4 bytes).
    Removing nrf_drv_clock.o(.revsh_text), (4 bytes).
    Removing nrf_drv_clock.o(.rrx_text), (6 bytes).
    Removing nrf_drv_clock.o(i.hfclk_start), (8 bytes).
    Removing nrf_drv_clock.o(i.hfclk_stop), (20 bytes).
    Removing nrf_drv_clock.o(i.lfclk_stop), (20 bytes).
    Removing nrf_drv_clock.o(i.nrf_drv_clock_calibration_abort), (6 bytes).
    Removing nrf_drv_clock.o(i.nrf_drv_clock_calibration_start), (8 bytes).
    Removing nrf_drv_clock.o(i.nrf_drv_clock_hfclk_is_running), (36 bytes).
    Removing nrf_drv_clock.o(i.nrf_drv_clock_hfclk_release), (40 bytes).
    Removing nrf_drv_clock.o(i.nrf_drv_clock_hfclk_request), (92 bytes).
    Removing nrf_drv_clock.o(i.nrf_drv_clock_init_check), (12 bytes).
    Removing nrf_drv_clock.o(i.nrf_drv_clock_is_calibrating), (8 bytes).
    Removing nrf_drv_clock.o(i.nrf_drv_clock_lfclk_is_running), (20 bytes).
    Removing nrf_drv_clock.o(i.nrf_drv_clock_lfclk_release), (40 bytes).
    Removing nrf_drv_clock.o(i.nrf_drv_clock_uninit), (24 bytes).
    Removing nrf_drv_clock.o(.constdata), (112 bytes).
    Removing nrfx_clock.o(.rev16_text), (4 bytes).
    Removing nrfx_clock.o(.revsh_text), (4 bytes).
    Removing nrfx_clock.o(.rrx_text), (6 bytes).
    Removing nrfx_clock.o(i.nrfx_clock_calibration_start), (4 bytes).
    Removing nrfx_clock.o(i.nrfx_clock_calibration_timer_start), (44 bytes).
    Removing nrfx_clock.o(i.nrfx_clock_calibration_timer_stop), (16 bytes).
    Removing nrfx_clock.o(i.nrfx_clock_disable), (36 bytes).
    Removing nrfx_clock.o(i.nrfx_clock_hfclk_start), (24 bytes).
    Removing nrfx_clock.o(i.nrfx_clock_hfclk_stop), (56 bytes).
    Removing nrfx_clock.o(i.nrfx_clock_is_calibrating), (4 bytes).
    Removing nrfx_clock.o(i.nrfx_clock_lfclk_stop), (32 bytes).
    Removing nrfx_clock.o(i.nrfx_clock_uninit), (24 bytes).
    Removing nrfx_clock.o(.constdata), (45 bytes).
    Removing arm_startup_nrf52840.o(HEAP), (8192 bytes).
    Removing system_nrf52840.o(.rev16_text), (4 bytes).
    Removing system_nrf52840.o(.revsh_text), (4 bytes).
    Removing system_nrf52840.o(.rrx_text), (6 bytes).

353 unused section(s) (total 989775 bytes) removed from the image.

==============================================================================

Image Symbol Table

    Local Symbols

    Symbol Name                              Value     Ov Type        Size  Object(Section)

    RESET                                    0x00000000   Section      512  arm_startup_nrf52840.o(RESET)
    ../clib/microlib/init/entry.s            0x00000000   Number         0  entry11a.o ABSOLUTE
    ../clib/microlib/init/entry.s            0x00000000   Number         0  entry10b.o ABSOLUTE
    ../clib/microlib/init/entry.s            0x00000000   Number         0  entry7a.o ABSOLUTE
    ../clib/microlib/init/entry.s            0x00000000   Number         0  entry10a.o ABSOLUTE
    ../clib/microlib/init/entry.s            0x00000000   Number         0  entry11b.o ABSOLUTE
    ../clib/microlib/init/entry.s            0x00000000   Number         0  entry9b.o ABSOLUTE
    ../clib/microlib/init/entry.s            0x00000000   Number         0  entry9a.o ABSOLUTE
    ../clib/microlib/init/entry.s            0x00000000   Number         0  entry8b.o ABSOLUTE
    ../clib/microlib/init/entry.s            0x00000000   Number         0  entry8a.o ABSOLUTE
    ../clib/microlib/init/entry.s            0x00000000   Number         0  entry7b.o ABSOLUTE
    ../clib/microlib/init/entry.s            0x00000000   Number         0  entry5.o ABSOLUTE
    ../clib/microlib/init/entry.s            0x00000000   Number         0  entry2.o ABSOLUTE
    ../clib/microlib/init/entry.s            0x00000000   Number         0  entry.o ABSOLUTE
    ../clib/microlib/longlong.c              0x00000000   Number         0  llshl.o ABSOLUTE
    ../clib/microlib/string/memcpy.c         0x00000000   Number         0  memcpyb.o ABSOLUTE
    ../clib/microlib/string/memcpy.c         0x00000000   Number         0  memcpya.o ABSOLUTE
    ../clib/microlib/string/memset.c         0x00000000   Number         0  memseta.o ABSOLUTE
    ../clib/microlib/string/strlen.c         0x00000000   Number         0  strlen.o ABSOLUTE
    ..\..\app\datetime\datetime.c            0x00000000   Number         0  datetime.o ABSOLUTE
    ..\..\app\font\font.c                    0x00000000   Number         0  font.o ABSOLUTE
    ..\..\app\image\img.c                    0x00000000   Number         0  img.o ABSOLUTE
    ..\..\app\key\key.c                      0x00000000   Number         0  key.o ABSOLUTE
    ..\..\app\lcd\lcd.c                      0x00000000   Number         0  lcd.o ABSOLUTE
    ..\..\app\main.c                         0x00000000   Number         0  main.o ABSOLUTE
    ..\..\components\boards\boards.c         0x00000000   Number         0  boards.o ABSOLUTE
    ..\..\components\libraries\button\app_button.c 0x00000000   Number         0  app_button.o ABSOLUTE
    ..\..\components\libraries\fifo\app_fifo.c 0x00000000   Number         0  app_fifo.o ABSOLUTE
    ..\..\components\libraries\gpiote\app_gpiote.c 0x00000000   Number         0  app_gpiote.o ABSOLUTE
    ..\..\components\libraries\strerror\nrf_strerror.c 0x00000000   Number         0  nrf_strerror.o ABSOLUTE
    ..\..\components\libraries\timer\app_timer.c 0x00000000   Number         0  app_timer.o ABSOLUTE
    ..\..\components\libraries\uart\app_uart_fifo.c 0x00000000   Number         0  app_uart_fifo.o ABSOLUTE
    ..\..\components\libraries\uart\retarget.c 0x00000000   Number         0  retarget.o ABSOLUTE
    ..\..\components\libraries\util\app_error.c 0x00000000   Number         0  app_error.o ABSOLUTE
    ..\..\components\libraries\util\app_error_handler_keil.c 0x00000000   Number         0  app_error_handler_keil.o ABSOLUTE
    ..\..\components\libraries\util\app_error_weak.c 0x00000000   Number         0  app_error_weak.o ABSOLUTE
    ..\..\components\libraries\util\app_util_platform.c 0x00000000   Number         0  app_util_platform.o ABSOLUTE
    ..\..\components\libraries\util\nrf_assert.c 0x00000000   Number         0  nrf_assert.o ABSOLUTE
    ..\..\integration\nrfx\legacy\nrf_drv_clock.c 0x00000000   Number         0  nrf_drv_clock.o ABSOLUTE
    ..\..\integration\nrfx\legacy\nrf_drv_uart.c 0x00000000   Number         0  nrf_drv_uart.o ABSOLUTE
    ..\..\modules\nrfx\drivers\src\nrfx_clock.c 0x00000000   Number         0  nrfx_clock.o ABSOLUTE
    ..\..\modules\nrfx\drivers\src\nrfx_gpiote.c 0x00000000   Number         0  nrfx_gpiote.o ABSOLUTE
    ..\..\modules\nrfx\drivers\src\nrfx_timer.c 0x00000000   Number         0  nrfx_timer.o ABSOLUTE
    ..\..\modules\nrfx\drivers\src\nrfx_uart.c 0x00000000   Number         0  nrfx_uart.o ABSOLUTE
    ..\..\modules\nrfx\drivers\src\nrfx_uarte.c 0x00000000   Number         0  nrfx_uarte.o ABSOLUTE
    ..\..\modules\nrfx\drivers\src\prs\nrfx_prs.c 0x00000000   Number         0  nrfx_prs.o ABSOLUTE
    ..\..\modules\nrfx\hal\nrf_nvmc.c        0x00000000   Number         0  nrf_nvmc.o ABSOLUTE
    ..\\..\\app\\datetime\\datetime.c        0x00000000   Number         0  datetime.o ABSOLUTE
    ..\\..\\app\\image\\img.c                0x00000000   Number         0  img.o ABSOLUTE
    ..\\..\\app\\key\\key.c                  0x00000000   Number         0  key.o ABSOLUTE
    ..\\..\\app\\lcd\\lcd.c                  0x00000000   Number         0  lcd.o ABSOLUTE
    ..\\..\\app\\main.c                      0x00000000   Number         0  main.o ABSOLUTE
    ..\\..\\components\\boards\\boards.c     0x00000000   Number         0  boards.o ABSOLUTE
    ..\\..\\components\\libraries\\button\\app_button.c 0x00000000   Number         0  app_button.o ABSOLUTE
    ..\\..\\components\\libraries\\fifo\\app_fifo.c 0x00000000   Number         0  app_fifo.o ABSOLUTE
    ..\\..\\components\\libraries\\gpiote\\app_gpiote.c 0x00000000   Number         0  app_gpiote.o ABSOLUTE
    ..\\..\\components\\libraries\\strerror\\nrf_strerror.c 0x00000000   Number         0  nrf_strerror.o ABSOLUTE
    ..\\..\\components\\libraries\\timer\\app_timer.c 0x00000000   Number         0  app_timer.o ABSOLUTE
    ..\\..\\components\\libraries\\uart\\app_uart_fifo.c 0x00000000   Number         0  app_uart_fifo.o ABSOLUTE
    ..\\..\\components\\libraries\\uart\\retarget.c 0x00000000   Number         0  retarget.o ABSOLUTE
    ..\\..\\components\\libraries\\util\\app_error.c 0x00000000   Number         0  app_error.o ABSOLUTE
    ..\\..\\components\\libraries\\util\\app_error_handler_keil.c 0x00000000   Number         0  app_error_handler_keil.o ABSOLUTE
    ..\\..\\components\\libraries\\util\\app_error_weak.c 0x00000000   Number         0  app_error_weak.o ABSOLUTE
    ..\\..\\components\\libraries\\util\\app_util_platform.c 0x00000000   Number         0  app_util_platform.o ABSOLUTE
    ..\\..\\components\\libraries\\util\\nrf_assert.c 0x00000000   Number         0  nrf_assert.o ABSOLUTE
    ..\\..\\integration\\nrfx\\legacy\\nrf_drv_clock.c 0x00000000   Number         0  nrf_drv_clock.o ABSOLUTE
    ..\\..\\integration\\nrfx\\legacy\\nrf_drv_uart.c 0x00000000   Number         0  nrf_drv_uart.o ABSOLUTE
    ..\\..\\modules\\nrfx\\drivers\\src\\nrfx_clock.c 0x00000000   Number         0  nrfx_clock.o ABSOLUTE
    ..\\..\\modules\\nrfx\\drivers\\src\\nrfx_gpiote.c 0x00000000   Number         0  nrfx_gpiote.o ABSOLUTE
    ..\\..\\modules\\nrfx\\drivers\\src\\nrfx_timer.c 0x00000000   Number         0  nrfx_timer.o ABSOLUTE
    ..\\..\\modules\\nrfx\\drivers\\src\\nrfx_uart.c 0x00000000   Number         0  nrfx_uart.o ABSOLUTE
    ..\\..\\modules\\nrfx\\drivers\\src\\nrfx_uarte.c 0x00000000   Number         0  nrfx_uarte.o ABSOLUTE
    ..\\..\\modules\\nrfx\\drivers\\src\\prs\\nrfx_prs.c 0x00000000   Number         0  nrfx_prs.o ABSOLUTE
    ..\\..\\modules\\nrfx\\hal\\nrf_nvmc.c   0x00000000   Number         0  nrf_nvmc.o ABSOLUTE
    RTE\Device\nRF52840_xxAA\arm_startup_nrf52840.s 0x00000000   Number         0  arm_startup_nrf52840.o ABSOLUTE
    RTE\Device\nRF52840_xxAA\system_nrf52840.c 0x00000000   Number         0  system_nrf52840.o ABSOLUTE
    RTE\\Device\\nRF52840_xxAA\\system_nrf52840.c 0x00000000   Number         0  system_nrf52840.o ABSOLUTE
    dc.s                                     0x00000000   Number         0  dc.o ABSOLUTE
    handlers.s                               0x00000000   Number         0  handlers.o ABSOLUTE
    init.s                                   0x00000000   Number         0  init.o ABSOLUTE
    .ARM.Collect$$$$00000000                 0x00000200   Section        0  entry.o(.ARM.Collect$$$$00000000)
    .ARM.Collect$$$$00000001                 0x00000200   Section        4  entry2.o(.ARM.Collect$$$$00000001)
    .ARM.Collect$$$$00000004                 0x00000204   Section        4  entry5.o(.ARM.Collect$$$$00000004)
    .ARM.Collect$$$$00000008                 0x00000208   Section        0  entry7b.o(.ARM.Collect$$$$00000008)
    .ARM.Collect$$$$0000000A                 0x00000208   Section        0  entry8b.o(.ARM.Collect$$$$0000000A)
    .ARM.Collect$$$$0000000B                 0x00000208   Section        8  entry9a.o(.ARM.Collect$$$$0000000B)
    .ARM.Collect$$$$0000000D                 0x00000210   Section        0  entry10a.o(.ARM.Collect$$$$0000000D)
    .ARM.Collect$$$$0000000F                 0x00000210   Section        0  entry11a.o(.ARM.Collect$$$$0000000F)
    .ARM.Collect$$$$00002712                 0x00000210   Section        4  entry2.o(.ARM.Collect$$$$00002712)
    __lit__00000000                          0x00000210   Data           4  entry2.o(.ARM.Collect$$$$00002712)
    .text                                    0x00000214   Section       36  arm_startup_nrf52840.o(.text)
    $v0                                      0x00000214   Number         0  arm_startup_nrf52840.o(.text)
    .text                                    0x00000238   Section        0  llshl.o(.text)
    .text                                    0x00000258   Section       36  init.o(.text)
    i.BlockWrite                             0x0000027c   Section        0  lcd.o(i.BlockWrite)
    i.Delay                                  0x000002ce   Section        0  lcd.o(i.Delay)
    i.GPIOTE_IRQHandler                      0x000002e4   Section        0  nrfx_gpiote.o(i.GPIOTE_IRQHandler)
    i.LCD_Clear                              0x00000510   Section        0  lcd.o(i.LCD_Clear)
    i.LCD_Init                               0x00000576   Section        0  lcd.o(i.LCD_Init)
    i.NVIC_ClearPendingIRQ                   0x0000078c   Section        0  app_timer.o(i.NVIC_ClearPendingIRQ)
    NVIC_ClearPendingIRQ                     0x0000078d   Thumb Code    18  app_timer.o(i.NVIC_ClearPendingIRQ)
    i.NVIC_EnableIRQ                         0x000007a4   Section        0  app_timer.o(i.NVIC_EnableIRQ)
    NVIC_EnableIRQ                           0x000007a5   Thumb Code    22  app_timer.o(i.NVIC_EnableIRQ)
    i.NVIC_SetPendingIRQ                     0x000007bc   Section        0  app_timer.o(i.NVIC_SetPendingIRQ)
    NVIC_SetPendingIRQ                       0x000007bd   Thumb Code    18  app_timer.o(i.NVIC_SetPendingIRQ)
    i.NVIC_SetPriority                       0x000007d4   Section        0  app_timer.o(i.NVIC_SetPriority)
    NVIC_SetPriority                         0x000007d5   Thumb Code    32  app_timer.o(i.NVIC_SetPriority)
    i.POWER_CLOCK_IRQHandler                 0x000007fc   Section        0  nrfx_clock.o(i.POWER_CLOCK_IRQHandler)
    i.RTC1_IRQHandler                        0x00000850   Section        0  app_timer.o(i.RTC1_IRQHandler)
    i.SWI0_EGU0_IRQHandler                   0x00000884   Section        0  app_timer.o(i.SWI0_EGU0_IRQHandler)
    i.SystemCoreClockUpdate                  0x0000088c   Section        0  system_nrf52840.o(i.SystemCoreClockUpdate)
    i.SystemInit                             0x0000089c   Section        0  system_nrf52840.o(i.SystemInit)
    i.TIMER0_IRQHandler                      0x00000acc   Section        0  nrfx_timer.o(i.TIMER0_IRQHandler)
    i.UARTE0_UART0_IRQHandler                0x00000ae4   Section        0  nrfx_prs.o(i.UARTE0_UART0_IRQHandler)
    i.WriteComm                              0x00000af4   Section        0  lcd.o(i.WriteComm)
    i.WriteData                              0x00000b24   Section        0  lcd.o(i.WriteData)
    i.Write_Data                             0x00000b54   Section        0  lcd.o(i.Write_Data)
    i.__scatterload_copy                     0x00000b84   Section       14  handlers.o(i.__scatterload_copy)
    i.__scatterload_null                     0x00000b92   Section        2  handlers.o(i.__scatterload_null)
    i.__scatterload_zeroinit                 0x00000b94   Section       14  handlers.o(i.__scatterload_zeroinit)
    i.app_button_enable                      0x00000ba4   Section        0  app_button.o(i.app_button_enable)
    i.app_button_init                        0x00000bd0   Section        0  app_button.o(i.app_button_init)
    i.app_error_fault_handler                0x00000c80   Section        0  app_error_weak.o(i.app_error_fault_handler)
    i.app_error_handler_bare                 0x00000cdc   Section        0  app_error.o(i.app_error_handler_bare)
    i.app_timer_create                       0x00000cf8   Section        0  app_timer.o(i.app_timer_create)
    i.app_timer_init                         0x00000d34   Section        0  app_timer.o(i.app_timer_init)
    i.app_timer_start                        0x00000d90   Section        0  app_timer.o(i.app_timer_start)
    i.app_timer_stop                         0x00000de4   Section        0  app_timer.o(i.app_timer_stop)
    i.app_util_critical_region_enter         0x00000e14   Section        0  app_util_platform.o(i.app_util_critical_region_enter)
    i.app_util_critical_region_exit          0x00000e1e   Section        0  app_util_platform.o(i.app_util_critical_region_exit)
    i.app_util_disable_irq                   0x00000e28   Section        0  app_util_platform.o(i.app_util_disable_irq)
    i.app_util_enable_irq                    0x00000e3c   Section        0  app_util_platform.o(i.app_util_enable_irq)
    i.button_handler                         0x00000e54   Section        0  key.o(i.button_handler)
    button_handler                           0x00000e55   Thumb Code    60  key.o(i.button_handler)
    i.channel_free                           0x00000e94   Section        0  nrfx_gpiote.o(i.channel_free)
    channel_free                             0x00000e95   Thumb Code    26  nrfx_gpiote.o(i.channel_free)
    i.channel_handler_get                    0x00000eb4   Section        0  nrfx_gpiote.o(i.channel_handler_get)
    channel_handler_get                      0x00000eb5   Thumb Code    10  nrfx_gpiote.o(i.channel_handler_get)
    i.channel_port_alloc                     0x00000ec4   Section        0  nrfx_gpiote.o(i.channel_port_alloc)
    channel_port_alloc                       0x00000ec5   Thumb Code   122  nrfx_gpiote.o(i.channel_port_alloc)
    i.channel_port_get                       0x00000f44   Section        0  nrfx_gpiote.o(i.channel_port_get)
    channel_port_get                         0x00000f45   Thumb Code     8  nrfx_gpiote.o(i.channel_port_get)
    i.clock_clk_started_notify               0x00000f50   Section        0  nrf_drv_clock.o(i.clock_clk_started_notify)
    clock_clk_started_notify                 0x00000f51   Thumb Code    42  nrf_drv_clock.o(i.clock_clk_started_notify)
    i.clock_irq_handler                      0x00000f80   Section        0  nrf_drv_clock.o(i.clock_irq_handler)
    clock_irq_handler                        0x00000f81   Thumb Code    34  nrf_drv_clock.o(i.clock_irq_handler)
    i.compare_reg_update                     0x00000fa8   Section        0  app_timer.o(i.compare_reg_update)
    compare_reg_update                       0x00000fa9   Thumb Code   132  app_timer.o(i.compare_reg_update)
    i.detection_delay_timeout_handler        0x00001038   Section        0  app_button.o(i.detection_delay_timeout_handler)
    detection_delay_timeout_handler          0x00001039   Thumb Code   210  app_button.o(i.detection_delay_timeout_handler)
    i.elapsed_ticks_acquire                  0x0000111c   Section        0  app_timer.o(i.elapsed_ticks_acquire)
    elapsed_ticks_acquire                    0x0000111d   Thumb Code    82  app_timer.o(i.elapsed_ticks_acquire)
    i.errata_103                             0x00001180   Section        0  system_nrf52840.o(i.errata_103)
    errata_103                               0x00001181   Thumb Code    24  system_nrf52840.o(i.errata_103)
    i.errata_115                             0x0000119c   Section        0  system_nrf52840.o(i.errata_115)
    errata_115                               0x0000119d   Thumb Code    24  system_nrf52840.o(i.errata_115)
    i.errata_120                             0x000011b8   Section        0  system_nrf52840.o(i.errata_120)
    errata_120                               0x000011b9   Thumb Code    24  system_nrf52840.o(i.errata_120)
    i.errata_136                             0x000011d4   Section        0  system_nrf52840.o(i.errata_136)
    errata_136                               0x000011d5   Thumb Code    50  system_nrf52840.o(i.errata_136)
    i.errata_36                              0x0000120c   Section        0  system_nrf52840.o(i.errata_36)
    errata_36                                0x0000120d   Thumb Code    50  system_nrf52840.o(i.errata_36)
    i.errata_66                              0x00001244   Section        0  system_nrf52840.o(i.errata_66)
    errata_66                                0x00001245   Thumb Code    50  system_nrf52840.o(i.errata_66)
    i.errata_98                              0x0000127c   Section        0  system_nrf52840.o(i.errata_98)
    errata_98                                0x0000127d   Thumb Code    24  system_nrf52840.o(i.errata_98)
    i.expired_timers_handler                 0x00001298   Section        0  app_timer.o(i.expired_timers_handler)
    expired_timers_handler                   0x00001299   Thumb Code    84  app_timer.o(i.expired_timers_handler)
    i.gpio_output_voltage_setup_3v3          0x000012f0   Section        0  main.o(i.gpio_output_voltage_setup_3v3)
    gpio_output_voltage_setup_3v3            0x000012f1   Thumb Code   124  main.o(i.gpio_output_voltage_setup_3v3)
    i.gpiote_event_handler                   0x00001380   Section        0  app_button.o(i.gpiote_event_handler)
    gpiote_event_handler                     0x00001381   Thumb Code   148  app_button.o(i.gpiote_event_handler)
    i.irq_handler                            0x00001424   Section        0  nrfx_timer.o(i.irq_handler)
    irq_handler                              0x00001425   Thumb Code    92  nrfx_timer.o(i.irq_handler)
    i.item_dequeue                           0x00001480   Section        0  nrf_drv_clock.o(i.item_dequeue)
    item_dequeue                             0x00001481   Thumb Code    12  nrf_drv_clock.o(i.item_dequeue)
    i.item_enqueue                           0x0000148c   Section        0  nrf_drv_clock.o(i.item_enqueue)
    item_enqueue                             0x0000148d   Thumb Code    34  nrf_drv_clock.o(i.item_enqueue)
    i.key_event_handler                      0x000014ae   Section        0  key.o(i.key_event_handler)
    key_event_handler                        0x000014af   Thumb Code   308  key.o(i.key_event_handler)
    i.key_init                               0x000015e4   Section        0  key.o(i.key_init)
    i.list_insertions_handler                0x00001664   Section        0  app_timer.o(i.list_insertions_handler)
    list_insertions_handler                  0x00001665   Thumb Code   294  app_timer.o(i.list_insertions_handler)
    i.long_press_timer_handler               0x000017a0   Section        0  key.o(i.long_press_timer_handler)
    long_press_timer_handler                 0x000017a1   Thumb Code    14  key.o(i.long_press_timer_handler)
    i.main                                   0x000017ae   Section        0  main.o(i.main)
    i.nrf_bitmask_bit_is_set                 0x000017ec   Section        0  nrfx_gpiote.o(i.nrf_bitmask_bit_is_set)
    nrf_bitmask_bit_is_set                   0x000017ed   Thumb Code    22  nrfx_gpiote.o(i.nrf_bitmask_bit_is_set)
    i.nrf_bitmask_bit_set                    0x00001802   Section        0  nrfx_gpiote.o(i.nrf_bitmask_bit_set)
    nrf_bitmask_bit_set                      0x00001803   Thumb Code    22  nrfx_gpiote.o(i.nrf_bitmask_bit_set)
    i.nrf_clock_event_check                  0x00001818   Section        0  nrfx_clock.o(i.nrf_clock_event_check)
    nrf_clock_event_check                    0x00001819   Thumb Code    18  nrfx_clock.o(i.nrf_clock_event_check)
    i.nrf_clock_event_clear                  0x0000182a   Section        0  nrfx_clock.o(i.nrf_clock_event_clear)
    nrf_clock_event_clear                    0x0000182b   Thumb Code    18  nrfx_clock.o(i.nrf_clock_event_clear)
    i.nrf_clock_int_disable                  0x0000183c   Section        0  nrfx_clock.o(i.nrf_clock_int_disable)
    nrf_clock_int_disable                    0x0000183d   Thumb Code     6  nrfx_clock.o(i.nrf_clock_int_disable)
    i.nrf_clock_int_enable                   0x00001848   Section        0  nrfx_clock.o(i.nrf_clock_int_enable)
    nrf_clock_int_enable                     0x00001849   Thumb Code     6  nrfx_clock.o(i.nrf_clock_int_enable)
    i.nrf_clock_task_trigger                 0x00001854   Section        0  nrfx_clock.o(i.nrf_clock_task_trigger)
    nrf_clock_task_trigger                   0x00001855   Thumb Code     8  nrfx_clock.o(i.nrf_clock_task_trigger)
    i.nrf_drv_clock_init                     0x0000185c   Section        0  nrf_drv_clock.o(i.nrf_drv_clock_init)
    i.nrf_drv_clock_lfclk_request            0x00001894   Section        0  nrf_drv_clock.o(i.nrf_drv_clock_lfclk_request)
    i.nrf_gpio_cfg                           0x000018f0   Section        0  nrfx_gpiote.o(i.nrf_gpio_cfg)
    nrf_gpio_cfg                             0x000018f1   Thumb Code    52  nrfx_gpiote.o(i.nrf_gpio_cfg)
    i.nrf_gpio_cfg_output                    0x00001924   Section        0  main.o(i.nrf_gpio_cfg_output)
    nrf_gpio_cfg_output                      0x00001925   Thumb Code    60  main.o(i.nrf_gpio_cfg_output)
    i.nrf_gpio_cfg_output                    0x00001960   Section        0  lcd.o(i.nrf_gpio_cfg_output)
    nrf_gpio_cfg_output                      0x00001961   Thumb Code    60  lcd.o(i.nrf_gpio_cfg_output)
    i.nrf_gpio_cfg_sense_set                 0x0000199c   Section        0  nrfx_gpiote.o(i.nrf_gpio_cfg_sense_set)
    nrf_gpio_cfg_sense_set                   0x0000199d   Thumb Code    58  nrfx_gpiote.o(i.nrf_gpio_cfg_sense_set)
    i.nrf_gpio_pin_clear                     0x000019d6   Section        0  lcd.o(i.nrf_gpio_pin_clear)
    nrf_gpio_pin_clear                       0x000019d7   Thumb Code    26  lcd.o(i.nrf_gpio_pin_clear)
    i.nrf_gpio_pin_clear                     0x000019f0   Section        0  key.o(i.nrf_gpio_pin_clear)
    nrf_gpio_pin_clear                       0x000019f1   Thumb Code    26  key.o(i.nrf_gpio_pin_clear)
    i.nrf_gpio_pin_port_decode               0x00001a0c   Section        0  main.o(i.nrf_gpio_pin_port_decode)
    nrf_gpio_pin_port_decode                 0x00001a0d   Thumb Code    26  main.o(i.nrf_gpio_pin_port_decode)
    i.nrf_gpio_pin_port_decode               0x00001a2c   Section        0  lcd.o(i.nrf_gpio_pin_port_decode)
    nrf_gpio_pin_port_decode                 0x00001a2d   Thumb Code    26  lcd.o(i.nrf_gpio_pin_port_decode)
    i.nrf_gpio_pin_port_decode               0x00001a4c   Section        0  key.o(i.nrf_gpio_pin_port_decode)
    nrf_gpio_pin_port_decode                 0x00001a4d   Thumb Code    26  key.o(i.nrf_gpio_pin_port_decode)
    i.nrf_gpio_pin_port_decode               0x00001a6c   Section        0  nrfx_gpiote.o(i.nrf_gpio_pin_port_decode)
    nrf_gpio_pin_port_decode                 0x00001a6d   Thumb Code    26  nrfx_gpiote.o(i.nrf_gpio_pin_port_decode)
    i.nrf_gpio_pin_read                      0x00001a8c   Section        0  nrfx_gpiote.o(i.nrf_gpio_pin_read)
    nrf_gpio_pin_read                        0x00001a8d   Thumb Code    26  nrfx_gpiote.o(i.nrf_gpio_pin_read)
    i.nrf_gpio_pin_set                       0x00001aa6   Section        0  main.o(i.nrf_gpio_pin_set)
    nrf_gpio_pin_set                         0x00001aa7   Thumb Code    26  main.o(i.nrf_gpio_pin_set)
    i.nrf_gpio_pin_set                       0x00001ac0   Section        0  lcd.o(i.nrf_gpio_pin_set)
    nrf_gpio_pin_set                         0x00001ac1   Thumb Code    26  lcd.o(i.nrf_gpio_pin_set)
    i.nrf_gpio_pin_set                       0x00001ada   Section        0  key.o(i.nrf_gpio_pin_set)
    nrf_gpio_pin_set                         0x00001adb   Thumb Code    26  key.o(i.nrf_gpio_pin_set)
    i.nrf_gpio_ports_read                    0x00001af4   Section        0  nrfx_gpiote.o(i.nrf_gpio_ports_read)
    nrf_gpio_ports_read                      0x00001af5   Thumb Code    38  nrfx_gpiote.o(i.nrf_gpio_ports_read)
    i.nrf_gpio_range_cfg_output              0x00001b20   Section        0  lcd.o(i.nrf_gpio_range_cfg_output)
    nrf_gpio_range_cfg_output                0x00001b21   Thumb Code    22  lcd.o(i.nrf_gpio_range_cfg_output)
    i.nrf_gpiote_event_addr_get              0x00001b38   Section        0  nrfx_gpiote.o(i.nrf_gpiote_event_addr_get)
    nrf_gpiote_event_addr_get                0x00001b39   Thumb Code     8  nrfx_gpiote.o(i.nrf_gpiote_event_addr_get)
    i.nrf_gpiote_event_clear                 0x00001b44   Section        0  nrfx_gpiote.o(i.nrf_gpiote_event_clear)
    nrf_gpiote_event_clear                   0x00001b45   Thumb Code    28  nrfx_gpiote.o(i.nrf_gpiote_event_clear)
    i.nrf_gpiote_event_is_set                0x00001b60   Section        0  nrfx_gpiote.o(i.nrf_gpiote_event_is_set)
    nrf_gpiote_event_is_set                  0x00001b61   Thumb Code    22  nrfx_gpiote.o(i.nrf_gpiote_event_is_set)
    i.nrf_gpiote_int_enable                  0x00001b78   Section        0  nrfx_gpiote.o(i.nrf_gpiote_int_enable)
    nrf_gpiote_int_enable                    0x00001b79   Thumb Code     6  nrfx_gpiote.o(i.nrf_gpiote_int_enable)
    i.nrf_timer_compare_event_get            0x00001b84   Section        0  nrfx_timer.o(i.nrf_timer_compare_event_get)
    nrf_timer_compare_event_get              0x00001b85   Thumb Code    14  nrfx_timer.o(i.nrf_timer_compare_event_get)
    i.nrf_timer_compare_int_get              0x00001b92   Section        0  nrfx_timer.o(i.nrf_timer_compare_int_get)
    nrf_timer_compare_int_get                0x00001b93   Thumb Code    10  nrfx_timer.o(i.nrf_timer_compare_int_get)
    i.nrf_timer_event_clear                  0x00001b9c   Section        0  nrfx_timer.o(i.nrf_timer_event_clear)
    nrf_timer_event_clear                    0x00001b9d   Thumb Code    14  nrfx_timer.o(i.nrf_timer_event_clear)
    i.nrfx_clock_enable                      0x00001bac   Section        0  nrfx_clock.o(i.nrfx_clock_enable)
    i.nrfx_clock_init                        0x00001bc0   Section        0  nrfx_clock.o(i.nrfx_clock_init)
    i.nrfx_clock_lfclk_start                 0x00001be4   Section        0  nrfx_clock.o(i.nrfx_clock_lfclk_start)
    i.nrfx_coredep_delay_us                  0x00001bfc   Section        0  app_timer.o(i.nrfx_coredep_delay_us)
    nrfx_coredep_delay_us                    0x00001bfd   Thumb Code    20  app_timer.o(i.nrfx_coredep_delay_us)
    i.nrfx_gpiote_in_event_enable            0x00001c14   Section        0  nrfx_gpiote.o(i.nrfx_gpiote_in_event_enable)
    i.nrfx_gpiote_in_init                    0x00001cc0   Section        0  nrfx_gpiote.o(i.nrfx_gpiote_in_init)
    i.nrfx_gpiote_in_is_set                  0x00001db8   Section        0  nrfx_gpiote.o(i.nrfx_gpiote_in_is_set)
    i.nrfx_gpiote_init                       0x00001dcc   Section        0  nrfx_gpiote.o(i.nrfx_gpiote_init)
    i.nrfx_gpiote_is_init                    0x00001e90   Section        0  nrfx_gpiote.o(i.nrfx_gpiote_is_init)
    i.nrfx_power_clock_irq_init              0x00001ea4   Section        0  nrfx_clock.o(i.nrfx_power_clock_irq_init)
    nrfx_power_clock_irq_init                0x00001ea5   Thumb Code   140  nrfx_clock.o(i.nrfx_power_clock_irq_init)
    i.pin_configured_set                     0x00001f3c   Section        0  nrfx_gpiote.o(i.pin_configured_set)
    pin_configured_set                       0x00001f3d   Thumb Code    14  nrfx_gpiote.o(i.pin_configured_set)
    i.pin_in_use_by_gpiote                   0x00001f50   Section        0  nrfx_gpiote.o(i.pin_in_use_by_gpiote)
    pin_in_use_by_gpiote                     0x00001f51   Thumb Code    22  nrfx_gpiote.o(i.pin_in_use_by_gpiote)
    i.pin_in_use_by_port                     0x00001f6c   Section        0  nrfx_gpiote.o(i.pin_in_use_by_port)
    pin_in_use_by_port                       0x00001f6d   Thumb Code    18  nrfx_gpiote.o(i.pin_in_use_by_port)
    i.pin_in_use_by_te                       0x00001f84   Section        0  nrfx_gpiote.o(i.pin_in_use_by_te)
    pin_in_use_by_te                         0x00001f85   Thumb Code    26  nrfx_gpiote.o(i.pin_in_use_by_te)
    i.pin_in_use_clear                       0x00001fa4   Section        0  nrfx_gpiote.o(i.pin_in_use_clear)
    pin_in_use_clear                         0x00001fa5   Thumb Code     8  nrfx_gpiote.o(i.pin_in_use_clear)
    i.power_manage                           0x00001fb0   Section        0  main.o(i.power_manage)
    power_manage                             0x00001fb1   Thumb Code     8  main.o(i.power_manage)
    i.rtc1_compare0_set                      0x00001fb8   Section        0  app_timer.o(i.rtc1_compare0_set)
    rtc1_compare0_set                        0x00001fb9   Thumb Code     6  app_timer.o(i.rtc1_compare0_set)
    i.rtc1_counter_get                       0x00001fc4   Section        0  app_timer.o(i.rtc1_counter_get)
    rtc1_counter_get                         0x00001fc5   Thumb Code     6  app_timer.o(i.rtc1_counter_get)
    i.rtc1_init                              0x00001fd0   Section        0  app_timer.o(i.rtc1_init)
    rtc1_init                                0x00001fd1   Thumb Code    18  app_timer.o(i.rtc1_init)
    i.rtc1_start                             0x00001fe8   Section        0  app_timer.o(i.rtc1_start)
    rtc1_start                               0x00001fe9   Thumb Code    48  app_timer.o(i.rtc1_start)
    i.rtc1_stop                              0x00002024   Section        0  app_timer.o(i.rtc1_stop)
    rtc1_stop                                0x00002025   Thumb Code    68  app_timer.o(i.rtc1_stop)
    i.system_init                            0x0000207c   Section        0  main.o(i.system_init)
    i.ticks_diff_get                         0x000020aa   Section        0  app_timer.o(i.ticks_diff_get)
    ticks_diff_get                           0x000020ab   Thumb Code    10  app_timer.o(i.ticks_diff_get)
    i.timeout_handler_exec                   0x000020b4   Section        0  app_timer.o(i.timeout_handler_exec)
    timeout_handler_exec                     0x000020b5   Thumb Code    12  app_timer.o(i.timeout_handler_exec)
    i.timer_list_handler                     0x000020c0   Section        0  app_timer.o(i.timer_list_handler)
    timer_list_handler                       0x000020c1   Thumb Code    68  app_timer.o(i.timer_list_handler)
    i.timer_list_handler_sched               0x00002110   Section        0  app_timer.o(i.timer_list_handler_sched)
    timer_list_handler_sched                 0x00002111   Thumb Code    10  app_timer.o(i.timer_list_handler_sched)
    i.timer_list_insert                      0x0000211c   Section        0  app_timer.o(i.timer_list_insert)
    timer_list_insert                        0x0000211d   Thumb Code    98  app_timer.o(i.timer_list_insert)
    i.timer_list_remove                      0x00002184   Section        0  app_timer.o(i.timer_list_remove)
    timer_list_remove                        0x00002185   Thumb Code   118  app_timer.o(i.timer_list_remove)
    i.timer_start_op_schedule                0x0000220c   Section        0  app_timer.o(i.timer_start_op_schedule)
    timer_start_op_schedule                  0x0000220d   Thumb Code    88  app_timer.o(i.timer_start_op_schedule)
    i.timer_stop_op_schedule                 0x00002264   Section        0  app_timer.o(i.timer_stop_op_schedule)
    timer_stop_op_schedule                   0x00002265   Thumb Code    56  app_timer.o(i.timer_stop_op_schedule)
    i.timer_timeouts_check                   0x0000229c   Section        0  app_timer.o(i.timer_timeouts_check)
    timer_timeouts_check                     0x0000229d   Thumb Code   130  app_timer.o(i.timer_timeouts_check)
    i.timer_timeouts_check_sched             0x00002334   Section        0  app_timer.o(i.timer_timeouts_check_sched)
    timer_timeouts_check_sched               0x00002335   Thumb Code    10  app_timer.o(i.timer_timeouts_check_sched)
    i.user_op_alloc                          0x00002340   Section        0  app_timer.o(i.user_op_alloc)
    user_op_alloc                            0x00002341   Thumb Code    56  app_timer.o(i.user_op_alloc)
    i.user_op_enque                          0x0000237c   Section        0  app_timer.o(i.user_op_enque)
    user_op_enque                            0x0000237d   Thumb Code     6  app_timer.o(i.user_op_enque)
    .constdata                               0x00002388   Section        7  app_button.o(.constdata)
    m_detection_delay_timer_id               0x00002388   Data           4  app_button.o(.constdata)
    .constdata                               0x00002390   Section        6  app_timer.o(.constdata)
    delay_bytecode                           0x00002390   Data           6  app_timer.o(.constdata)
    .constdata                               0x00002398   Section        4  key.o(.constdata)
    g_long_press_timer_id                    0x00002398   Data           4  key.o(.constdata)
    .constdata                               0x0000239c   Section       66  nrfx_gpiote.o(.constdata)
    __func__                                 0x000023a4   Data          17  nrfx_gpiote.o(.constdata)
    __func__                                 0x000023b5   Data          21  nrfx_gpiote.o(.constdata)
    __func__                                 0x000023ca   Data          20  nrfx_gpiote.o(.constdata)
    .data                                    0x20000000   Section        4  app_util_platform.o(.data)
    m_in_critical_region                     0x20000000   Data           4  app_util_platform.o(.data)
    .data                                    0x20000008   Section       32  app_button.o(.data)
    mp_buttons                               0x20000008   Data           4  app_button.o(.data)
    m_button_count                           0x2000000c   Data           1  app_button.o(.data)
    m_detection_delay                        0x20000010   Data           4  app_button.o(.data)
    m_pin_state                              0x20000018   Data           8  app_button.o(.data)
    m_pin_transition                         0x20000020   Data           8  app_button.o(.data)
    .data                                    0x20000028   Section       20  app_timer.o(.data)
    mp_timer_id_head                         0x20000028   Data           4  app_timer.o(.data)
    m_ticks_latest                           0x2000002c   Data           4  app_timer.o(.data)
    m_ticks_elapsed                          0x20000030   Data           8  app_timer.o(.data)
    m_ticks_elapsed_q_read_ind               0x20000038   Data           1  app_timer.o(.data)
    m_ticks_elapsed_q_write_ind              0x20000039   Data           1  app_timer.o(.data)
    m_rtc1_running                           0x2000003a   Data           1  app_timer.o(.data)
    m_rtc1_reset                             0x2000003b   Data           1  app_timer.o(.data)
    .data                                    0x2000003c   Section       13  lcd.o(.data)
    .data                                    0x2000004c   Section       32  key.o(.data)
    .data                                    0x2000006c   Section        8  nrfx_prs.o(.data)
    m_prs_box_4                              0x2000006c   Data           8  nrfx_prs.o(.data)
    .data                                    0x20000074   Section        8  nrfx_clock.o(.data)
    m_clock_cb                               0x20000074   Data           8  nrfx_clock.o(.data)
    .data                                    0x2000007c   Section        4  system_nrf52840.o(.data)
    __tagsym$$used                           0x2000007c   Number         0  system_nrf52840.o(.data)
    .bss                                     0x20000080   Section       32  app_button.o(.bss)
    m_detection_delay_timer_id_data          0x20000080   Data          32  app_button.o(.bss)
    .bss                                     0x200000a0   Section      268  app_timer.o(.bss)
    m_op_queue                               0x200000a0   Data         268  app_timer.o(.bss)
    .bss                                     0x200001ac   Section       32  key.o(.bss)
    g_long_press_timer_id_data               0x200001ac   Data          32  key.o(.bss)
    .bss                                     0x200001cc   Section       12  nrfx_timer.o(.bss)
    m_cb                                     0x200001cc   Data          12  nrfx_timer.o(.bss)
    .bss                                     0x200001d8   Section      108  nrfx_gpiote.o(.bss)
    m_cb                                     0x200001d8   Data         108  nrfx_gpiote.o(.bss)
    .bss                                     0x20000244   Section       20  nrf_drv_clock.o(.bss)
    m_clock_cb                               0x20000244   Data          20  nrf_drv_clock.o(.bss)
    STACK                                    0x20000258   Section     8192  arm_startup_nrf52840.o(STACK)

    Global Symbols

    Symbol Name                              Value     Ov Type        Size  Object(Section)

    BuildAttributes$$THM_ISAv4$E$P$D$K$B$S$7EM$VFPi3$EXTD16$VFPS$VFMA$PE$A:L22UL41UL21$X:L11$S22US41US21$IEEE1$IW$USESV6$~STKCKD$USESV7$~SHL$OSPACE$EBA8$MICROLIB$REQ8$PRES8$EABIv2 0x00000000   Number         0  anon$$obj.o ABSOLUTE
    __ARM_use_no_argv                        0x00000000   Number         0  main.o ABSOLUTE
    __Vectors                                0x00000000   Data           4  arm_startup_nrf52840.o(RESET)
    __cpp_initialize__aeabi_                  - Undefined Weak Reference
    __cxa_finalize                            - Undefined Weak Reference
    __decompress                              - Undefined Weak Reference
    _clock_init                               - Undefined Weak Reference
    _microlib_exit                            - Undefined Weak Reference
    __Vectors_End                            0x00000200   Data           0  arm_startup_nrf52840.o(RESET)
    __Vectors_Size                           0x00000200   Number         0  arm_startup_nrf52840.o ABSOLUTE
    __main                                   0x00000201   Thumb Code     0  entry.o(.ARM.Collect$$$$00000000)
    _main_stk                                0x00000201   Thumb Code     0  entry2.o(.ARM.Collect$$$$00000001)
    _main_scatterload                        0x00000205   Thumb Code     0  entry5.o(.ARM.Collect$$$$00000004)
    __main_after_scatterload                 0x00000209   Thumb Code     0  entry5.o(.ARM.Collect$$$$00000004)
    _main_clock                              0x00000209   Thumb Code     0  entry7b.o(.ARM.Collect$$$$00000008)
    _main_cpp_init                           0x00000209   Thumb Code     0  entry8b.o(.ARM.Collect$$$$0000000A)
    _main_init                               0x00000209   Thumb Code     0  entry9a.o(.ARM.Collect$$$$0000000B)
    __rt_final_cpp                           0x00000211   Thumb Code     0  entry10a.o(.ARM.Collect$$$$0000000D)
    __rt_final_exit                          0x00000211   Thumb Code     0  entry11a.o(.ARM.Collect$$$$0000000F)
    Reset_Handler                            0x00000215   Thumb Code     8  arm_startup_nrf52840.o(.text)
    NMI_Handler                              0x0000021d   Thumb Code     2  arm_startup_nrf52840.o(.text)
    HardFault_Handler                        0x0000021f   Thumb Code     2  arm_startup_nrf52840.o(.text)
    MemoryManagement_Handler                 0x00000221   Thumb Code     2  arm_startup_nrf52840.o(.text)
    BusFault_Handler                         0x00000223   Thumb Code     2  arm_startup_nrf52840.o(.text)
    UsageFault_Handler                       0x00000225   Thumb Code     2  arm_startup_nrf52840.o(.text)
    SVC_Handler                              0x00000227   Thumb Code     2  arm_startup_nrf52840.o(.text)
    DebugMon_Handler                         0x00000229   Thumb Code     2  arm_startup_nrf52840.o(.text)
    PendSV_Handler                           0x0000022b   Thumb Code     2  arm_startup_nrf52840.o(.text)
    SysTick_Handler                          0x0000022d   Thumb Code     2  arm_startup_nrf52840.o(.text)
    CCM_AAR_IRQHandler                       0x0000022f   Thumb Code     0  arm_startup_nrf52840.o(.text)
    COMP_LPCOMP_IRQHandler                   0x0000022f   Thumb Code     0  arm_startup_nrf52840.o(.text)
    CRYPTOCELL_IRQHandler                    0x0000022f   Thumb Code     0  arm_startup_nrf52840.o(.text)
    ECB_IRQHandler                           0x0000022f   Thumb Code     0  arm_startup_nrf52840.o(.text)
    FPU_IRQHandler                           0x0000022f   Thumb Code     0  arm_startup_nrf52840.o(.text)
    I2S_IRQHandler                           0x0000022f   Thumb Code     0  arm_startup_nrf52840.o(.text)
    MWU_IRQHandler                           0x0000022f   Thumb Code     0  arm_startup_nrf52840.o(.text)
    NFCT_IRQHandler                          0x0000022f   Thumb Code     0  arm_startup_nrf52840.o(.text)
    PDM_IRQHandler                           0x0000022f   Thumb Code     0  arm_startup_nrf52840.o(.text)
    PWM0_IRQHandler                          0x0000022f   Thumb Code     0  arm_startup_nrf52840.o(.text)
    PWM1_IRQHandler                          0x0000022f   Thumb Code     0  arm_startup_nrf52840.o(.text)
    PWM2_IRQHandler                          0x0000022f   Thumb Code     0  arm_startup_nrf52840.o(.text)
    PWM3_IRQHandler                          0x0000022f   Thumb Code     0  arm_startup_nrf52840.o(.text)
    QDEC_IRQHandler                          0x0000022f   Thumb Code     0  arm_startup_nrf52840.o(.text)
    QSPI_IRQHandler                          0x0000022f   Thumb Code     0  arm_startup_nrf52840.o(.text)
    RADIO_IRQHandler                         0x0000022f   Thumb Code     0  arm_startup_nrf52840.o(.text)
    RNG_IRQHandler                           0x0000022f   Thumb Code     0  arm_startup_nrf52840.o(.text)
    RTC0_IRQHandler                          0x0000022f   Thumb Code     0  arm_startup_nrf52840.o(.text)
    RTC2_IRQHandler                          0x0000022f   Thumb Code     0  arm_startup_nrf52840.o(.text)
    SAADC_IRQHandler                         0x0000022f   Thumb Code     0  arm_startup_nrf52840.o(.text)
    SPIM0_SPIS0_TWIM0_TWIS0_SPI0_TWI0_IRQHandler 0x0000022f   Thumb Code     0  arm_startup_nrf52840.o(.text)
    SPIM1_SPIS1_TWIM1_TWIS1_SPI1_TWI1_IRQHandler 0x0000022f   Thumb Code     0  arm_startup_nrf52840.o(.text)
    SPIM2_SPIS2_SPI2_IRQHandler              0x0000022f   Thumb Code     0  arm_startup_nrf52840.o(.text)
    SPIM3_IRQHandler                         0x0000022f   Thumb Code     0  arm_startup_nrf52840.o(.text)
    SWI1_EGU1_IRQHandler                     0x0000022f   Thumb Code     0  arm_startup_nrf52840.o(.text)
    SWI2_EGU2_IRQHandler                     0x0000022f   Thumb Code     0  arm_startup_nrf52840.o(.text)
    SWI3_EGU3_IRQHandler                     0x0000022f   Thumb Code     0  arm_startup_nrf52840.o(.text)
    SWI4_EGU4_IRQHandler                     0x0000022f   Thumb Code     0  arm_startup_nrf52840.o(.text)
    SWI5_EGU5_IRQHandler                     0x0000022f   Thumb Code     0  arm_startup_nrf52840.o(.text)
    TEMP_IRQHandler                          0x0000022f   Thumb Code     0  arm_startup_nrf52840.o(.text)
    TIMER1_IRQHandler                        0x0000022f   Thumb Code     0  arm_startup_nrf52840.o(.text)
    TIMER2_IRQHandler                        0x0000022f   Thumb Code     0  arm_startup_nrf52840.o(.text)
    TIMER3_IRQHandler                        0x0000022f   Thumb Code     0  arm_startup_nrf52840.o(.text)
    TIMER4_IRQHandler                        0x0000022f   Thumb Code     0  arm_startup_nrf52840.o(.text)
    UARTE1_IRQHandler                        0x0000022f   Thumb Code     0  arm_startup_nrf52840.o(.text)
    USBD_IRQHandler                          0x0000022f   Thumb Code     0  arm_startup_nrf52840.o(.text)
    WDT_IRQHandler                           0x0000022f   Thumb Code     0  arm_startup_nrf52840.o(.text)
    __aeabi_llsl                             0x00000239   Thumb Code    30  llshl.o(.text)
    _ll_shift_l                              0x00000239   Thumb Code     0  llshl.o(.text)
    __scatterload                            0x00000259   Thumb Code    28  init.o(.text)
    __scatterload_rt2                        0x00000259   Thumb Code     0  init.o(.text)
    BlockWrite                               0x0000027d   Thumb Code    82  lcd.o(i.BlockWrite)
    Delay                                    0x000002cf   Thumb Code    22  lcd.o(i.Delay)
    GPIOTE_IRQHandler                        0x000002e5   Thumb Code   544  nrfx_gpiote.o(i.GPIOTE_IRQHandler)
    LCD_Clear                                0x00000511   Thumb Code   102  lcd.o(i.LCD_Clear)
    LCD_Init                                 0x00000577   Thumb Code   532  lcd.o(i.LCD_Init)
    POWER_CLOCK_IRQHandler                   0x000007fd   Thumb Code    80  nrfx_clock.o(i.POWER_CLOCK_IRQHandler)
    RTC1_IRQHandler                          0x00000851   Thumb Code    44  app_timer.o(i.RTC1_IRQHandler)
    SWI0_EGU0_IRQHandler                     0x00000885   Thumb Code     8  app_timer.o(i.SWI0_EGU0_IRQHandler)
    SystemCoreClockUpdate                    0x0000088d   Thumb Code     8  system_nrf52840.o(i.SystemCoreClockUpdate)
    SystemInit                               0x0000089d   Thumb Code   494  system_nrf52840.o(i.SystemInit)
    TIMER0_IRQHandler                        0x00000acd   Thumb Code    14  nrfx_timer.o(i.TIMER0_IRQHandler)
    UARTE0_UART0_IRQHandler                  0x00000ae5   Thumb Code    10  nrfx_prs.o(i.UARTE0_UART0_IRQHandler)
    WriteComm                                0x00000af5   Thumb Code    48  lcd.o(i.WriteComm)
    WriteData                                0x00000b25   Thumb Code    48  lcd.o(i.WriteData)
    Write_Data                               0x00000b55   Thumb Code    44  lcd.o(i.Write_Data)
    __scatterload_copy                       0x00000b85   Thumb Code    14  handlers.o(i.__scatterload_copy)
    __scatterload_null                       0x00000b93   Thumb Code     2  handlers.o(i.__scatterload_null)
    __scatterload_zeroinit                   0x00000b95   Thumb Code    14  handlers.o(i.__scatterload_zeroinit)
    app_button_enable                        0x00000ba5   Thumb Code    34  app_button.o(i.app_button_enable)
    app_button_init                          0x00000bd1   Thumb Code   138  app_button.o(i.app_button_init)
    app_error_fault_handler                  0x00000c81   Thumb Code    82  app_error_weak.o(i.app_error_fault_handler)
    app_error_handler_bare                   0x00000cdd   Thumb Code    28  app_error.o(i.app_error_handler_bare)
    app_timer_create                         0x00000cf9   Thumb Code    56  app_timer.o(i.app_timer_create)
    app_timer_init                           0x00000d35   Thumb Code    70  app_timer.o(i.app_timer_init)
    app_timer_start                          0x00000d91   Thumb Code    78  app_timer.o(i.app_timer_start)
    app_timer_stop                           0x00000de5   Thumb Code    44  app_timer.o(i.app_timer_stop)
    app_util_critical_region_enter           0x00000e15   Thumb Code    10  app_util_platform.o(i.app_util_critical_region_enter)
    app_util_critical_region_exit            0x00000e1f   Thumb Code    10  app_util_platform.o(i.app_util_critical_region_exit)
    app_util_disable_irq                     0x00000e29   Thumb Code    14  app_util_platform.o(i.app_util_disable_irq)
    app_util_enable_irq                      0x00000e3d   Thumb Code    20  app_util_platform.o(i.app_util_enable_irq)
    key_init                                 0x000015e5   Thumb Code   114  key.o(i.key_init)
    main                                     0x000017af   Thumb Code    62  main.o(i.main)
    nrf_drv_clock_init                       0x0000185d   Thumb Code    48  nrf_drv_clock.o(i.nrf_drv_clock_init)
    nrf_drv_clock_lfclk_request              0x00001895   Thumb Code    88  nrf_drv_clock.o(i.nrf_drv_clock_lfclk_request)
    nrfx_clock_enable                        0x00001bad   Thumb Code    16  nrfx_clock.o(i.nrfx_clock_enable)
    nrfx_clock_init                          0x00001bc1   Thumb Code    30  nrfx_clock.o(i.nrfx_clock_init)
    nrfx_clock_lfclk_start                   0x00001be5   Thumb Code    24  nrfx_clock.o(i.nrfx_clock_lfclk_start)
    nrfx_gpiote_in_event_enable              0x00001c15   Thumb Code   164  nrfx_gpiote.o(i.nrfx_gpiote_in_event_enable)
    nrfx_gpiote_in_init                      0x00001cc1   Thumb Code   236  nrfx_gpiote.o(i.nrfx_gpiote_in_init)
    nrfx_gpiote_in_is_set                    0x00001db9   Thumb Code    20  nrfx_gpiote.o(i.nrfx_gpiote_in_is_set)
    nrfx_gpiote_init                         0x00001dcd   Thumb Code   180  nrfx_gpiote.o(i.nrfx_gpiote_init)
    nrfx_gpiote_is_init                      0x00001e91   Thumb Code    16  nrfx_gpiote.o(i.nrfx_gpiote_is_init)
    system_init                              0x0000207d   Thumb Code    46  main.o(i.system_init)
    Region$$Table$$Base                      0x000023e0   Number         0  anon$$obj.o(Region$$Table)
    Region$$Table$$Limit                     0x00002400   Number         0  anon$$obj.o(Region$$Table)
    m_db_list                                0x2000003c   Data           8  lcd.o(.data)
    POINT_COLOR                              0x20000044   Data           2  lcd.o(.data)
    BACK_COLOR                               0x20000046   Data           2  lcd.o(.data)
    system_font                              0x20000048   Data           1  lcd.o(.data)
    p_button                                 0x2000004c   Data          32  key.o(.data)
    SystemCoreClock                          0x2000007c   Data           4  system_nrf52840.o(.data)
    __initial_sp                             0x20002258   Data           0  arm_startup_nrf52840.o(STACK)



==============================================================================

Memory Map of the image

  Image Entry point : 0x00000201

  Load Region LR_IROM1 (Base: 0x00000000, Size: 0x00002480, Max: 0x00100000, ABSOLUTE)

    Execution Region ER_IROM1 (Base: 0x00000000, Size: 0x00002400, Max: 0x00100000, ABSOLUTE)

    Base Addr    Size         Type   Attr      Idx    E Section Name        Object

    0x00000000   0x00000200   Data   RO         3096    RESET               arm_startup_nrf52840.o
    0x00000200   0x00000000   Code   RO         3172  * .ARM.Collect$$$$00000000  mc_w.l(entry.o)
    0x00000200   0x00000004   Code   RO         3185    .ARM.Collect$$$$00000001  mc_w.l(entry2.o)
    0x00000204   0x00000004   Code   RO         3188    .ARM.Collect$$$$00000004  mc_w.l(entry5.o)
    0x00000208   0x00000000   Code   RO         3190    .ARM.Collect$$$$00000008  mc_w.l(entry7b.o)
    0x00000208   0x00000000   Code   RO         3192    .ARM.Collect$$$$0000000A  mc_w.l(entry8b.o)
    0x00000208   0x00000008   Code   RO         3193    .ARM.Collect$$$$0000000B  mc_w.l(entry9a.o)
    0x00000210   0x00000000   Code   RO         3195    .ARM.Collect$$$$0000000D  mc_w.l(entry10a.o)
    0x00000210   0x00000000   Code   RO         3197    .ARM.Collect$$$$0000000F  mc_w.l(entry11a.o)
    0x00000210   0x00000004   Code   RO         3186    .ARM.Collect$$$$00002712  mc_w.l(entry2.o)
    0x00000214   0x00000024   Code   RO         3097    .text               arm_startup_nrf52840.o
    0x00000238   0x0000001e   Code   RO         3175    .text               mc_w.l(llshl.o)
    0x00000256   0x00000002   PAD
    0x00000258   0x00000024   Code   RO         3199    .text               mc_w.l(init.o)
    0x0000027c   0x00000052   Code   RO         1296    i.BlockWrite        lcd.o
    0x000002ce   0x00000016   Code   RO         1297    i.Delay             lcd.o
    0x000002e4   0x0000022c   Code   RO         2485    i.GPIOTE_IRQHandler  nrfx_gpiote.o
    0x00000510   0x00000066   Code   RO         1301    i.LCD_Clear         lcd.o
    0x00000576   0x00000214   Code   RO         1308    i.LCD_Init          lcd.o
    0x0000078a   0x00000002   PAD
    0x0000078c   0x00000018   Code   RO          954    i.NVIC_ClearPendingIRQ  app_timer.o
    0x000007a4   0x00000016   Code   RO          955    i.NVIC_EnableIRQ    app_timer.o
    0x000007ba   0x00000002   PAD
    0x000007bc   0x00000018   Code   RO          956    i.NVIC_SetPendingIRQ  app_timer.o
    0x000007d4   0x00000028   Code   RO          957    i.NVIC_SetPriority  app_timer.o
    0x000007fc   0x00000054   Code   RO         2952    i.POWER_CLOCK_IRQHandler  nrfx_clock.o
    0x00000850   0x00000034   Code   RO          958    i.RTC1_IRQHandler   app_timer.o
    0x00000884   0x00000008   Code   RO          959    i.SWI0_EGU0_IRQHandler  app_timer.o
    0x0000088c   0x00000010   Code   RO         3104    i.SystemCoreClockUpdate  system_nrf52840.o
    0x0000089c   0x00000230   Code   RO         3105    i.SystemInit        system_nrf52840.o
    0x00000acc   0x00000018   Code   RO         1791    i.TIMER0_IRQHandler  nrfx_timer.o
    0x00000ae4   0x00000010   Code   RO         2434    i.UARTE0_UART0_IRQHandler  nrfx_prs.o
    0x00000af4   0x00000030   Code   RO         1318    i.WriteComm         lcd.o
    0x00000b24   0x00000030   Code   RO         1319    i.WriteData         lcd.o
    0x00000b54   0x00000030   Code   RO         1322    i.Write_Data        lcd.o
    0x00000b84   0x0000000e   Code   RO         3203    i.__scatterload_copy  mc_w.l(handlers.o)
    0x00000b92   0x00000002   Code   RO         3204    i.__scatterload_null  mc_w.l(handlers.o)
    0x00000b94   0x0000000e   Code   RO         3205    i.__scatterload_zeroinit  mc_w.l(handlers.o)
    0x00000ba2   0x00000002   PAD
    0x00000ba4   0x0000002c   Code   RO          887    i.app_button_enable  app_button.o
    0x00000bd0   0x000000b0   Code   RO          888    i.app_button_init   app_button.o
    0x00000c80   0x0000005c   Code   RO          732    i.app_error_fault_handler  app_error_weak.o
    0x00000cdc   0x0000001c   Code   RO          398    i.app_error_handler_bare  app_error.o
    0x00000cf8   0x0000003c   Code   RO          962    i.app_timer_create  app_timer.o
    0x00000d34   0x0000005c   Code   RO          963    i.app_timer_init    app_timer.o
    0x00000d90   0x00000054   Code   RO          966    i.app_timer_start   app_timer.o
    0x00000de4   0x00000030   Code   RO          967    i.app_timer_stop    app_timer.o
    0x00000e14   0x0000000a   Code   RO          647    i.app_util_critical_region_enter  app_util_platform.o
    0x00000e1e   0x0000000a   Code   RO          648    i.app_util_critical_region_exit  app_util_platform.o
    0x00000e28   0x00000014   Code   RO          649    i.app_util_disable_irq  app_util_platform.o
    0x00000e3c   0x00000018   Code   RO          650    i.app_util_enable_irq  app_util_platform.o
    0x00000e54   0x00000040   Code   RO         1615    i.button_handler    key.o
    0x00000e94   0x00000020   Code   RO         2486    i.channel_free      nrfx_gpiote.o
    0x00000eb4   0x00000010   Code   RO         2487    i.channel_handler_get  nrfx_gpiote.o
    0x00000ec4   0x00000080   Code   RO         2488    i.channel_port_alloc  nrfx_gpiote.o
    0x00000f44   0x0000000c   Code   RO         2489    i.channel_port_get  nrfx_gpiote.o
    0x00000f50   0x00000030   Code   RO         2808    i.clock_clk_started_notify  nrf_drv_clock.o
    0x00000f80   0x00000028   Code   RO         2809    i.clock_irq_handler  nrf_drv_clock.o
    0x00000fa8   0x00000090   Code   RO          969    i.compare_reg_update  app_timer.o
    0x00001038   0x000000e4   Code   RO          890    i.detection_delay_timeout_handler  app_button.o
    0x0000111c   0x00000064   Code   RO          970    i.elapsed_ticks_acquire  app_timer.o
    0x00001180   0x0000001c   Code   RO         3106    i.errata_103        system_nrf52840.o
    0x0000119c   0x0000001c   Code   RO         3107    i.errata_115        system_nrf52840.o
    0x000011b8   0x0000001c   Code   RO         3108    i.errata_120        system_nrf52840.o
    0x000011d4   0x00000038   Code   RO         3109    i.errata_136        system_nrf52840.o
    0x0000120c   0x00000038   Code   RO         3110    i.errata_36         system_nrf52840.o
    0x00001244   0x00000038   Code   RO         3111    i.errata_66         system_nrf52840.o
    0x0000127c   0x0000001c   Code   RO         3112    i.errata_98         system_nrf52840.o
    0x00001298   0x00000058   Code   RO          971    i.expired_timers_handler  app_timer.o
    0x000012f0   0x00000090   Code   RO            4    i.gpio_output_voltage_setup_3v3  main.o
    0x00001380   0x000000a4   Code   RO          891    i.gpiote_event_handler  app_button.o
    0x00001424   0x0000005c   Code   RO         1792    i.irq_handler       nrfx_timer.o
    0x00001480   0x0000000c   Code   RO         2812    i.item_dequeue      nrf_drv_clock.o
    0x0000148c   0x00000022   Code   RO         2813    i.item_enqueue      nrf_drv_clock.o
    0x000014ae   0x00000134   Code   RO         1616    i.key_event_handler  key.o
    0x000015e2   0x00000002   PAD
    0x000015e4   0x00000080   Code   RO         1617    i.key_init          key.o
    0x00001664   0x0000013c   Code   RO          972    i.list_insertions_handler  app_timer.o
    0x000017a0   0x0000000e   Code   RO         1618    i.long_press_timer_handler  key.o
    0x000017ae   0x0000003e   Code   RO            5    i.main              main.o
    0x000017ec   0x00000016   Code   RO         2490    i.nrf_bitmask_bit_is_set  nrfx_gpiote.o
    0x00001802   0x00000016   Code   RO         2491    i.nrf_bitmask_bit_set  nrfx_gpiote.o
    0x00001818   0x00000012   Code   RO         2953    i.nrf_clock_event_check  nrfx_clock.o
    0x0000182a   0x00000012   Code   RO         2954    i.nrf_clock_event_clear  nrfx_clock.o
    0x0000183c   0x0000000c   Code   RO         2955    i.nrf_clock_int_disable  nrfx_clock.o
    0x00001848   0x0000000c   Code   RO         2956    i.nrf_clock_int_enable  nrfx_clock.o
    0x00001854   0x00000008   Code   RO         2957    i.nrf_clock_task_trigger  nrfx_clock.o
    0x0000185c   0x00000038   Code   RO         2820    i.nrf_drv_clock_init  nrf_drv_clock.o
    0x00001894   0x0000005c   Code   RO         2825    i.nrf_drv_clock_lfclk_request  nrf_drv_clock.o
    0x000018f0   0x00000034   Code   RO         2492    i.nrf_gpio_cfg      nrfx_gpiote.o
    0x00001924   0x0000003c   Code   RO            6    i.nrf_gpio_cfg_output  main.o
    0x00001960   0x0000003c   Code   RO         1323    i.nrf_gpio_cfg_output  lcd.o
    0x0000199c   0x0000003a   Code   RO         2494    i.nrf_gpio_cfg_sense_set  nrfx_gpiote.o
    0x000019d6   0x0000001a   Code   RO         1324    i.nrf_gpio_pin_clear  lcd.o
    0x000019f0   0x0000001a   Code   RO         1619    i.nrf_gpio_pin_clear  key.o
    0x00001a0a   0x00000002   PAD
    0x00001a0c   0x00000020   Code   RO            7    i.nrf_gpio_pin_port_decode  main.o
    0x00001a2c   0x00000020   Code   RO         1325    i.nrf_gpio_pin_port_decode  lcd.o
    0x00001a4c   0x00000020   Code   RO         1620    i.nrf_gpio_pin_port_decode  key.o
    0x00001a6c   0x00000020   Code   RO         2496    i.nrf_gpio_pin_port_decode  nrfx_gpiote.o
    0x00001a8c   0x0000001a   Code   RO         2497    i.nrf_gpio_pin_read  nrfx_gpiote.o
    0x00001aa6   0x0000001a   Code   RO            8    i.nrf_gpio_pin_set  main.o
    0x00001ac0   0x0000001a   Code   RO         1326    i.nrf_gpio_pin_set  lcd.o
    0x00001ada   0x0000001a   Code   RO         1621    i.nrf_gpio_pin_set  key.o
    0x00001af4   0x0000002c   Code   RO         2499    i.nrf_gpio_ports_read  nrfx_gpiote.o
    0x00001b20   0x00000016   Code   RO         1327    i.nrf_gpio_range_cfg_output  lcd.o
    0x00001b36   0x00000002   PAD
    0x00001b38   0x0000000c   Code   RO         2500    i.nrf_gpiote_event_addr_get  nrfx_gpiote.o
    0x00001b44   0x0000001c   Code   RO         2501    i.nrf_gpiote_event_clear  nrfx_gpiote.o
    0x00001b60   0x00000016   Code   RO         2502    i.nrf_gpiote_event_is_set  nrfx_gpiote.o
    0x00001b76   0x00000002   PAD
    0x00001b78   0x0000000c   Code   RO         2503    i.nrf_gpiote_int_enable  nrfx_gpiote.o
    0x00001b84   0x0000000e   Code   RO         1793    i.nrf_timer_compare_event_get  nrfx_timer.o
    0x00001b92   0x0000000a   Code   RO         1794    i.nrf_timer_compare_int_get  nrfx_timer.o
    0x00001b9c   0x0000000e   Code   RO         1795    i.nrf_timer_event_clear  nrfx_timer.o
    0x00001baa   0x00000002   PAD
    0x00001bac   0x00000014   Code   RO         2962    i.nrfx_clock_enable  nrfx_clock.o
    0x00001bc0   0x00000024   Code   RO         2965    i.nrfx_clock_init   nrfx_clock.o
    0x00001be4   0x00000018   Code   RO         2967    i.nrfx_clock_lfclk_start  nrfx_clock.o
    0x00001bfc   0x00000018   Code   RO          973    i.nrfx_coredep_delay_us  app_timer.o
    0x00001c14   0x000000ac   Code   RO         2510    i.nrfx_gpiote_in_event_enable  nrfx_gpiote.o
    0x00001cc0   0x000000f8   Code   RO         2511    i.nrfx_gpiote_in_init  nrfx_gpiote.o
    0x00001db8   0x00000014   Code   RO         2512    i.nrfx_gpiote_in_is_set  nrfx_gpiote.o
    0x00001dcc   0x000000c4   Code   RO         2514    i.nrfx_gpiote_init  nrfx_gpiote.o
    0x00001e90   0x00000014   Code   RO         2515    i.nrfx_gpiote_is_init  nrfx_gpiote.o
    0x00001ea4   0x00000098   Code   RO         2970    i.nrfx_power_clock_irq_init  nrfx_clock.o
    0x00001f3c   0x00000014   Code   RO         2531    i.pin_configured_set  nrfx_gpiote.o
    0x00001f50   0x0000001c   Code   RO         2532    i.pin_in_use_by_gpiote  nrfx_gpiote.o
    0x00001f6c   0x00000018   Code   RO         2533    i.pin_in_use_by_port  nrfx_gpiote.o
    0x00001f84   0x00000020   Code   RO         2534    i.pin_in_use_by_te  nrfx_gpiote.o
    0x00001fa4   0x0000000c   Code   RO         2535    i.pin_in_use_clear  nrfx_gpiote.o
    0x00001fb0   0x00000008   Code   RO            9    i.power_manage      main.o
    0x00001fb8   0x0000000c   Code   RO          974    i.rtc1_compare0_set  app_timer.o
    0x00001fc4   0x0000000c   Code   RO          975    i.rtc1_counter_get  app_timer.o
    0x00001fd0   0x00000018   Code   RO          976    i.rtc1_init         app_timer.o
    0x00001fe8   0x0000003c   Code   RO          977    i.rtc1_start        app_timer.o
    0x00002024   0x00000058   Code   RO          978    i.rtc1_stop         app_timer.o
    0x0000207c   0x0000002e   Code   RO           10    i.system_init       main.o
    0x000020aa   0x0000000a   Code   RO          979    i.ticks_diff_get    app_timer.o
    0x000020b4   0x0000000c   Code   RO          980    i.timeout_handler_exec  app_timer.o
    0x000020c0   0x00000050   Code   RO          981    i.timer_list_handler  app_timer.o
    0x00002110   0x0000000a   Code   RO          982    i.timer_list_handler_sched  app_timer.o
    0x0000211a   0x00000002   PAD
    0x0000211c   0x00000068   Code   RO          983    i.timer_list_insert  app_timer.o
    0x00002184   0x00000088   Code   RO          984    i.timer_list_remove  app_timer.o
    0x0000220c   0x00000058   Code   RO          985    i.timer_start_op_schedule  app_timer.o
    0x00002264   0x00000038   Code   RO          986    i.timer_stop_op_schedule  app_timer.o
    0x0000229c   0x00000098   Code   RO          987    i.timer_timeouts_check  app_timer.o
    0x00002334   0x0000000a   Code   RO          988    i.timer_timeouts_check_sched  app_timer.o
    0x0000233e   0x00000002   PAD
    0x00002340   0x0000003c   Code   RO          989    i.user_op_alloc     app_timer.o
    0x0000237c   0x0000000c   Code   RO          990    i.user_op_enque     app_timer.o
    0x00002388   0x00000007   Data   RO          893    .constdata          app_button.o
    0x0000238f   0x00000001   PAD
    0x00002390   0x00000006   Data   RO          992    .constdata          app_timer.o
    0x00002396   0x00000002   PAD
    0x00002398   0x00000004   Data   RO         1623    .constdata          key.o
    0x0000239c   0x00000042   Data   RO         2537    .constdata          nrfx_gpiote.o
    0x000023de   0x00000002   PAD
    0x000023e0   0x00000020   Data   RO         3201    Region$$Table       anon$$obj.o


    Execution Region RW_IRAM1 (Base: 0x20000000, Size: 0x00002258, Max: 0x00040000, ABSOLUTE)

    Base Addr    Size         Type   Attr      Idx    E Section Name        Object

    0x20000000   0x00000004   Data   RW          653    .data               app_util_platform.o
    0x20000004   0x00000004   PAD
    0x20000008   0x00000020   Data   RW          894    .data               app_button.o
    0x20000028   0x00000014   Data   RW          993    .data               app_timer.o
    0x2000003c   0x0000000d   Data   RW         1329    .data               lcd.o
    0x20000049   0x00000003   PAD
    0x2000004c   0x00000020   Data   RW         1624    .data               key.o
    0x2000006c   0x00000008   Data   RW         2439    .data               nrfx_prs.o
    0x20000074   0x00000008   Data   RW         2972    .data               nrfx_clock.o
    0x2000007c   0x00000004   Data   RW         3113    .data               system_nrf52840.o
    0x20000080   0x00000020   Zero   RW          892    .bss                app_button.o
    0x200000a0   0x0000010c   Zero   RW          991    .bss                app_timer.o
    0x200001ac   0x00000020   Zero   RW         1622    .bss                key.o
    0x200001cc   0x0000000c   Zero   RW         1815    .bss                nrfx_timer.o
    0x200001d8   0x0000006c   Zero   RW         2536    .bss                nrfx_gpiote.o
    0x20000244   0x00000014   Zero   RW         2827    .bss                nrf_drv_clock.o
    0x20000258   0x00002000   Zero   RW         3094    STACK               arm_startup_nrf52840.o


==============================================================================

Image component sizes


      Code (inc. data)   RO Data    RW Data    ZI Data      Debug   Object Name

       612         82          7         32         32      13270   app_button.o
        28          0          0          0          0       2297   app_error.o
        92         10          0          0          0        774   app_error_weak.o
      2052        242          6         20        268      50943   app_timer.o
         0          0          0          0          0      34744   app_uart_fifo.o
        64         10          0          4          0       2962   app_util_platform.o
        36          8        512          0       8192        876   arm_startup_nrf52840.o
       598         24          4         32         32       9506   key.o
      1048         10          0         13          0      11376   lcd.o
       378         26          0          0          0      83255   main.o
       282         24          0          0         20       9515   nrf_drv_clock.o
       384         38          0          8          0      13916   nrfx_clock.o
      1846        124         66          0        108      61367   nrfx_gpiote.o
        16          6          0          8          0       1738   nrfx_prs.o
       154         10          0          0         12      39027   nrfx_timer.o
       856        108          0          4          0       5515   system_nrf52840.o

    ----------------------------------------------------------------------
      8464        722        632        128       8664     341081   Object Totals
         0          0         32          0          0          0   (incl. Generated)
        18          0          5          7          0          0   (incl. Padding)

    ----------------------------------------------------------------------

      Code (inc. data)   RO Data    RW Data    ZI Data      Debug   Library Member Name

         0          0          0          0          0          0   entry.o
         0          0          0          0          0          0   entry10a.o
         0          0          0          0          0          0   entry11a.o
         8          4          0          0          0          0   entry2.o
         4          0          0          0          0          0   entry5.o
         0          0          0          0          0          0   entry7b.o
         0          0          0          0          0          0   entry8b.o
         8          4          0          0          0          0   entry9a.o
        30          0          0          0          0          0   handlers.o
        36          8          0          0          0         68   init.o
        30          0          0          0          0         68   llshl.o

    ----------------------------------------------------------------------
       120         16          0          0          0        136   Library Totals
         4          0          0          0          0          0   (incl. Padding)

    ----------------------------------------------------------------------

      Code (inc. data)   RO Data    RW Data    ZI Data      Debug   Library Name

       116         16          0          0          0        136   mc_w.l

    ----------------------------------------------------------------------
       120         16          0          0          0        136   Library Totals

    ----------------------------------------------------------------------

==============================================================================


      Code (inc. data)   RO Data    RW Data    ZI Data      Debug   

      8584        738        632        128       8664     329421   Grand Totals
      8584        738        632        128       8664     329421   ELF Image Totals
      8584        738        632        128          0          0   ROM Totals

==============================================================================

    Total RO  Size (Code + RO Data)                 9216 (   9.00kB)
    Total RW  Size (RW Data + ZI Data)              8792 (   8.59kB)
    Total ROM Size (Code + RO Data + RW Data)       9344 (   9.13kB)

==============================================================================

