Component: ARM Compiler 5.06 update 4 (build 422) Tool: armlink [4d35d2]

==============================================================================

Section Cross References

    main.o(i.ClearAnalogHourPic) refers to lcd.o(i.LCD_get_pic_size) for LCD_get_pic_size
    main.o(i.ClearAnalogHourPic) refers to lcd.o(i.LCD_Fill) for LCD_Fill
    main.o(i.ClearAnalogHourPic) refers to img.o(.data) for clock_hour_1_31X31
    main.o(i.ClearAnalogHourPic) refers to lcd.o(.data) for LCD_WIDTH
    main.o(i.ClearAnalogMinPic) refers to lcd.o(i.LCD_get_pic_size) for LCD_get_pic_size
    main.o(i.ClearAnalogMinPic) refers to lcd.o(i.LCD_Fill) for LCD_Fill
    main.o(i.ClearAnalogMinPic) refers to img.o(.data) for clock_min_1_31X31
    main.o(i.ClearAnalogMinPic) refers to lcd.o(.data) for LCD_WIDTH
    main.o(i.DrawAnalogHourPic) refers to lcd.o(i.LCD_get_pic_size) for LCD_get_pic_size
    main.o(i.DrawAnalogHourPic) refers to lcd.o(i.LCD_dis_pic_rotate) for LCD_dis_pic_rotate
    main.o(i.DrawAnalogHourPic) refers to main.o(.constdata) for .constdata
    main.o(i.DrawAnalogHourPic) refers to img.o(.data) for clock_hour_1_31X31
    main.o(i.DrawAnalogHourPic) refers to lcd.o(.data) for LCD_WIDTH
    main.o(i.DrawAnalogMinPic) refers to memmovea.o(.text) for __aeabi_memcpy4
    main.o(i.DrawAnalogMinPic) refers to lcd.o(i.LCD_get_pic_size) for LCD_get_pic_size
    main.o(i.DrawAnalogMinPic) refers to main.o(i.DrawAnalogHourPic) for DrawAnalogHourPic
    main.o(i.DrawAnalogMinPic) refers to lcd.o(i.LCD_dis_trans_pic_rotate) for LCD_dis_trans_pic_rotate
    main.o(i.DrawAnalogMinPic) refers to lcd.o(i.LCD_dis_pic_rotate) for LCD_dis_pic_rotate
    main.o(i.DrawAnalogMinPic) refers to main.o(.constdata) for .constdata
    main.o(i.DrawAnalogMinPic) refers to img.o(.data) for clock_min_1_31X31
    main.o(i.DrawAnalogMinPic) refers to lcd.o(.data) for LCD_WIDTH
    main.o(i.clock_timer_handler) refers to main.o(.data) for update_date_time
    main.o(i.idle_show_analog_clock) refers to memseta.o(.text) for __aeabi_memclr4
    main.o(i.idle_show_analog_clock) refers to memmovea.o(.text) for __aeabi_memcpy4
    main.o(i.idle_show_analog_clock) refers to lcd.o(i.LCD_SetFontSize) for LCD_SetFontSize
    main.o(i.idle_show_analog_clock) refers to printf6.o(i.__0sprintf$6) for __2sprintf
    main.o(i.idle_show_analog_clock) refers to strcpy.o(.text) for strcpy
    main.o(i.idle_show_analog_clock) refers to main.o(i.DrawAnalogHourPic) for DrawAnalogHourPic
    main.o(i.idle_show_analog_clock) refers to main.o(i.DrawAnalogMinPic) for DrawAnalogMinPic
    main.o(i.idle_show_analog_clock) refers to lcd.o(i.LCD_MeasureString) for LCD_MeasureString
    main.o(i.idle_show_analog_clock) refers to lcd.o(i.LCD_ShowString) for LCD_ShowString
    main.o(i.idle_show_analog_clock) refers to main.o(.constdata) for .constdata
    main.o(i.idle_show_analog_clock) refers to lcd.o(.data) for POINT_COLOR
    main.o(i.idle_show_analog_clock) refers to main.o(.data) for date_time
    main.o(i.idle_show_clock_background) refers to lcd_lh096tig11g_st7735sv.o(i.LCD_Clear) for LCD_Clear
    main.o(i.idle_show_clock_background) refers to lcd.o(i.LCD_SetFontSize) for LCD_SetFontSize
    main.o(i.idle_show_clock_background) refers to lcd.o(i.LCD_dis_pic) for LCD_dis_pic
    main.o(i.idle_show_clock_background) refers to lcd.o(i.LCD_ShowString) for LCD_ShowString
    main.o(i.idle_show_clock_background) refers to lcd.o(.data) for BACK_COLOR
    main.o(i.idle_show_clock_background) refers to main.o(.data) for clock_mode
    main.o(i.idle_show_clock_background) refers to img.o(.data) for clock_bg_80X160
    main.o(i.idle_show_digital_clock) refers to memseta.o(.text) for __aeabi_memclr4
    main.o(i.idle_show_digital_clock) refers to memmovea.o(.text) for __aeabi_memcpy4
    main.o(i.idle_show_digital_clock) refers to lcd.o(i.LCD_SetFontSize) for LCD_SetFontSize
    main.o(i.idle_show_digital_clock) refers to printf6.o(i.__0sprintf$6) for __2sprintf
    main.o(i.idle_show_digital_clock) refers to strcpy.o(.text) for strcpy
    main.o(i.idle_show_digital_clock) refers to lcd.o(i.LCD_MeasureString) for LCD_MeasureString
    main.o(i.idle_show_digital_clock) refers to lcd.o(i.LCD_ShowString) for LCD_ShowString
    main.o(i.idle_show_digital_clock) refers to main.o(.constdata) for .constdata
    main.o(i.idle_show_digital_clock) refers to lcd.o(.data) for POINT_COLOR
    main.o(i.idle_show_digital_clock) refers to main.o(.data) for date_time
    main.o(i.idle_show_time) refers to datetime.o(i.SetSystemDateTime) for SetSystemDateTime
    main.o(i.idle_show_time) refers to main.o(i.ClearAnalogMinPic) for ClearAnalogMinPic
    main.o(i.idle_show_time) refers to main.o(i.ClearAnalogHourPic) for ClearAnalogHourPic
    main.o(i.idle_show_time) refers to main.o(i.idle_show_analog_clock) for idle_show_analog_clock
    main.o(i.idle_show_time) refers to lcd_lh096tig11g_st7735sv.o(i.BlockWrite) for BlockWrite
[...]
    __tagsym$$used                           0x2001f87c   Number         0  nrfx_gpiote.o(log_filter_data)
    log_filter_data                          0x2001f880   Section        4  nrfx_clock.o(log_filter_data)
    __tagsym$$used                           0x2001f880   Number         0  nrfx_clock.o(log_filter_data)
    log_filter_data                          0x2001f884   Section        4  nrf_drv_clock.o(log_filter_data)
    __tagsym$$used                           0x2001f884   Number         0  nrf_drv_clock.o(log_filter_data)
    log_filter_data                          0x2001f888   Section        8  nrf_log_frontend.o(log_filter_data)
    __tagsym$$used                           0x2001f888   Number         0  nrf_log_frontend.o(log_filter_data)
    __tagsym$$used                           0x2001f88c   Number         0  nrf_log_frontend.o(log_filter_data)
    .bss                                     0x2001f890   Section       32  main.o(.bss)
    g_clock_timer_id_data                    0x2001f890   Data          32  main.o(.bss)
    .bss                                     0x2001f8b0   Section       32  app_button.o(.bss)
    m_detection_delay_timer_id_data          0x2001f8b0   Data          32  app_button.o(.bss)
    .bss                                     0x2001f8d0   Section      268  app_timer.o(.bss)
    m_op_queue                               0x2001f8d0   Data         268  app_timer.o(.bss)
    .bss                                     0x2001f9dc   Section       32  key.o(.bss)
    g_long_press_timer_id_data               0x2001f9dc   Data          32  key.o(.bss)
    .bss                                     0x2001f9fc   Section       12  nrfx_timer.o(.bss)
    m_cb                                     0x2001f9fc   Data          12  nrfx_timer.o(.bss)
    .bss                                     0x2001fa08   Section       44  nrfx_spi.o(.bss)
    m_cb                                     0x2001fa08   Data          44  nrfx_spi.o(.bss)
    .bss                                     0x2001fa34   Section       32  nrf_drv_spi.o(.bss)
    m_handlers                               0x2001fa34   Data          16  nrf_drv_spi.o(.bss)
    m_contexts                               0x2001fa44   Data          16  nrf_drv_spi.o(.bss)
    .bss                                     0x2001fa54   Section      108  nrfx_gpiote.o(.bss)
    m_cb                                     0x2001fa54   Data         108  nrfx_gpiote.o(.bss)
    .bss                                     0x2001fac0   Section       20  nrf_drv_clock.o(.bss)
    m_clock_cb                               0x2001fac0   Data          20  nrf_drv_clock.o(.bss)
    .bss                                     0x2001fad4   Section       64  nrf_log_backend_rtt.o(.bss)
    m_string_buff                            0x2001fad4   Data          64  nrf_log_backend_rtt.o(.bss)
    .bss                                     0x2001fb14   Section     1404  nrf_log_frontend.o(.bss)
    log_mempool_nrf_balloc_pool_mem          0x2001fb14   Data         192  nrf_log_frontend.o(.bss)
    m_log_push_ringbuf_buf                   0x2001fbd4   Data         128  nrf_log_frontend.o(.bss)
    m_log_push_ringbuf_cb                    0x2001fc54   Data          24  nrf_log_frontend.o(.bss)
    m_log_data                               0x2001fc6c   Data        1060  nrf_log_frontend.o(.bss)
    .bss                                     0x20020090   Section      648  segger_rtt.o(.bss)
    _acUpBuffer                              0x20020108   Data         512  segger_rtt.o(.bss)
    _acDownBuffer                            0x20020308   Data          16  segger_rtt.o(.bss)
    STACK                                    0x20020318   Section     8192  arm_startup_nrf52840.o(STACK)

    Global Symbols

    Symbol Name                              Value     Ov Type        Size  Object(Section)

    BuildAttributes$$THM_ISAv4$E$P$D$K$B$S$7EM$VFPi3$EXTD16$VFPS$VFMA$PE$A:L22UL41UL21$X:L11$S22US41US21$IEEE1$IW$USESV6$~STKCKD$USESV7$~SHL$OSPACE$ROPI$EBA8$MICROLIB$REQ8$EABIv2 0x00000000   Number         0  anon$$obj.o ABSOLUTE
    __ARM_use_no_argv                        0x00000000   Number         0  main.o ABSOLUTE
    __Vectors                                0x00000000   Data           4  arm_startup_nrf52840.o(RESET)
    _printf_a                                0x00000000   Number         0  stubs.o ABSOLUTE
    _printf_c                                0x00000000   Number         0  stubs.o ABSOLUTE
    _printf_charcount                        0x00000000   Number         0  stubs.o ABSOLUTE
    _printf_d                                0x00000000   Number         0  stubs.o ABSOLUTE
    _printf_e                                0x00000000   Number         0  stubs.o ABSOLUTE
    _printf_f                                0x00000000   Number         0  stubs.o ABSOLUTE
    _printf_flags                            0x00000000   Number         0  stubs.o ABSOLUTE
    _printf_fp_dec                           0x00000000   Number         0  stubs.o ABSOLUTE
    _printf_fp_hex                           0x00000000   Number         0  stubs.o ABSOLUTE
    _printf_g                                0x00000000   Number         0  stubs.o ABSOLUTE
    _printf_i                                0x00000000   Number         0  stubs.o ABSOLUTE
    _printf_int_dec                          0x00000000   Number         0  stubs.o ABSOLUTE
    _printf_l                                0x00000000   Number         0  stubs.o ABSOLUTE
    _printf_lc                               0x00000000   Number         0  stubs.o ABSOLUTE
    _printf_ll                               0x00000000   Number         0  stubs.o ABSOLUTE
    _printf_lld                              0x00000000   Number         0  stubs.o ABSOLUTE
    _printf_lli                              0x00000000   Number         0  stubs.o ABSOLUTE
    _printf_llo                              0x00000000   Number         0  stubs.o ABSOLUTE
    _printf_llu                              0x00000000   Number         0  stubs.o ABSOLUTE
    _printf_llx                              0x00000000   Number         0  stubs.o ABSOLUTE
    _printf_longlong_dec                     0x00000000   Number         0  stubs.o ABSOLUTE
    _printf_longlong_hex                     0x00000000   Number         0  stubs.o ABSOLUTE
    _printf_longlong_oct                     0x00000000   Number         0  stubs.o ABSOLUTE
    _printf_ls                               0x00000000   Number         0  stubs.o ABSOLUTE
    _printf_mbtowc                           0x00000000   Number         0  stubs.o ABSOLUTE
    _printf_n                                0x00000000   Number         0  stubs.o ABSOLUTE
    _printf_o                                0x00000000   Number         0  stubs.o ABSOLUTE
    _printf_p                                0x00000000   Number         0  stubs.o ABSOLUTE
    _printf_percent                          0x00000000   Number         0  stubs.o ABSOLUTE
    _printf_pre_padding                      0x00000000   Number         0  stubs.o ABSOLUTE
    _printf_return_value                     0x00000000   Number         0  stubs.o ABSOLUTE
    _printf_s                                0x00000000   Number         0  stubs.o ABSOLUTE
    _printf_sizespec                         0x00000000   Number         0  stubs.o ABSOLUTE
    _printf_str                              0x00000000   Number         0  stubs.o ABSOLUTE
    _printf_truncate_signed                  0x00000000   Number         0  stubs.o ABSOLUTE
    _printf_truncate_unsigned                0x00000000   Number         0  stubs.o ABSOLUTE
    _printf_u                                0x00000000   Number         0  stubs.o ABSOLUTE
    _printf_wc                               0x00000000   Number         0  stubs.o ABSOLUTE
    _printf_wctomb                           0x00000000   Number         0  stubs.o ABSOLUTE
    _printf_widthprec                        0x00000000   Number         0  stubs.o ABSOLUTE
    _printf_x                                0x00000000   Number         0  stubs.o ABSOLUTE
    __cpp_initialize__aeabi_                  - Undefined Weak Reference
    __cxa_finalize                            - Undefined Weak Reference
    _clock_init                               - Undefined Weak Reference
    _microlib_exit                            - Undefined Weak Reference
    nrf_queue$$Base                           - Undefined Reference
    nrf_queue$$Limit                          - Undefined Reference
    pwr_mgmt_data0$$Base                      - Undefined Reference
    pwr_mgmt_data0$$Limit                     - Undefined Reference
    pwr_mgmt_data1$$Base                      - Undefined Reference
    pwr_mgmt_data1$$Limit                     - Undefined Reference
    pwr_mgmt_data2$$Base                      - Undefined Reference
    pwr_mgmt_data2$$Limit                     - Undefined Reference
    __Vectors_End                            0x00000200   Data           0  arm_startup_nrf52840.o(RESET)
    __Vectors_Size                           0x00000200   Number         0  arm_startup_nrf52840.o ABSOLUTE
    __main                                   0x00000201   Thumb Code     0  entry.o(.ARM.Collect$$$$00000000)
    _main_stk                                0x00000201   Thumb Code     0  entry2.o(.ARM.Collect$$$$00000001)
    _main_scatterload                        0x00000205   Thumb Code     0  entry5.o(.ARM.Collect$$$$00000004)
    __main_after_scatterload                 0x00000209   Thumb Code     0  entry5.o(.ARM.Collect$$$$00000004)
    _main_clock                              0x00000209   Thumb Code     0  entry7b.o(.ARM.Collect$$$$00000008)
    _main_cpp_init                           0x00000209   Thumb Code     0  entry8b.o(.ARM.Collect$$$$0000000A)
    _main_init                               0x00000209   Thumb Code     0  entry9a.o(.ARM.Collect$$$$0000000B)
    __rt_final_cpp                           0x00000211   Thumb Code     0  entry10a.o(.ARM.Collect$$$$0000000D)
    __rt_final_exit                          0x00000211   Thumb Code     0  entry11a.o(.ARM.Collect$$$$0000000F)
    __asm___12_nrf_atomic_c_85ca2469__nrf_atomic_internal_mov 0x00000215   Thumb Code    24  nrf_atomic.o(.emb_text)
    __asm___12_nrf_atomic_c_85ca2469__nrf_atomic_internal_orr 0x0000022d   Thumb Code    26  nrf_atomic.o(.emb_text)
    __asm___12_nrf_atomic_c_85ca2469__nrf_atomic_internal_and 0x00000247   Thumb Code    26  nrf_atomic.o(.emb_text)
    __asm___12_nrf_atomic_c_85ca2469__nrf_atomic_internal_eor 0x00000261   Thumb Code    26  nrf_atomic.o(.emb_text)
    __asm___12_nrf_atomic_c_85ca2469__nrf_atomic_internal_add 0x0000027b   Thumb Code    26  nrf_atomic.o(.emb_text)
    __asm___12_nrf_atomic_c_85ca2469__nrf_atomic_internal_sub 0x00000295   Thumb Code    26  nrf_atomic.o(.emb_text)
    __asm___12_nrf_atomic_c_85ca2469__nrf_atomic_internal_cmp_exch 0x000002af   Thumb Code    42  nrf_atomic.o(.emb_text)
    __asm___12_nrf_atomic_c_85ca2469__nrf_atomic_internal_sub_hs 0x000002d9   Thumb Code    30  nrf_atomic.o(.emb_text)
    Reset_Handler                            0x000002f9   Thumb Code     8  arm_startup_nrf52840.o(.text)
    NMI_Handler                              0x00000301   Thumb Code     2  arm_startup_nrf52840.o(.text)
    HardFault_Handler                        0x00000303   Thumb Code     2  arm_startup_nrf52840.o(.text)
    MemoryManagement_Handler                 0x00000305   Thumb Code     2  arm_startup_nrf52840.o(.text)
    BusFault_Handler                         0x00000307   Thumb Code     2  arm_startup_nrf52840.o(.text)
    UsageFault_Handler                       0x00000309   Thumb Code     2  arm_startup_nrf52840.o(.text)
    SVC_Handler                              0x0000030b   Thumb Code     2  arm_startup_nrf52840.o(.text)
    DebugMon_Handler                         0x0000030d   Thumb Code     2  arm_startup_nrf52840.o(.text)
    PendSV_Handler                           0x0000030f   Thumb Code     2  arm_startup_nrf52840.o(.text)
    SysTick_Handler                          0x00000311   Thumb Code     2  arm_startup_nrf52840.o(.text)
    CCM_AAR_IRQHandler                       0x00000313   Thumb Code     0  arm_startup_nrf52840.o(.text)
    COMP_LPCOMP_IRQHandler                   0x00000313   Thumb Code     0  arm_startup_nrf52840.o(.text)
    CRYPTOCELL_IRQHandler                    0x00000313   Thumb Code     0  arm_startup_nrf52840.o(.text)
    ECB_IRQHandler                           0x00000313   Thumb Code     0  arm_startup_nrf52840.o(.text)
    FPU_IRQHandler                           0x00000313   Thumb Code     0  arm_startup_nrf52840.o(.text)
    I2S_IRQHandler                           0x00000313   Thumb Code     0  arm_startup_nrf52840.o(.text)
    MWU_IRQHandler                           0x00000313   Thumb Code     0  arm_startup_nrf52840.o(.text)
    NFCT_IRQHandler                          0x00000313   Thumb Code     0  arm_startup_nrf52840.o(.text)
    PDM_IRQHandler                           0x00000313   Thumb Code     0  arm_startup_nrf52840.o(.text)
    PWM0_IRQHandler                          0x00000313   Thumb Code     0  arm_startup_nrf52840.o(.text)
    PWM1_IRQHandler                          0x00000313   Thumb Code     0  arm_startup_nrf52840.o(.text)
    PWM2_IRQHandler                          0x00000313   Thumb Code     0  arm_startup_nrf52840.o(.text)
    PWM3_IRQHandler                          0x00000313   Thumb Code     0  arm_startup_nrf52840.o(.text)
    QDEC_IRQHandler                          0x00000313   Thumb Code     0  arm_startup_nrf52840.o(.text)
    QSPI_IRQHandler                          0x00000313   Thumb Code     0  arm_startup_nrf52840.o(.text)
    RADIO_IRQHandler                         0x00000313   Thumb Code     0  arm_startup_nrf52840.o(.text)
    RNG_IRQHandler                           0x00000313   Thumb Code     0  arm_startup_nrf52840.o(.text)
    RTC0_IRQHandler                          0x00000313   Thumb Code     0  arm_startup_nrf52840.o(.text)
    RTC2_IRQHandler                          0x00000313   Thumb Code     0  arm_startup_nrf52840.o(.text)
    SAADC_IRQHandler                         0x00000313   Thumb Code     0  arm_startup_nrf52840.o(.text)
    SPIM1_SPIS1_TWIM1_TWIS1_SPI1_TWI1_IRQHandler 0x00000313   Thumb Code     0  arm_startup_nrf52840.o(.text)
    SPIM2_SPIS2_SPI2_IRQHandler              0x00000313   Thumb Code     0  arm_startup_nrf52840.o(.text)
    SPIM3_IRQHandler                         0x00000313   Thumb Code     0  arm_startup_nrf52840.o(.text)
    SWI1_EGU1_IRQHandler                     0x00000313   Thumb Code     0  arm_startup_nrf52840.o(.text)
    SWI2_EGU2_IRQHandler                     0x00000313   Thumb Code     0  arm_startup_nrf52840.o(.text)
    SWI3_EGU3_IRQHandler                     0x00000313   Thumb Code     0  arm_startup_nrf52840.o(.text)
    SWI4_EGU4_IRQHandler                     0x00000313   Thumb Code     0  arm_startup_nrf52840.o(.text)
    SWI5_EGU5_IRQHandler                     0x00000313   Thumb Code     0  arm_startup_nrf52840.o(.text)
    TEMP_IRQHandler                          0x00000313   Thumb Code     0  arm_startup_nrf52840.o(.text)
    TIMER1_IRQHandler                        0x00000313   Thumb Code     0  arm_startup_nrf52840.o(.text)
    TIMER2_IRQHandler                        0x00000313   Thumb Code     0  arm_startup_nrf52840.o(.text)
    TIMER3_IRQHandler                        0x00000313   Thumb Code     0  arm_startup_nrf52840.o(.text)
    TIMER4_IRQHandler                        0x00000313   Thumb Code     0  arm_startup_nrf52840.o(.text)
    UARTE1_IRQHandler                        0x00000313   Thumb Code     0  arm_startup_nrf52840.o(.text)
    USBD_IRQHandler                          0x00000313   Thumb Code     0  arm_startup_nrf52840.o(.text)
    WDT_IRQHandler                           0x00000313   Thumb Code     0  arm_startup_nrf52840.o(.text)
    __aeabi_llsl                             0x0000031d   Thumb Code    30  llshl.o(.text)
    _ll_shift_l                              0x0000031d   Thumb Code     0  llshl.o(.text)
    __rt_ctype_table                         0x0000033d   Thumb Code     4  ctype_o.o(.text)
    ___aeabi_memcpy8$move                    0x00000345   Thumb Code     0  memmovea.o(.text)
    __aeabi_memcpy                           0x00000345   Thumb Code    64  memmovea.o(.text)
    __aeabi_memcpy4                          0x00000345   Thumb Code     0  memmovea.o(.text)
    __aeabi_memmove                          0x00000345   Thumb Code     0  memmovea.o(.text)
    __aeabi_memmove4                         0x00000345   Thumb Code     0  memmovea.o(.text)
    __aeabi_memmove8                         0x00000345   Thumb Code     0  memmovea.o(.text)
    __aeabi_memset                           0x00000385   Thumb Code    14  memseta.o(.text)
    __aeabi_memset4                          0x00000385   Thumb Code     0  memseta.o(.text)
    __aeabi_memset8                          0x00000385   Thumb Code     0  memseta.o(.text)
    __aeabi_memclr                           0x00000393   Thumb Code     4  memseta.o(.text)
    __aeabi_memclr4                          0x00000393   Thumb Code     0  memseta.o(.text)
    __aeabi_memclr8                          0x00000393   Thumb Code     0  memseta.o(.text)
    _memset$wrapper                          0x00000397   Thumb Code    18  memseta.o(.text)
    strlen                                   0x000003a9   Thumb Code    14  strlen.o(.text)
    strcmp                                   0x000003b7   Thumb Code    28  strcmp.o(.text)
    strcpy                                   0x000003d3   Thumb Code    18  strcpy.o(.text)
    strncmp                                  0x000003e5   Thumb Code    30  strncmp.o(.text)
    __aeabi_uidiv                            0x00000403   Thumb Code     0  uidiv.o(.text)
    __aeabi_uidivmod                         0x00000403   Thumb Code    44  uidiv.o(.text)
    __scatterload                            0x00000431   Thumb Code    28  init.o(.text)
    __scatterload_rt2                        0x00000431   Thumb Code     0  init.o(.text)
    __decompress                             0x00000455   Thumb Code     0  __dczerorl2.o(.text)
    __decompress1                            0x00000455   Thumb Code    86  __dczerorl2.o(.text)
    BlockWrite                               0x000004ab   Thumb Code    90  lcd_lh096tig11g_st7735sv.o(i.BlockWrite)
    CheckSystemDateTimeIsValid               0x00000505   Thumb Code   262  datetime.o(i.CheckSystemDateTimeIsValid)
    ClearAnalogHourPic                       0x0000060d   Thumb Code   230  main.o(i.ClearAnalogHourPic)
    ClearAnalogMinPic                        0x00000701   Thumb Code   190  main.o(i.ClearAnalogMinPic)
    Delay                                    0x000007cd   Thumb Code    46  lcd_lh096tig11g_st7735sv.o(i.Delay)
    DrawAnalogHourPic                        0x00000801   Thumb Code   316  main.o(i.DrawAnalogHourPic)
    DrawAnalogMinPic                         0x0000094d   Thumb Code   800  main.o(i.DrawAnalogMinPic)
    GPIOTE_IRQHandler                        0x00000c7d   Thumb Code   544  nrfx_gpiote.o(i.GPIOTE_IRQHandler)
    GetSystemDateTime                        0x00000ea9   Thumb Code   152  datetime.o(i.GetSystemDateTime)
    GetWeekDayByDate                         0x00000f41   Thumb Code    80  datetime.o(i.GetWeekDayByDate)
    LCD_Clear                                0x00000f91   Thumb Code    56  lcd_lh096tig11g_st7735sv.o(i.LCD_Clear)
    LCD_Fast_DrawPoint                       0x00000fc9   Thumb Code    28  lcd.o(i.LCD_Fast_DrawPoint)
    LCD_Fill                                 0x00000fe5   Thumb Code    72  lcd.o(i.LCD_Fill)
    LCD_Init                                 0x0000102d   Thumb Code   586  lcd_lh096tig11g_st7735sv.o(i.LCD_Init)
    LCD_MeasureString                        0x0000127d   Thumb Code    86  lcd.o(i.LCD_MeasureString)
    LCD_SetFontSize                          0x000012d9   Thumb Code    14  lcd.o(i.LCD_SetFontSize)
    LCD_ShowChar                             0x000012ed   Thumb Code   248  lcd.o(i.LCD_ShowChar)
    LCD_ShowChineseChar                      0x000013fd   Thumb Code   246  lcd.o(i.LCD_ShowChineseChar)
    LCD_ShowString                           0x0000150d   Thumb Code   122  lcd.o(i.LCD_ShowString)
    LCD_SleepIn                              0x00001595   Thumb Code    44  lcd_lh096tig11g_st7735sv.o(i.LCD_SleepIn)
    LCD_SleepOut                             0x000015c5   Thumb Code    44  lcd_lh096tig11g_st7735sv.o(i.LCD_SleepOut)
    LCD_dis_pic                              0x000015f5   Thumb Code    92  lcd.o(i.LCD_dis_pic)
    LCD_dis_pic_rotate                       0x00001651   Thumb Code   304  lcd.o(i.LCD_dis_pic_rotate)
    LCD_dis_trans_pic_rotate                 0x00001781   Thumb Code   382  lcd.o(i.LCD_dis_trans_pic_rotate)
    LCD_get_pic_size                         0x000018ff   Thumb Code    26  lcd.o(i.LCD_get_pic_size)
    POWER_CLOCK_IRQHandler                   0x00001989   Thumb Code    80  nrfx_clock.o(i.POWER_CLOCK_IRQHandler)
    RTC1_IRQHandler                          0x000019dd   Thumb Code    44  app_timer.o(i.RTC1_IRQHandler)
    SEGGER_RTT_WriteNoLock                   0x00001a11   Thumb Code   126  segger_rtt.o(i.SEGGER_RTT_WriteNoLock)
    SPIM0_SPIS0_TWIM0_TWIS0_SPI0_TWI0_IRQHandler 0x00001a95   Thumb Code    12  nrfx_spi.o(i.SPIM0_SPIS0_TWIM0_TWIS0_SPI0_TWI0_IRQHandler)
    SWI0_EGU0_IRQHandler                     0x00001aa9   Thumb Code     8  app_timer.o(i.SWI0_EGU0_IRQHandler)
    SetSystemDateTime                        0x00001ab1   Thumb Code    36  datetime.o(i.SetSystemDateTime)
    SystemCoreClockUpdate                    0x00001ad5   Thumb Code     8  system_nrf52840.o(i.SystemCoreClockUpdate)
    SystemInit                               0x00001ae5   Thumb Code   494  system_nrf52840.o(i.SystemInit)
    TIMER0_IRQHandler                        0x00001d15   Thumb Code    14  nrfx_timer.o(i.TIMER0_IRQHandler)
    UARTE0_UART0_IRQHandler                  0x00001d2d   Thumb Code    10  nrfx_prs.o(i.UARTE0_UART0_IRQHandler)
    WriteComm                                0x00001d3d   Thumb Code    18  lcd_lh096tig11g_st7735sv.o(i.WriteComm)
    WriteData                                0x00001d4f   Thumb Code    18  lcd_lh096tig11g_st7735sv.o(i.WriteData)
    WriteOneDot                              0x00001d61   Thumb Code    26  lcd_lh096tig11g_st7735sv.o(i.WriteOneDot)
    Write_Data                               0x00001d7d   Thumb Code   106  lcd_lh096tig11g_st7735sv.o(i.Write_Data)
    __0sprintf$6                             0x00001ed5   Thumb Code    34  printf6.o(i.__0sprintf$6)
    __1sprintf$6                             0x00001ed5   Thumb Code     0  printf6.o(i.__0sprintf$6)
    __2sprintf                               0x00001ed5   Thumb Code     0  printf6.o(i.__0sprintf$6)
    __scatterload_copy                       0x00001efd   Thumb Code    14  handlers.o(i.__scatterload_copy)
    __scatterload_null                       0x00001f0b   Thumb Code     2  handlers.o(i.__scatterload_null)
    __scatterload_zeroinit                   0x00001f0d   Thumb Code    14  handlers.o(i.__scatterload_zeroinit)
    app_button_enable                        0x00002269   Thumb Code    34  app_button.o(i.app_button_enable)
    app_button_init                          0x00002295   Thumb Code   138  app_button.o(i.app_button_init)
    app_error_fault_handler                  0x00002345   Thumb Code   160  app_error_weak.o(i.app_error_fault_handler)
    app_error_handler_bare                   0x00002415   Thumb Code    28  app_error.o(i.app_error_handler_bare)
    app_timer_create                         0x00002431   Thumb Code    56  app_timer.o(i.app_timer_create)
    app_timer_init                           0x0000246d   Thumb Code    70  app_timer.o(i.app_timer_init)
    app_timer_start                          0x000024c9   Thumb Code    78  app_timer.o(i.app_timer_start)
    app_timer_stop                           0x0000251d   Thumb Code    44  app_timer.o(i.app_timer_stop)
    app_util_critical_region_enter           0x0000254d   Thumb Code    10  app_util_platform.o(i.app_util_critical_region_enter)
    app_util_critical_region_exit            0x00002557   Thumb Code    10  app_util_platform.o(i.app_util_critical_region_exit)
    app_util_disable_irq                     0x00002561   Thumb Code    14  app_util_platform.o(i.app_util_disable_irq)
    app_util_enable_irq                      0x00002575   Thumb Code    20  app_util_platform.o(i.app_util_enable_irq)
    bsp_board_init                           0x00002645   Thumb Code    26  boards.o(i.bsp_board_init)
    bsp_board_led_off                        0x00002661   Thumb Code    16  boards.o(i.bsp_board_led_off)
    bsp_board_leds_off                       0x000026a5   Thumb Code    20  boards.o(i.bsp_board_leds_off)
    buffer_is_empty                          0x000027b9   Thumb Code    20  nrf_log_frontend.o(i.buffer_is_empty)
    idle_show_analog_clock                   0x00003481   Thumb Code   398  main.o(i.idle_show_analog_clock)
    idle_show_clock_background               0x0000363d   Thumb Code    56  main.o(i.idle_show_clock_background)
    idle_show_digital_clock                  0x00003689   Thumb Code   606  main.o(i.idle_show_digital_clock)
    key_init                                 0x00003ed1   Thumb Code   114  key.o(i.key_init)
    main                                     0x0000470d   Thumb Code    66  main.o(i.main)
    nrf_atomic_flag_clear_fetch              0x00004951   Thumb Code    14  nrf_atomic.o(i.nrf_atomic_flag_clear_fetch)
    nrf_atomic_flag_set                      0x0000495f   Thumb Code    14  nrf_atomic.o(i.nrf_atomic_flag_set)
    nrf_atomic_u32_add                       0x0000496d   Thumb Code    22  nrf_atomic.o(i.nrf_atomic_u32_add)
    nrf_atomic_u32_fetch_and                 0x00004983   Thumb Code    22  nrf_atomic.o(i.nrf_atomic_u32_fetch_and)
    nrf_atomic_u32_fetch_store               0x00004999   Thumb Code    22  nrf_atomic.o(i.nrf_atomic_u32_fetch_store)
    nrf_atomic_u32_or                        0x000049af   Thumb Code    22  nrf_atomic.o(i.nrf_atomic_u32_or)
    nrf_atomic_u32_sub                       0x000049c5   Thumb Code    22  nrf_atomic.o(i.nrf_atomic_u32_sub)
    nrf_balloc_alloc                         0x000049db   Thumb Code    76  nrf_balloc.o(i.nrf_balloc_alloc)
    nrf_balloc_free                          0x00004a37   Thumb Code    42  nrf_balloc.o(i.nrf_balloc_free)
    nrf_cli_cmd_cli_stats                    0x00004cc5   Thumb Code    76  nrf_cli.o(i.nrf_cli_cmd_cli_stats)
    nrf_cli_cmd_cli_stats_reset              0x00004d35   Thumb Code    56  nrf_cli.o(i.nrf_cli_cmd_cli_stats_reset)
    nrf_cli_cmd_cli_stats_show               0x00004d6d   Thumb Code    96  nrf_cli.o(i.nrf_cli_cmd_cli_stats_show)
    nrf_cli_fprintf                          0x00005199   Thumb Code    96  nrf_cli.o(i.nrf_cli_fprintf)
    nrf_cli_help_print                       0x000051f9   Thumb Code   720  nrf_cli.o(i.nrf_cli_help_print)
    nrf_drv_clock_init                       0x00005581   Thumb Code    48  nrf_drv_clock.o(i.nrf_drv_clock_init)
    nrf_drv_clock_lfclk_request              0x000055b9   Thumb Code    88  nrf_drv_clock.o(i.nrf_drv_clock_lfclk_request)
    nrf_drv_spi_init                         0x00005615   Thumb Code    58  nrf_drv_spi.o(i.nrf_drv_spi_init)
    nrf_fprintf                              0x0000565d   Thumb Code    42  nrf_fprintf.o(i.nrf_fprintf)
    nrf_fprintf_buffer_flush                 0x00005687   Thumb Code    28  nrf_fprintf.o(i.nrf_fprintf_buffer_flush)
    nrf_fprintf_fmt                          0x000056a3   Thumb Code   496  nrf_fprintf_format.o(i.nrf_fprintf_fmt)
    nrf_log_backend_serial_put               0x00005cb1   Thumb Code   242  nrf_log_backend_serial.o(i.nrf_log_backend_serial_put)
    nrf_log_color_id_get                     0x00005da5   Thumb Code    52  nrf_log_frontend.o(i.nrf_log_color_id_get)
    nrf_log_frontend_dequeue                 0x00005ddd   Thumb Code   794  nrf_log_frontend.o(i.nrf_log_frontend_dequeue)
    nrf_log_frontend_hexdump                 0x00006125   Thumb Code   230  nrf_log_frontend.o(i.nrf_log_frontend_hexdump)
    nrf_log_frontend_std_0                   0x00006211   Thumb Code    20  nrf_log_frontend.o(i.nrf_log_frontend_std_0)
    nrf_log_hexdump_entry_process            0x00006225   Thumb Code   158  nrf_log_str_formatter.o(i.nrf_log_hexdump_entry_process)
    nrf_log_module_cnt_get                   0x000062dd   Thumb Code    10  nrf_log_frontend.o(i.nrf_log_module_cnt_get)
    nrf_log_module_filter_get                0x000062f1   Thumb Code    86  nrf_log_frontend.o(i.nrf_log_module_filter_get)
    nrf_log_module_filter_set                0x00006351   Thumb Code    74  nrf_log_frontend.o(i.nrf_log_module_filter_set)
    nrf_log_module_name_get                  0x000063a5   Thumb Code    30  nrf_log_frontend.o(i.nrf_log_module_name_get)
    nrf_log_panic                            0x000063c9   Thumb Code    46  nrf_log_frontend.o(i.nrf_log_panic)
    nrf_log_std_entry_process                0x000063fd   Thumb Code   200  nrf_log_str_formatter.o(i.nrf_log_std_entry_process)
    nrf_memobj_alloc                         0x000064c5   Thumb Code   122  nrf_memobj.o(i.nrf_memobj_alloc)
    nrf_memobj_free                          0x0000653f   Thumb Code    64  nrf_memobj.o(i.nrf_memobj_free)
    nrf_memobj_get                           0x0000657f   Thumb Code    16  nrf_memobj.o(i.nrf_memobj_get)
    nrf_memobj_put                           0x0000658f   Thumb Code    30  nrf_memobj.o(i.nrf_memobj_put)
    nrf_memobj_read                          0x000065ad   Thumb Code    34  nrf_memobj.o(i.nrf_memobj_read)
    nrf_memobj_write                         0x000065cf   Thumb Code    34  nrf_memobj.o(i.nrf_memobj_write)
    nrf_nvmc_page_erase                      0x000065f1   Thumb Code    90  nrf_nvmc.o(i.nrf_nvmc_page_erase)
    nrf_nvmc_write_byte                      0x00006651   Thumb Code   124  nrf_nvmc.o(i.nrf_nvmc_write_byte)
    nrf_nvmc_write_bytes                     0x000066d1   Thumb Code    32  nrf_nvmc.o(i.nrf_nvmc_write_bytes)
    nrf_queue_generic_pop                    0x000066f1   Thumb Code   150  nrf_queue.o(i.nrf_queue_generic_pop)
    nrf_queue_is_empty                       0x00006787   Thumb Code    22  nrf_queue.o(i.nrf_queue_is_empty)
    nrf_queue_is_full                        0x0000679d   Thumb Code    32  nrf_queue.o(i.nrf_queue_is_full)
    nrf_queue_max_utilization_get            0x000067bd   Thumb Code     8  nrf_queue.o(i.nrf_queue_max_utilization_get)
    nrf_queue_max_utilization_reset          0x000067c5   Thumb Code     8  nrf_queue.o(i.nrf_queue_max_utilization_reset)
    nrf_queue_push                           0x000067dd   Thumb Code   196  nrf_queue.o(i.nrf_queue_push)
    nrf_queue_utilization_get                0x00006995   Thumb Code    28  nrf_queue.o(i.nrf_queue_utilization_get)
    nrfx_clock_enable                        0x000069f9   Thumb Code    16  nrfx_clock.o(i.nrfx_clock_enable)
    nrfx_clock_init                          0x00006a0d   Thumb Code    30  nrfx_clock.o(i.nrfx_clock_init)
    nrfx_clock_lfclk_start                   0x00006a31   Thumb Code    24  nrfx_clock.o(i.nrfx_clock_lfclk_start)
    nrfx_gpiote_in_event_enable              0x00006a69   Thumb Code   164  nrfx_gpiote.o(i.nrfx_gpiote_in_event_enable)
    nrfx_gpiote_in_init                      0x00006b15   Thumb Code   236  nrfx_gpiote.o(i.nrfx_gpiote_in_init)
    nrfx_gpiote_in_is_set                    0x00006c0d   Thumb Code    20  nrfx_gpiote.o(i.nrfx_gpiote_in_is_set)
    nrfx_gpiote_init                         0x00006c21   Thumb Code   180  nrfx_gpiote.o(i.nrfx_gpiote_init)
    nrfx_gpiote_is_init                      0x00006ce5   Thumb Code    16  nrfx_gpiote.o(i.nrfx_gpiote_is_init)
    nrfx_prs_acquire                         0x00006d91   Thumb Code    72  nrfx_prs.o(i.nrfx_prs_acquire)
    nrfx_spi_init                            0x00006dd9   Thumb Code   508  nrfx_spi.o(i.nrfx_spi_init)
    nrfx_spi_xfer                            0x00006fe9   Thumb Code   108  nrfx_spi.o(i.nrfx_spi_xfer)
    spi_event_handler                        0x00007361   Thumb Code   114  lcd_lh096tig11g_st7735sv.o(i.spi_event_handler)
    spi_init                                 0x00007449   Thumb Code    64  lcd_lh096tig11g_st7735sv.o(i.spi_init)
    system_init                              0x0000767d   Thumb Code    52  main.o(i.system_init)
    nrf_log_backend_cli_api                  0x00007d50   Data          12  nrf_cli.o(.constdata)
    nrf_cli_clear_raw                        0x00007e74   Data          16  nrf_cli.o(.constdata)
    nrf_cli_cli_raw                          0x00007e84   Data          16  nrf_cli.o(.constdata)
    nrf_cli_history_raw                      0x00007e94   Data          16  nrf_cli.o(.constdata)
    nrf_cli_resize_raw                       0x00007ea4   Data          16  nrf_cli.o(.constdata)
    nrf_cli_balloc_raw                       0x00007f40   Data          16  nrf_balloc.o(.constdata)
    nrf_cli_queue_raw                        0x00007f78   Data          16  nrf_queue.o(.constdata)
    asc2_1608                                0x00007f88   Data        1520  font.o(.constdata)
    chinese_1616                             0x00008578   Data       261696  font.o(.constdata)
    nrf_log_backend_rtt_api                  0x00048480   Data          12  nrf_log_backend_rtt.o(.constdata)
    nrf_cli_log_raw                          0x000485f4   Data          16  nrf_log_frontend.o(.constdata)
    __ctype_table                            0x00048604   Data         129  ctype_o.o(.constdata)
    Region$$Table$$Base                      0x00048e88   Number         0  anon$$obj.o(Region$$Table)
    Region$$Table$$Limit                     0x00048ea8   Number         0  anon$$obj.o(Region$$Table)
    cli_command$$Base                        0x00048ea8   Number         0  nrf_cli.o(cli_command)
    nrf_cli_clear_const                      0x00048ea8   Data           8  nrf_cli.o(cli_command)
    nrf_cli_cli_const                        0x00048eb0   Data           8  nrf_cli.o(cli_command)
    nrf_cli_history_const                    0x00048eb8   Data           8  nrf_cli.o(cli_command)
    nrf_cli_resize_const                     0x00048ec0   Data           8  nrf_cli.o(cli_command)
    nrf_cli_balloc_const                     0x00048ec8   Data           8  nrf_balloc.o(cli_command)
    nrf_cli_queue_const                      0x00048ed0   Data           8  nrf_queue.o(cli_command)
    nrf_cli_log_const                        0x00048ed8   Data           8  nrf_log_frontend.o(cli_command)
    cli_command$$Limit                       0x00048ee0   Number         0  nrf_log_frontend.o(cli_command)
    log_backends$$Base                       0x00048ee0   Number         0  nrf_log_default_backends.o(log_backends)
    log_backends$$Limit                      0x00048ef0   Number         0  nrf_log_default_backends.o(log_backends)
    log_const_data$$Base                     0x00048ef0   Number         0  nrf_pwr_mgmt.o(log_const_data)
    m_nrf_log_pwr_mgmt_logs_data_const       0x00048ef0   Data           8  nrf_pwr_mgmt.o(log_const_data)
    m_nrf_log_TIMER_logs_data_const          0x00048ef8   Data           8  nrfx_timer.o(log_const_data)
    m_nrf_log_UART_logs_data_const           0x00048f00   Data           8  nrfx_uart.o(log_const_data)
    m_nrf_log_UARTE_logs_data_const          0x00048f08   Data           8  nrfx_uarte.o(log_const_data)
    m_nrf_log_PRS_logs_data_const            0x00048f10   Data           8  nrfx_prs.o(log_const_data)
    m_nrf_log_SPI_logs_data_const            0x00048f18   Data           8  nrfx_spi.o(log_const_data)
    m_nrf_log_GPIOTE_logs_data_const         0x00048f20   Data           8  nrfx_gpiote.o(log_const_data)
    m_nrf_log_CLOCK_logs_data_const          0x00048f28   Data           8  nrfx_clock.o(log_const_data)
    m_nrf_log_clock_logs_data_const          0x00048f30   Data           8  nrf_drv_clock.o(log_const_data)
    m_nrf_log_balloc_log_mempool_logs_data_const 0x00048f38   Data           8  nrf_log_frontend.o(log_const_data)
    m_nrf_log_app_logs_data_const            0x00048f40   Data           8  nrf_log_frontend.o(log_const_data)
    log_const_data$$Limit                    0x00048f48   Number         0  nrf_log_frontend.o(log_const_data)
    log_mempool                              0x00048f48   Data          28  nrf_log_frontend.o(nrf_balloc)
    nrf_balloc$$Base                         0x00048f48   Number         0  nrf_log_frontend.o(nrf_balloc)
    nrf_balloc$$Limit                        0x00048f64   Number         0  nrf_log_frontend.o(nrf_balloc)
    lcd_sleep_in                             0x20000017   Data           1  main.o(.data)
    lcd_sleep_out                            0x20000018   Data           1  main.o(.data)
    LCD_WIDTH                                0x20000054   Data           2  lcd.o(.data)
    LCD_HEIGHT                               0x20000056   Data           2  lcd.o(.data)
    POINT_COLOR                              0x20000058   Data           2  lcd.o(.data)
    BACK_COLOR                               0x2000005a   Data           2  lcd.o(.data)
    system_font                              0x2000005c   Data           1  lcd.o(.data)
    clock_hour_1_31X31                       0x20000060   Data        3876  img.o(.data)
    clock_hour_2_31X31                       0x20000f84   Data        3876  img.o(.data)
    clock_hour_3_31X31                       0x20001ea8   Data        3876  img.o(.data)
    clock_hour_4_31X31                       0x20002dcc   Data        3876  img.o(.data)
    clock_min_1_31X31                        0x20003cf0   Data        3876  img.o(.data)
    clock_min_2_31X31                        0x20004c14   Data        3876  img.o(.data)
    clock_min_3_31X31                        0x20005b38   Data        3876  img.o(.data)
    clock_min_4_31X31                        0x20006a5c   Data        3876  img.o(.data)
    clock_min_5_31X31                        0x20007980   Data        3876  img.o(.data)
    clock_min_6_31X31                        0x200088a4   Data        3876  img.o(.data)
    clock_min_7_31X31                        0x200097c8   Data        3876  img.o(.data)
    clock_min_8_31X31                        0x2000a6ec   Data        3876  img.o(.data)
    clock_min_9_31X31                        0x2000b610   Data        3876  img.o(.data)
    clock_min_10_31X31                       0x2000c534   Data        3876  img.o(.data)
    clock_min_11_31X31                       0x2000d458   Data        3876  img.o(.data)
    clock_min_12_31X31                       0x2000e37c   Data        3876  img.o(.data)
    clock_min_13_31X31                       0x2000f2a0   Data        3876  img.o(.data)
    clock_min_14_31X31                       0x200101c4   Data        3876  img.o(.data)
    clock_min_15_31X31                       0x200110e8   Data        3876  img.o(.data)
    clock_min_16_31X31                       0x2001200c   Data        3876  img.o(.data)
    clock_bg_80X160                          0x20012f30   Data       51232  img.o(.data)
    lcd_is_sleeping                          0x2001f761   Data           1  lcd_lh096tig11g_st7735sv.o(.data)
    p_button                                 0x2001f764   Data          32  key.o(.data)
    SystemCoreClock                          0x2001f818   Data           4  system_nrf52840.o(.data)
    clear_str_ptr                            0x2001f81c   Data           4  nrf_cli.o(cli_sorted_cmd_ptrs)
    cli_sorted_cmd_ptrs$$Base                0x2001f81c   Number         0  nrf_cli.o(cli_sorted_cmd_ptrs)
    cli_str_ptr                              0x2001f820   Data           4  nrf_cli.o(cli_sorted_cmd_ptrs)
    history_str_ptr                          0x2001f824   Data           4  nrf_cli.o(cli_sorted_cmd_ptrs)
    resize_str_ptr                           0x2001f828   Data           4  nrf_cli.o(cli_sorted_cmd_ptrs)
    balloc_str_ptr                           0x2001f82c   Data           4  nrf_balloc.o(cli_sorted_cmd_ptrs)
    queue_str_ptr                            0x2001f830   Data           4  nrf_queue.o(cli_sorted_cmd_ptrs)
    log_str_ptr                              0x2001f834   Data           4  nrf_log_frontend.o(cli_sorted_cmd_ptrs)
    log_dynamic_data$$Base                   0x2001f838   Number         0  nrf_pwr_mgmt.o(log_dynamic_data)
    m_nrf_log_pwr_mgmt_logs_data_dynamic     0x2001f838   Data           4  nrf_pwr_mgmt.o(log_dynamic_data)
    m_nrf_log_TIMER_logs_data_dynamic        0x2001f83c   Data           4  nrfx_timer.o(log_dynamic_data)
    m_nrf_log_UART_logs_data_dynamic         0x2001f840   Data           4  nrfx_uart.o(log_dynamic_data)
    m_nrf_log_UARTE_logs_data_dynamic        0x2001f844   Data           4  nrfx_uarte.o(log_dynamic_data)
    m_nrf_log_PRS_logs_data_dynamic          0x2001f848   Data           4  nrfx_prs.o(log_dynamic_data)
    m_nrf_log_SPI_logs_data_dynamic          0x2001f84c   Data           4  nrfx_spi.o(log_dynamic_data)
    m_nrf_log_GPIOTE_logs_data_dynamic       0x2001f850   Data           4  nrfx_gpiote.o(log_dynamic_data)
    m_nrf_log_CLOCK_logs_data_dynamic        0x2001f854   Data           4  nrfx_clock.o(log_dynamic_data)
    m_nrf_log_clock_logs_data_dynamic        0x2001f858   Data           4  nrf_drv_clock.o(log_dynamic_data)
    m_nrf_log_balloc_log_mempool_logs_data_dynamic 0x2001f85c   Data           4  nrf_log_frontend.o(log_dynamic_data)
    m_nrf_log_app_logs_data_dynamic          0x2001f860   Data           4  nrf_log_frontend.o(log_dynamic_data)
    log_filter_data$$Base                    0x2001f864   Number         0  nrf_pwr_mgmt.o(log_filter_data)
    m_nrf_log_pwr_mgmt_logs_data_filter      0x2001f864   Data           4  nrf_pwr_mgmt.o(log_filter_data)
    m_nrf_log_TIMER_logs_data_filter         0x2001f868   Data           4  nrfx_timer.o(log_filter_data)
    m_nrf_log_UART_logs_data_filter          0x2001f86c   Data           4  nrfx_uart.o(log_filter_data)
    m_nrf_log_UARTE_logs_data_filter         0x2001f870   Data           4  nrfx_uarte.o(log_filter_data)
    m_nrf_log_PRS_logs_data_filter           0x2001f874   Data           4  nrfx_prs.o(log_filter_data)
    m_nrf_log_SPI_logs_data_filter           0x2001f878   Data           4  nrfx_spi.o(log_filter_data)
    m_nrf_log_GPIOTE_logs_data_filter        0x2001f87c   Data           4  nrfx_gpiote.o(log_filter_data)
    m_nrf_log_CLOCK_logs_data_filter         0x2001f880   Data           4  nrfx_clock.o(log_filter_data)
    m_nrf_log_clock_logs_data_filter         0x2001f884   Data           4  nrf_drv_clock.o(log_filter_data)
    m_nrf_log_balloc_log_mempool_logs_data_filter 0x2001f888   Data           4  nrf_log_frontend.o(log_filter_data)
    m_nrf_log_app_logs_data_filter           0x2001f88c   Data           4  nrf_log_frontend.o(log_filter_data)
    _SEGGER_RTT                              0x20020090   Data         120  segger_rtt.o(.bss)
    __initial_sp                             0x20022318   Data           0  arm_startup_nrf52840.o(STACK)



==============================================================================

Memory Map of the image

  Image Entry point : 0x00000201

  Load Region LR_IROM1 (Base: 0x00000000, Size: 0x000687f4, Max: 0x00100000, ABSOLUTE, COMPRESSED[0x0004a95c])

    Execution Region ER_IROM1 (Base: 0x00000000, Size: 0x00048f64, Max: 0x00100000, ABSOLUTE)

    Base Addr    Size         Type   Attr      Idx    E Section Name        Object

    0x00000000   0x00000200   Data   RO         5448    RESET               arm_startup_nrf52840.o
    0x00000200   0x00000000   Code   RO         5524  * .ARM.Collect$$$$00000000  mc_w.l(entry.o)
    0x00000200   0x00000004   Code   RO         5838    .ARM.Collect$$$$00000001  mc_w.l(entry2.o)
    0x00000204   0x00000004   Code   RO         5841    .ARM.Collect$$$$00000004  mc_w.l(entry5.o)
    0x00000208   0x00000000   Code   RO         5843    .ARM.Collect$$$$00000008  mc_w.l(entry7b.o)
    0x00000208   0x00000000   Code   RO         5845    .ARM.Collect$$$$0000000A  mc_w.l(entry8b.o)
    0x00000208   0x00000008   Code   RO         5846    .ARM.Collect$$$$0000000B  mc_w.l(entry9a.o)
    0x00000210   0x00000000   Code   RO         5848    .ARM.Collect$$$$0000000D  mc_w.l(entry10a.o)
    0x00000210   0x00000000   Code   RO         5850    .ARM.Collect$$$$0000000F  mc_w.l(entry11a.o)
    0x00000210   0x00000004   Code   RO         5839    .ARM.Collect$$$$00002712  mc_w.l(entry2.o)
    0x00000214   0x000000e2   Code   RO         1368    .emb_text           nrf_atomic.o
    0x000002f6   0x00000002   PAD
    0x000002f8   0x00000024   Code   RO         5449    .text               arm_startup_nrf52840.o
    0x0000031c   0x0000001e   Code   RO         5527    .text               mc_w.l(llshl.o)
    0x0000033a   0x00000002   PAD
    0x0000033c   0x00000008   Code   RO         5529    .text               mc_w.l(ctype_o.o)
    0x00000344   0x00000040   Code   RO         5561    .text               mc_w.l(memmovea.o)
    0x00000384   0x00000024   Code   RO         5563    .text               mc_w.l(memseta.o)
    0x000003a8   0x0000000e   Code   RO         5565    .text               mc_w.l(strlen.o)
    0x000003b6   0x0000001c   Code   RO         5567    .text               mc_w.l(strcmp.o)
    0x000003d2   0x00000012   Code   RO         5569    .text               mc_w.l(strcpy.o)
    0x000003e4   0x0000001e   Code   RO         5571    .text               mc_w.l(strncmp.o)
    0x00000402   0x0000002c   Code   RO         5852    .text               mc_w.l(uidiv.o)
    0x0000042e   0x00000002   PAD
    0x00000430   0x00000024   Code   RO         5867    .text               mc_w.l(init.o)
    0x00000454   0x00000056   Code   RO         5883    .text               mc_w.l(__dczerorl2.o)
    0x000004aa   0x0000005a   Code   RO         2796    i.BlockWrite        lcd_lh096tig11g_st7735sv.o
    0x00000504   0x00000106   Code   RO         2703    i.CheckSystemDateTimeIsValid  datetime.o
    0x0000060a   0x00000002   PAD
    0x0000060c   0x000000f4   Code   RO            4    i.ClearAnalogHourPic  main.o
    0x00000700   0x000000cc   Code   RO            5    i.ClearAnalogMinPic  main.o
    0x000007cc   0x00000034   Code   RO         2797    i.Delay             lcd_lh096tig11g_st7735sv.o
    0x00000800   0x0000014c   Code   RO            6    i.DrawAnalogHourPic  main.o
    0x0000094c   0x00000330   Code   RO            7    i.DrawAnalogMinPic  main.o
    0x00000c7c   0x0000022c   Code   RO         4028    i.GPIOTE_IRQHandler  nrfx_gpiote.o
    0x00000ea8   0x00000098   Code   RO         2704    i.GetSystemDateTime  datetime.o
    0x00000f40   0x00000050   Code   RO         2705    i.GetWeekDayByDate  datetime.o
    0x00000f90   0x00000038   Code   RO         2802    i.LCD_Clear         lcd_lh096tig11g_st7735sv.o
    0x00000fc8   0x0000001c   Code   RO         2553    i.LCD_Fast_DrawPoint  lcd.o
    0x00000fe4   0x00000048   Code   RO         2554    i.LCD_Fill          lcd.o
    0x0000102c   0x00000250   Code   RO         2803    i.LCD_Init          lcd_lh096tig11g_st7735sv.o
    0x0000127c   0x0000005c   Code   RO         2555    i.LCD_MeasureString  lcd.o
    0x000012d8   0x00000014   Code   RO         2557    i.LCD_SetFontSize   lcd.o
    0x000012ec   0x00000110   Code   RO         2558    i.LCD_ShowChar      lcd.o
    0x000013fc   0x00000110   Code   RO         2559    i.LCD_ShowChineseChar  lcd.o
    0x0000150c   0x00000088   Code   RO         2561    i.LCD_ShowString    lcd.o
    0x00001594   0x00000030   Code   RO         2804    i.LCD_SleepIn       lcd_lh096tig11g_st7735sv.o
    0x000015c4   0x00000030   Code   RO         2805    i.LCD_SleepOut      lcd_lh096tig11g_st7735sv.o
    0x000015f4   0x0000005c   Code   RO         2564    i.LCD_dis_pic       lcd.o
    0x00001650   0x00000130   Code   RO         2565    i.LCD_dis_pic_rotate  lcd.o
    0x00001780   0x0000017e   Code   RO         2567    i.LCD_dis_trans_pic_rotate  lcd.o
    0x000018fe   0x0000001a   Code   RO         2568    i.LCD_get_pic_size  lcd.o
    0x00001918   0x00000018   Code   RO          926    i.NVIC_ClearPendingIRQ  app_timer.o
    0x00001930   0x00000016   Code   RO          927    i.NVIC_EnableIRQ    app_timer.o
    0x00001946   0x00000002   PAD
    0x00001948   0x00000018   Code   RO          928    i.NVIC_SetPendingIRQ  app_timer.o
    0x00001960   0x00000028   Code   RO          929    i.NVIC_SetPriority  app_timer.o
    0x00001988   0x00000054   Code   RO         4352    i.POWER_CLOCK_IRQHandler  nrfx_clock.o
    0x000019dc   0x00000034   Code   RO          930    i.RTC1_IRQHandler   app_timer.o
    0x00001a10   0x00000084   Code   RO         5211    i.SEGGER_RTT_WriteNoLock  segger_rtt.o
    0x00001a94   0x00000014   Code   RO         3854    i.SPIM0_SPIS0_TWIM0_TWIS0_SPI0_TWI0_IRQHandler  nrfx_spi.o
    0x00001aa8   0x00000008   Code   RO          931    i.SWI0_EGU0_IRQHandler  app_timer.o
    0x00001ab0   0x00000024   Code   RO         2706    i.SetSystemDateTime  datetime.o
    0x00001ad4   0x00000010   Code   RO         5456    i.SystemCoreClockUpdate  system_nrf52840.o
    0x00001ae4   0x00000230   Code   RO         5457    i.SystemInit        system_nrf52840.o
    0x00001d14   0x00000018   Code   RO         3144    i.TIMER0_IRQHandler  nrfx_timer.o
    0x00001d2c   0x00000010   Code   RO         3784    i.UARTE0_UART0_IRQHandler  nrfx_prs.o
    0x00001d3c   0x00000012   Code   RO         2806    i.WriteComm         lcd_lh096tig11g_st7735sv.o
    0x00001d4e   0x00000012   Code   RO         2807    i.WriteData         lcd_lh096tig11g_st7735sv.o
    0x00001d60   0x0000001a   Code   RO         2809    i.WriteOneDot       lcd_lh096tig11g_st7735sv.o
    0x00001d7a   0x00000002   PAD
    0x00001d7c   0x0000007c   Code   RO         2810    i.Write_Data        lcd_lh096tig11g_st7735sv.o
    0x00001df8   0x0000001c   Code   RO         5216    i._GetAvailWriteSpace  segger_rtt.o
    0x00001e14   0x00000072   Code   RO         5218    i._WriteBlocking    segger_rtt.o
    0x00001e86   0x0000004c   Code   RO         5219    i._WriteNoCheck     segger_rtt.o
    0x00001ed2   0x00000002   PAD
    0x00001ed4   0x00000028   Code   RO         5734    i.__0sprintf$6      mc_w.l(printf6.o)
    0x00001efc   0x0000000e   Code   RO         5877    i.__scatterload_copy  mc_w.l(handlers.o)
    0x00001f0a   0x00000002   Code   RO         5878    i.__scatterload_null  mc_w.l(handlers.o)
    0x00001f0c   0x0000000e   Code   RO         5879    i.__scatterload_zeroinit  mc_w.l(handlers.o)
    0x00001f1a   0x00000002   PAD
    0x00001f1c   0x000002f0   Code   RO         5739    i._printf_core      mc_w.l(printf6.o)
    0x0000220c   0x00000024   Code   RO         5740    i._printf_post_padding  mc_w.l(printf6.o)
    0x00002230   0x0000002e   Code   RO         5741    i._printf_pre_padding  mc_w.l(printf6.o)
    0x0000225e   0x0000000a   Code   RO         5743    i._sputc            mc_w.l(printf6.o)
    0x00002268   0x0000002c   Code   RO          859    i.app_button_enable  app_button.o
    0x00002294   0x000000b0   Code   RO          860    i.app_button_init   app_button.o
    0x00002344   0x000000d0   Code   RO          792    i.app_error_fault_handler  app_error_weak.o
    0x00002414   0x0000001c   Code   RO          458    i.app_error_handler_bare  app_error.o
    0x00002430   0x0000003c   Code   RO          934    i.app_timer_create  app_timer.o
    0x0000246c   0x0000005c   Code   RO          935    i.app_timer_init    app_timer.o
    0x000024c8   0x00000054   Code   RO          938    i.app_timer_start   app_timer.o
    0x0000251c   0x00000030   Code   RO          939    i.app_timer_stop    app_timer.o
    0x0000254c   0x0000000a   Code   RO          707    i.app_util_critical_region_enter  app_util_platform.o
    0x00002556   0x0000000a   Code   RO          708    i.app_util_critical_region_exit  app_util_platform.o
    0x00002560   0x00000014   Code   RO          709    i.app_util_disable_irq  app_util_platform.o
    0x00002574   0x00000018   Code   RO          710    i.app_util_enable_irq  app_util_platform.o
    0x0000258c   0x0000003c   Code   RO         4799    i.backend_find      nrf_log_frontend.o
    0x000025c8   0x00000050   Code   RO         4801    i.backend_name_get  nrf_log_frontend.o
    0x00002618   0x0000002c   Code   RO          326    i.bsp_board_buttons_init  boards.o
    0x00002644   0x0000001a   Code   RO          327    i.bsp_board_init    boards.o
    0x0000265e   0x00000002   PAD
    0x00002660   0x00000014   Code   RO          330    i.bsp_board_led_off  boards.o
    0x00002674   0x00000030   Code   RO          333    i.bsp_board_leds_init  boards.o
    0x000026a4   0x00000014   Code   RO          334    i.bsp_board_leds_off  boards.o
    0x000026b8   0x000000e0   Code   RO         4802    i.buf_prealloc      nrf_log_frontend.o
    0x00002798   0x00000020   Code   RO         2181    i.buffer_add        nrf_fprintf_format.o
    0x000027b8   0x00000018   Code   RO         4803    i.buffer_is_empty   nrf_log_frontend.o
    0x000027d0   0x00000068   Code   RO         2967    i.button_handler    key.o
    0x00002838   0x00000020   Code   RO         4029    i.channel_free      nrfx_gpiote.o
    0x00002858   0x00000010   Code   RO         4030    i.channel_handler_get  nrfx_gpiote.o
    0x00002868   0x00000080   Code   RO         4031    i.channel_port_alloc  nrfx_gpiote.o
    0x000028e8   0x0000000c   Code   RO         4032    i.channel_port_get  nrfx_gpiote.o
    0x000028f4   0x00000018   Code   RO         1591    i.cli_clear_eos     nrf_cli.o
    0x0000290c   0x0000000e   Code   RO         1596    i.cli_flag_echo_is_set  nrf_cli.o
    0x0000291a   0x00000002   PAD
    0x0000291c   0x00000198   Code   RO         1597    i.cli_log_entry_process  nrf_cli.o
    0x00002ab4   0x00000018   Code   RO         1598    i.cli_putc          nrf_cli.o
    0x00002acc   0x00000022   Code   RO         1599    i.cli_read          nrf_cli.o
    0x00002aee   0x00000012   Code   RO         1602    i.cli_strlen        nrf_cli.o
    0x00002b00   0x0000006a   Code   RO         1605    i.cli_write         nrf_cli.o
    0x00002b6a   0x00000002   PAD
    0x00002b6c   0x00000030   Code   RO         4498    i.clock_clk_started_notify  nrf_drv_clock.o
    0x00002b9c   0x00000028   Code   RO         4499    i.clock_irq_handler  nrf_drv_clock.o
    0x00002bc4   0x0000000c   Code   RO            8    i.clock_timer_handler  main.o
    0x00002bd0   0x000000b0   Code   RO         1606    i.cmd_get           nrf_cli.o
    0x00002c80   0x00000090   Code   RO          941    i.compare_reg_update  app_timer.o
    0x00002d10   0x00000020   Code   RO         1609    i.cursor_down_move  nrf_cli.o
    0x00002d30   0x00000020   Code   RO         1613    i.cursor_left_move  nrf_cli.o
    0x00002d50   0x00000018   Code   RO         1614    i.cursor_next_line_move  nrf_cli.o
    0x00002d68   0x00000170   Code   RO         1615    i.cursor_position_get  nrf_cli.o
    0x00002ed8   0x00000020   Code   RO         1618    i.cursor_right_move  nrf_cli.o
    0x00002ef8   0x00000020   Code   RO         1619    i.cursor_up_move    nrf_cli.o
    0x00002f18   0x000000e4   Code   RO          862    i.detection_delay_timeout_handler  app_button.o
    0x00002ffc   0x00000018   Code   RO         4804    i.dropped_sat16_get  nrf_log_frontend.o
    0x00003014   0x00000064   Code   RO          942    i.elapsed_ticks_acquire  app_timer.o
    0x00003078   0x0000001c   Code   RO         5458    i.errata_103        system_nrf52840.o
    0x00003094   0x0000001c   Code   RO         5459    i.errata_115        system_nrf52840.o
    0x000030b0   0x0000001c   Code   RO         5460    i.errata_120        system_nrf52840.o
    0x000030cc   0x00000038   Code   RO         5461    i.errata_136        system_nrf52840.o
    0x00003104   0x00000038   Code   RO         5462    i.errata_36         system_nrf52840.o
    0x0000313c   0x00000038   Code   RO         5463    i.errata_66         system_nrf52840.o
    0x00003174   0x0000001c   Code   RO         5464    i.errata_98         system_nrf52840.o
    0x00003190   0x00000058   Code   RO          943    i.expired_timers_handler  app_timer.o
    0x000031e8   0x00000022   Code   RO         3855    i.finish_transfer   nrfx_spi.o
    0x0000320a   0x0000011e   Code   RO         1620    i.format_offset_string_print  nrf_cli.o
    0x00003328   0x00000090   Code   RO            9    i.gpio_output_voltage_setup_3v3  main.o
    0x000033b8   0x000000a4   Code   RO          863    i.gpiote_event_handler  app_button.o
    0x0000345c   0x00000022   Code   RO         4805    i.higher_lvl_get    nrf_log_frontend.o
    0x0000347e   0x00000002   PAD
    0x00003480   0x000001bc   Code   RO           10    i.idle_show_analog_clock  main.o
    0x0000363c   0x0000004c   Code   RO           11    i.idle_show_clock_background  main.o
    0x00003688   0x000002a0   Code   RO           12    i.idle_show_digital_clock  main.o
    0x00003928   0x00000330   Code   RO           13    i.idle_show_time    main.o
    0x00003c58   0x000000be   Code   RO         2182    i.int_print         nrf_fprintf_format.o
    0x00003d16   0x00000046   Code   RO         4806    i.invalid_packets_omit  nrf_log_frontend.o
    0x00003d5c   0x0000005c   Code   RO         3145    i.irq_handler       nrfx_timer.o
    0x00003db8   0x00000022   Code   RO         3856    i.irq_handler       nrfx_spi.o
    0x00003dda   0x0000000c   Code   RO         4502    i.item_dequeue      nrf_drv_clock.o
    0x00003de6   0x00000022   Code   RO         4503    i.item_enqueue      nrf_drv_clock.o
    0x00003e08   0x000000c8   Code   RO         2968    i.key_event_handler  key.o
    0x00003ed0   0x00000080   Code   RO         2969    i.key_init          key.o
    0x00003f50   0x0000013c   Code   RO          944    i.list_insertions_handler  app_timer.o
    0x0000408c   0x0000001c   Code   RO         4807    i.log_backend_ctrl  nrf_log_frontend.o
    0x000040a8   0x0000001c   Code   RO         4808    i.log_backend_go    nrf_log_frontend.o
    0x000040c4   0x0000001c   Code   RO         4809    i.log_backend_halt  nrf_log_frontend.o
    0x000040e0   0x0000001c   Code   RO         4810    i.log_backend_status  nrf_log_frontend.o
    0x000040fc   0x0000005c   Code   RO         4811    i.log_cmd           nrf_log_frontend.o
    0x00004158   0x000000d4   Code   RO         4812    i.log_cmd_backends_list  nrf_log_frontend.o
    0x0000422c   0x00000040   Code   RO         4813    i.log_config_load_cmd  nrf_log_frontend.o
    0x0000426c   0x00000040   Code   RO         4814    i.log_config_store_cmd  nrf_log_frontend.o
    0x000042ac   0x000001c8   Code   RO         4815    i.log_ctrl          nrf_log_frontend.o
    0x00004474   0x00000016   Code   RO         4816    i.log_go            nrf_log_frontend.o
    0x0000448a   0x0000000e   Code   RO         4817    i.log_halt          nrf_log_frontend.o
    0x00004498   0x00000016   Code   RO         4818    i.log_self_ctrl     nrf_log_frontend.o
    0x000044ae   0x00000016   Code   RO         4819    i.log_self_go       nrf_log_frontend.o
    0x000044c4   0x00000016   Code   RO         4820    i.log_self_halt     nrf_log_frontend.o
    0x000044da   0x00000016   Code   RO         4821    i.log_self_status   nrf_log_frontend.o
    0x000044f0   0x000000c8   Code   RO         4822    i.log_skip          nrf_log_frontend.o
    0x000045b8   0x00000144   Code   RO         4823    i.log_status        nrf_log_frontend.o
    0x000046fc   0x0000000e   Code   RO         2970    i.long_press_timer_handler  key.o
    0x0000470a   0x00000002   PAD
    0x0000470c   0x00000050   Code   RO           14    i.main              main.o
    0x0000475c   0x000000ca   Code   RO         1510    i.memobj_op         nrf_memobj.o
    0x00004826   0x00000030   Code   RO         4824    i.module_id_filter_set  nrf_log_frontend.o
    0x00004856   0x00000042   Code   RO         4825    i.module_id_get     nrf_log_frontend.o
    0x00004898   0x00000038   Code   RO         4826    i.module_idx_get    nrf_log_frontend.o
    0x000048d0   0x00000020   Code   RO         4827    i.module_name_get   nrf_log_frontend.o
    0x000048f0   0x00000060   Code   RO         1630    i.multiline_console_data_check  nrf_cli.o
    0x00004950   0x0000000e   Code   RO         1370    i.nrf_atomic_flag_clear_fetch  nrf_atomic.o
    0x0000495e   0x0000000e   Code   RO         1371    i.nrf_atomic_flag_set  nrf_atomic.o
    0x0000496c   0x00000016   Code   RO         1373    i.nrf_atomic_u32_add  nrf_atomic.o
    0x00004982   0x00000016   Code   RO         1377    i.nrf_atomic_u32_fetch_and  nrf_atomic.o
    0x00004998   0x00000016   Code   RO         1379    i.nrf_atomic_u32_fetch_store  nrf_atomic.o
    0x000049ae   0x00000016   Code   RO         1383    i.nrf_atomic_u32_or  nrf_atomic.o
    0x000049c4   0x00000016   Code   RO         1385    i.nrf_atomic_u32_sub  nrf_atomic.o
    0x000049da   0x0000004c   Code   RO         2310    i.nrf_balloc_alloc  nrf_balloc.o
    0x00004a26   0x00000010   Code   RO         2311    i.nrf_balloc_block2idx  nrf_balloc.o
    0x00004a36   0x0000002a   Code   RO         2312    i.nrf_balloc_free   nrf_balloc.o
    0x00004a60   0x0000000c   Code   RO         2313    i.nrf_balloc_idx2block  nrf_balloc.o
    0x00004a6c   0x000000e8   Code   RO         2315    i.nrf_balloc_status  nrf_balloc.o
    0x00004b54   0x00000016   Code   RO         4033    i.nrf_bitmask_bit_is_set  nrfx_gpiote.o
    0x00004b6a   0x00000016   Code   RO         4034    i.nrf_bitmask_bit_set  nrfx_gpiote.o
    0x00004b80   0x00000050   Code   RO         4828    i.nrf_cli_backend_cmd_execute  nrf_log_frontend.o
    0x00004bd0   0x0000005c   Code   RO         1631    i.nrf_cli_build_in_cmd_common_executed  nrf_cli.o
    0x00004c2c   0x00000044   Code   RO         1632    i.nrf_cli_cmd_clear  nrf_cli.o
    0x00004c70   0x00000054   Code   RO         1633    i.nrf_cli_cmd_cli   nrf_cli.o
    0x00004cc4   0x00000070   Code   RO         1634    i.nrf_cli_cmd_cli_stats  nrf_cli.o
    0x00004d34   0x00000038   Code   RO         1635    i.nrf_cli_cmd_cli_stats_reset  nrf_cli.o
    0x00004d6c   0x0000009c   Code   RO         1636    i.nrf_cli_cmd_cli_stats_show  nrf_cli.o
    0x00004e08   0x00000070   Code   RO         1637    i.nrf_cli_cmd_colors  nrf_cli.o
    0x00004e78   0x00000036   Code   RO         1638    i.nrf_cli_cmd_colors_off  nrf_cli.o
    0x00004eae   0x00000038   Code   RO         1639    i.nrf_cli_cmd_colors_on  nrf_cli.o
    0x00004ee6   0x00000002   PAD
    0x00004ee8   0x000000a0   Code   RO         1640    i.nrf_cli_cmd_echo  nrf_cli.o
    0x00004f88   0x0000003a   Code   RO         1641    i.nrf_cli_cmd_echo_off  nrf_cli.o
    0x00004fc2   0x0000003c   Code   RO         1642    i.nrf_cli_cmd_echo_on  nrf_cli.o
    0x00004ffe   0x00000002   PAD
    0x00005000   0x0000008c   Code   RO         1643    i.nrf_cli_cmd_history  nrf_cli.o
    0x0000508c   0x000000c8   Code   RO         1644    i.nrf_cli_cmd_resize  nrf_cli.o
    0x00005154   0x00000044   Code   RO         1645    i.nrf_cli_cmd_resize_default  nrf_cli.o
    0x00005198   0x00000060   Code   RO         1646    i.nrf_cli_fprintf   nrf_cli.o
    0x000051f8   0x00000328   Code   RO         1647    i.nrf_cli_help_print  nrf_cli.o
    0x00005520   0x0000000e   Code   RO         1648    i.nrf_cli_help_requested  nrf_cli.o
    0x0000552e   0x0000000e   Code   RO         4829    i.nrf_cli_help_requested  nrf_log_frontend.o
    0x0000553c   0x00000012   Code   RO         4353    i.nrf_clock_event_check  nrfx_clock.o
    0x0000554e   0x00000012   Code   RO         4354    i.nrf_clock_event_clear  nrfx_clock.o
    0x00005560   0x0000000c   Code   RO         4355    i.nrf_clock_int_disable  nrfx_clock.o
    0x0000556c   0x0000000c   Code   RO         4356    i.nrf_clock_int_enable  nrfx_clock.o
    0x00005578   0x00000008   Code   RO         4357    i.nrf_clock_task_trigger  nrfx_clock.o
    0x00005580   0x00000038   Code   RO         4510    i.nrf_drv_clock_init  nrf_drv_clock.o
    0x000055b8   0x0000005c   Code   RO         4515    i.nrf_drv_clock_lfclk_request  nrf_drv_clock.o
    0x00005614   0x00000048   Code   RO         3989    i.nrf_drv_spi_init  nrf_drv_spi.o
    0x0000565c   0x0000002a   Code   RO         2151    i.nrf_fprintf       nrf_fprintf.o
    0x00005686   0x0000001c   Code   RO         2152    i.nrf_fprintf_buffer_flush  nrf_fprintf.o
    0x000056a2   0x000001f0   Code   RO         2183    i.nrf_fprintf_fmt   nrf_fprintf_format.o
    0x00005892   0x00000034   Code   RO          338    i.nrf_gpio_cfg      boards.o
    0x000058c6   0x00000034   Code   RO         3857    i.nrf_gpio_cfg      nrfx_spi.o
    0x000058fa   0x00000034   Code   RO         4035    i.nrf_gpio_cfg      nrfx_gpiote.o
    0x0000592e   0x00000018   Code   RO         3858    i.nrf_gpio_cfg_output  nrfx_spi.o
    0x00005946   0x0000003a   Code   RO         4037    i.nrf_gpio_cfg_sense_set  nrfx_gpiote.o
    0x00005980   0x0000001a   Code   RO         2811    i.nrf_gpio_pin_clear  lcd_lh096tig11g_st7735sv.o
    0x0000599a   0x0000001a   Code   RO         2971    i.nrf_gpio_pin_clear  key.o
    0x000059b4   0x0000001a   Code   RO         3859    i.nrf_gpio_pin_clear  nrfx_spi.o
    0x000059ce   0x00000002   PAD
    0x000059d0   0x00000020   Code   RO          339    i.nrf_gpio_pin_port_decode  boards.o
    0x000059f0   0x00000020   Code   RO         2812    i.nrf_gpio_pin_port_decode  lcd_lh096tig11g_st7735sv.o
    0x00005a10   0x00000020   Code   RO         2972    i.nrf_gpio_pin_port_decode  key.o
    0x00005a30   0x00000020   Code   RO         3860    i.nrf_gpio_pin_port_decode  nrfx_spi.o
    0x00005a50   0x00000020   Code   RO         4039    i.nrf_gpio_pin_port_decode  nrfx_gpiote.o
    0x00005a70   0x0000001a   Code   RO         4040    i.nrf_gpio_pin_read  nrfx_gpiote.o
    0x00005a8a   0x0000001a   Code   RO         2813    i.nrf_gpio_pin_set  lcd_lh096tig11g_st7735sv.o
    0x00005aa4   0x0000001a   Code   RO         2973    i.nrf_gpio_pin_set  key.o
    0x00005abe   0x0000001a   Code   RO         3861    i.nrf_gpio_pin_set  nrfx_spi.o
    0x00005ad8   0x00000042   Code   RO          340    i.nrf_gpio_pin_write  boards.o
    0x00005b1a   0x00000002   PAD
    0x00005b1c   0x0000002c   Code   RO         4042    i.nrf_gpio_ports_read  nrfx_gpiote.o
    0x00005b48   0x0000004c   Code   RO         2814    i.nrf_gpio_range_cfg_output  lcd_lh096tig11g_st7735sv.o
    0x00005b94   0x0000000c   Code   RO         4043    i.nrf_gpiote_event_addr_get  nrfx_gpiote.o
    0x00005ba0   0x0000001c   Code   RO         4044    i.nrf_gpiote_event_clear  nrfx_gpiote.o
    0x00005bbc   0x00000016   Code   RO         4045    i.nrf_gpiote_event_is_set  nrfx_gpiote.o
    0x00005bd2   0x00000002   PAD
    0x00005bd4   0x0000000c   Code   RO         4046    i.nrf_gpiote_int_enable  nrfx_gpiote.o
    0x00005be0   0x0000001e   Code   RO         1658    i.nrf_log_backend_cli_flush  nrf_cli.o
    0x00005bfe   0x00000024   Code   RO         1659    i.nrf_log_backend_cli_panic_set  nrf_cli.o
    0x00005c22   0x00000060   Code   RO         1660    i.nrf_log_backend_cli_put  nrf_cli.o
    0x00005c82   0x00000008   Code   RO         4831    i.nrf_log_backend_enable  nrf_log_frontend.o
    0x00005c8a   0x00000002   Code   RO         4643    i.nrf_log_backend_rtt_flush  nrf_log_backend_rtt.o
    0x00005c8c   0x00000002   Code   RO         4645    i.nrf_log_backend_rtt_panic_set  nrf_log_backend_rtt.o
    0x00005c8e   0x00000002   PAD
    0x00005c90   0x00000020   Code   RO         4646    i.nrf_log_backend_rtt_put  nrf_log_backend_rtt.o
    0x00005cb0   0x000000f2   Code   RO         4708    i.nrf_log_backend_serial_put  nrf_log_backend_serial.o
    0x00005da2   0x00000002   PAD
    0x00005da4   0x00000038   Code   RO         4833    i.nrf_log_color_id_get  nrf_log_frontend.o
    0x00005ddc   0x00000348   Code   RO         4834    i.nrf_log_frontend_dequeue  nrf_log_frontend.o
    0x00006124   0x000000ec   Code   RO         4835    i.nrf_log_frontend_hexdump  nrf_log_frontend.o
    0x00006210   0x00000014   Code   RO         4836    i.nrf_log_frontend_std_0  nrf_log_frontend.o
    0x00006224   0x000000b8   Code   RO         5136    i.nrf_log_hexdump_entry_process  nrf_log_str_formatter.o
    0x000062dc   0x00000014   Code   RO         4844    i.nrf_log_module_cnt_get  nrf_log_frontend.o
    0x000062f0   0x00000060   Code   RO         4845    i.nrf_log_module_filter_get  nrf_log_frontend.o
    0x00006350   0x00000054   Code   RO         4846    i.nrf_log_module_filter_set  nrf_log_frontend.o
    0x000063a4   0x00000024   Code   RO         4848    i.nrf_log_module_name_get  nrf_log_frontend.o
    0x000063c8   0x00000034   Code   RO         4849    i.nrf_log_panic     nrf_log_frontend.o
    0x000063fc   0x000000c8   Code   RO         5137    i.nrf_log_std_entry_process  nrf_log_str_formatter.o
    0x000064c4   0x0000007a   Code   RO         1511    i.nrf_memobj_alloc  nrf_memobj.o
    0x0000653e   0x00000040   Code   RO         1512    i.nrf_memobj_free   nrf_memobj.o
    0x0000657e   0x00000010   Code   RO         1513    i.nrf_memobj_get    nrf_memobj.o
    0x0000658e   0x0000001e   Code   RO         1515    i.nrf_memobj_put    nrf_memobj.o
    0x000065ac   0x00000022   Code   RO         1516    i.nrf_memobj_read   nrf_memobj.o
    0x000065ce   0x00000022   Code   RO         1517    i.nrf_memobj_write  nrf_memobj.o
    0x000065f0   0x00000060   Code   RO         3039    i.nrf_nvmc_page_erase  nrf_nvmc.o
    0x00006650   0x00000080   Code   RO         3040    i.nrf_nvmc_write_byte  nrf_nvmc.o
    0x000066d0   0x00000020   Code   RO         3041    i.nrf_nvmc_write_bytes  nrf_nvmc.o
    0x000066f0   0x00000096   Code   RO         2383    i.nrf_queue_generic_pop  nrf_queue.o
    0x00006786   0x00000016   Code   RO         2385    i.nrf_queue_is_empty  nrf_queue.o
    0x0000679c   0x00000020   Code   RO         2386    i.nrf_queue_is_full  nrf_queue.o
    0x000067bc   0x00000008   Code   RO         2387    i.nrf_queue_max_utilization_get  nrf_queue.o
    0x000067c4   0x00000008   Code   RO         2388    i.nrf_queue_max_utilization_reset  nrf_queue.o
    0x000067cc   0x00000010   Code   RO         2389    i.nrf_queue_next_idx  nrf_queue.o
    0x000067dc   0x000000c4   Code   RO         2391    i.nrf_queue_push    nrf_queue.o
    0x000068a0   0x000000f4   Code   RO         2394    i.nrf_queue_status  nrf_queue.o
    0x00006994   0x0000001c   Code   RO         2395    i.nrf_queue_utilization_get  nrf_queue.o
    0x000069b0   0x0000000e   Code   RO         3862    i.nrf_spi_event_clear  nrfx_spi.o
    0x000069be   0x00000006   Code   RO         3863    i.nrf_spi_int_disable  nrfx_spi.o
    0x000069c4   0x00000006   Code   RO         3864    i.nrf_spi_int_enable  nrfx_spi.o
    0x000069ca   0x00000006   Code   RO         3865    i.nrf_spi_txd_set   nrfx_spi.o
    0x000069d0   0x0000000e   Code   RO         3146    i.nrf_timer_compare_event_get  nrfx_timer.o
    0x000069de   0x0000000a   Code   RO         3147    i.nrf_timer_compare_int_get  nrfx_timer.o
    0x000069e8   0x0000000e   Code   RO         3148    i.nrf_timer_event_clear  nrfx_timer.o
    0x000069f6   0x00000002   PAD
    0x000069f8   0x00000014   Code   RO         4362    i.nrfx_clock_enable  nrfx_clock.o
    0x00006a0c   0x00000024   Code   RO         4365    i.nrfx_clock_init   nrfx_clock.o
    0x00006a30   0x00000018   Code   RO         4367    i.nrfx_clock_lfclk_start  nrfx_clock.o
    0x00006a48   0x00000018   Code   RO          945    i.nrfx_coredep_delay_us  app_timer.o
    0x00006a60   0x00000008   Code   RO         3866    i.nrfx_get_irq_number  nrfx_spi.o
    0x00006a68   0x000000ac   Code   RO         4053    i.nrfx_gpiote_in_event_enable  nrfx_gpiote.o
    0x00006b14   0x000000f8   Code   RO         4054    i.nrfx_gpiote_in_init  nrfx_gpiote.o
    0x00006c0c   0x00000014   Code   RO         4055    i.nrfx_gpiote_in_is_set  nrfx_gpiote.o
    0x00006c20   0x000000c4   Code   RO         4057    i.nrfx_gpiote_init  nrfx_gpiote.o
    0x00006ce4   0x00000014   Code   RO         4058    i.nrfx_gpiote_is_init  nrfx_gpiote.o
    0x00006cf8   0x00000098   Code   RO         4370    i.nrfx_power_clock_irq_init  nrfx_clock.o
    0x00006d90   0x00000048   Code   RO         3785    i.nrfx_prs_acquire  nrfx_prs.o
    0x00006dd8   0x00000210   Code   RO         3868    i.nrfx_spi_init     nrfx_spi.o
    0x00006fe8   0x00000070   Code   RO         3870    i.nrfx_spi_xfer     nrfx_spi.o
    0x00007058   0x00000014   Code   RO         4074    i.pin_configured_set  nrfx_gpiote.o
    0x0000706c   0x0000001c   Code   RO         4075    i.pin_in_use_by_gpiote  nrfx_gpiote.o
    0x00007088   0x00000018   Code   RO         4076    i.pin_in_use_by_port  nrfx_gpiote.o
    0x000070a0   0x00000020   Code   RO         4077    i.pin_in_use_by_te  nrfx_gpiote.o
    0x000070c0   0x0000000c   Code   RO         4078    i.pin_in_use_clear  nrfx_gpiote.o
    0x000070cc   0x00000048   Code   RO         5139    i.postfix_process   nrf_log_str_formatter.o
    0x00007114   0x00000008   Code   RO           15    i.power_manage      main.o
    0x0000711c   0x000000a4   Code   RO         5140    i.prefix_process    nrf_log_str_formatter.o
    0x000071c0   0x00000018   Code   RO         3787    i.prs_box_get       nrfx_prs.o
    0x000071d8   0x0000001c   Code   RO         2398    i.queue_utilization_get  nrf_queue.o
    0x000071f4   0x0000000c   Code   RO          946    i.rtc1_compare0_set  app_timer.o
    0x00007200   0x0000000c   Code   RO          947    i.rtc1_counter_get  app_timer.o
    0x0000720c   0x00000018   Code   RO          948    i.rtc1_init         app_timer.o
    0x00007224   0x0000003c   Code   RO          949    i.rtc1_start        app_timer.o
    0x00007260   0x00000058   Code   RO          950    i.rtc1_stop         app_timer.o
    0x000072b8   0x00000084   Code   RO         4647    i.serial_tx         nrf_log_backend_rtt.o
    0x0000733c   0x00000024   Code   RO         4851    i.severity_lvl_get  nrf_log_frontend.o
    0x00007360   0x000000a8   Code   RO         2815    i.spi_event_handler  lcd_lh096tig11g_st7735sv.o
    0x00007408   0x00000040   Code   RO         3990    i.spi_evt_handler   nrf_drv_spi.o
    0x00007448   0x0000004c   Code   RO         2816    i.spi_init          lcd_lh096tig11g_st7735sv.o
    0x00007494   0x000000a0   Code   RO         3871    i.spi_xfer          nrfx_spi.o
    0x00007534   0x00000064   Code   RO         4852    i.std_header_set    nrf_log_frontend.o
    0x00007598   0x00000070   Code   RO         4853    i.std_n             nrf_log_frontend.o
    0x00007608   0x00000074   Code   RO         2184    i.string_print      nrf_fprintf_format.o
    0x0000767c   0x00000034   Code   RO           16    i.system_init       main.o
    0x000076b0   0x0000006a   Code   RO         1666    i.terminal_size_get  nrf_cli.o
    0x0000771a   0x00000002   PAD
    0x0000771c   0x00000068   Code   RO           17    i.test_show_analog_clock  main.o
    0x00007784   0x0000000a   Code   RO          951    i.ticks_diff_get    app_timer.o
    0x0000778e   0x0000000c   Code   RO          952    i.timeout_handler_exec  app_timer.o
    0x0000779a   0x00000002   PAD
    0x0000779c   0x00000050   Code   RO          953    i.timer_list_handler  app_timer.o
    0x000077ec   0x0000000a   Code   RO          954    i.timer_list_handler_sched  app_timer.o
    0x000077f6   0x00000002   PAD
    0x000077f8   0x00000068   Code   RO          955    i.timer_list_insert  app_timer.o
    0x00007860   0x00000088   Code   RO          956    i.timer_list_remove  app_timer.o
    0x000078e8   0x00000058   Code   RO          957    i.timer_start_op_schedule  app_timer.o
    0x00007940   0x00000038   Code   RO          958    i.timer_stop_op_schedule  app_timer.o
    0x00007978   0x00000098   Code   RO          959    i.timer_timeouts_check  app_timer.o
    0x00007a10   0x0000000a   Code   RO          960    i.timer_timeouts_check_sched  app_timer.o
    0x00007a1a   0x00000002   Code   RO         5141    i.timestamp_print   nrf_log_str_formatter.o
    0x00007a1c   0x00000082   Code   RO         3872    i.transfer_byte     nrfx_spi.o
    0x00007a9e   0x0000000c   Code   RO         1667    i.transport_buffer_flush  nrf_cli.o
    0x00007aaa   0x00000002   PAD
    0x00007aac   0x000000b8   Code   RO         2185    i.unsigned_print    nrf_fprintf_format.o
    0x00007b64   0x0000003c   Code   RO          961    i.user_op_alloc     app_timer.o
    0x00007ba0   0x0000000c   Code   RO          962    i.user_op_enque     app_timer.o
    0x00007bac   0x00000044   Code   RO         1668    i.vt100_bgcolor_set  nrf_cli.o
    0x00007bf0   0x00000058   Code   RO         1669    i.vt100_color_set   nrf_cli.o
    0x00007c48   0x00000018   Code   RO         1670    i.vt100_colors_restore  nrf_cli.o
    0x00007c60   0x00000010   Code   RO         3044    i.wait_for_flash_ready  nrf_nvmc.o
    0x00007c70   0x000000b4   Data   RO           22    .constdata          main.o
    0x00007d24   0x00000008   Data   RO          341    .constdata          boards.o
    0x00007d2c   0x00000007   Data   RO          865    .constdata          app_button.o
    0x00007d33   0x0000000d   PAD
    0x00007d40   0x00000006   Data   RO          964    .constdata          app_timer.o
    0x00007d46   0x0000000a   PAD
    0x00007d50   0x000001b5   Data   RO         1671    .constdata          nrf_cli.o
    0x00007f05   0x00000010   Data   RO         2186    .constdata          nrf_fprintf_format.o
    0x00007f15   0x00000003   PAD
    0x00007f18   0x00000038   Data   RO         2316    .constdata          nrf_balloc.o
    0x00007f50   0x00000038   Data   RO         2400    .constdata          nrf_queue.o
    0x00007f88   0x00040430   Data   RO         2742    .constdata          font.o
    0x000483b8   0x00000008   PAD
    0x000483c0   0x00000048   Data   RO         2817    .constdata          lcd_lh096tig11g_st7735sv.o
    0x00048408   0x00000004   Data   RO         2975    .constdata          key.o
    0x0004840c   0x00000022   Data   RO         3874    .constdata          nrfx_spi.o
    0x0004842e   0x00000002   PAD
    0x00048430   0x00000042   Data   RO         4080    .constdata          nrfx_gpiote.o
    0x00048472   0x0000000e   PAD
    0x00048480   0x00000016   Data   RO         4649    .constdata          nrf_log_backend_rtt.o
    0x00048496   0x00000002   PAD
    0x00048498   0x0000016c   Data   RO         4855    .constdata          nrf_log_frontend.o
    0x00048604   0x00000081   Data   RO         5530    .constdata          mc_w.l(ctype_o.o)
    0x00048685   0x00000003   PAD
    0x00048688   0x00000004   Data   RO         5531    .constdata          mc_w.l(ctype_o.o)
    0x0004868c   0x00000089   Data   RO           23    .conststring        main.o
    0x00048715   0x00000003   PAD
    0x00048718   0x000002b4   Data   RO         1672    .conststring        nrf_cli.o
    0x000489cc   0x000000e3   Data   RO         2317    .conststring        nrf_balloc.o
    0x00048aaf   0x00000001   PAD
    0x00048ab0   0x000000a6   Data   RO         2401    .conststring        nrf_queue.o
    0x00048b56   0x00000002   PAD
    0x00048b58   0x0000026d   Data   RO         4856    .conststring        nrf_log_frontend.o
    0x00048dc5   0x00000003   PAD
    0x00048dc8   0x00000048   Data   RO         5142    .conststring        nrf_log_str_formatter.o
    0x00048e10   0x00000009   Data   RO         2234    .conststrlit        nrf_pwr_mgmt.o
    0x00048e19   0x00000003   PAD
    0x00048e1c   0x00000006   Data   RO         3170    .conststrlit        nrfx_timer.o
    0x00048e22   0x00000002   PAD
    0x00048e24   0x00000005   Data   RO         3365    .conststrlit        nrfx_uart.o
    0x00048e29   0x00000003   PAD
    0x00048e2c   0x00000006   Data   RO         3605    .conststrlit        nrfx_uarte.o
    0x00048e32   0x00000002   PAD
    0x00048e34   0x00000004   Data   RO         3789    .conststrlit        nrfx_prs.o
    0x00048e38   0x00000004   Data   RO         3875    .conststrlit        nrfx_spi.o
    0x00048e3c   0x00000007   Data   RO         4081    .conststrlit        nrfx_gpiote.o
    0x00048e43   0x00000001   PAD
    0x00048e44   0x00000006   Data   RO         4372    .conststrlit        nrfx_clock.o
    0x00048e4a   0x00000002   PAD
    0x00048e4c   0x00000006   Data   RO         4519    .conststrlit        nrf_drv_clock.o
    0x00048e52   0x00000002   PAD
    0x00048e54   0x00000010   Data   RO         4761    .conststrlit        nrf_log_default_backends.o
    0x00048e64   0x00000024   Data   RO         4857    .conststrlit        nrf_log_frontend.o
    0x00048e88   0x00000020   Data   RO         5875    Region$$Table       anon$$obj.o
    0x00048ea8   0x00000020   Data   RO         1674    cli_command         nrf_cli.o
    0x00048ec8   0x00000008   Data   RO         2318    cli_command         nrf_balloc.o
    0x00048ed0   0x00000008   Data   RO         2402    cli_command         nrf_queue.o
    0x00048ed8   0x00000008   Data   RO         4859    cli_command         nrf_log_frontend.o
    0x00048ee0   0x00000010   Data   RO         4763    log_backends        nrf_log_default_backends.o
    0x00048ef0   0x00000008   Data   RO         2236    log_const_data      nrf_pwr_mgmt.o
    0x00048ef8   0x00000008   Data   RO         3171    log_const_data      nrfx_timer.o
    0x00048f00   0x00000008   Data   RO         3366    log_const_data      nrfx_uart.o
    0x00048f08   0x00000008   Data   RO         3606    log_const_data      nrfx_uarte.o
    0x00048f10   0x00000008   Data   RO         3791    log_const_data      nrfx_prs.o
    0x00048f18   0x00000008   Data   RO         3876    log_const_data      nrfx_spi.o
    0x00048f20   0x00000008   Data   RO         4082    log_const_data      nrfx_gpiote.o
    0x00048f28   0x00000008   Data   RO         4374    log_const_data      nrfx_clock.o
    0x00048f30   0x00000008   Data   RO         4520    log_const_data      nrf_drv_clock.o
    0x00048f38   0x00000010   Data   RO         4861    log_const_data      nrf_log_frontend.o
    0x00048f48   0x0000001c   Data   RO         4864    nrf_balloc          nrf_log_frontend.o


    Execution Region RW_IRAM1 (Base: 0x20000000, Size: 0x00022318, Max: 0x00040000, ABSOLUTE, COMPRESSED[0x000019f8])

    Base Addr    Size         Type   Attr      Idx    E Section Name        Object

    0x20000000   0x00000019   Data   RW           24    .data               main.o
    0x20000019   0x00000003   PAD
    0x2000001c   0x00000004   Data   RW          713    .data               app_util_platform.o
    0x20000020   0x00000020   Data   RW          866    .data               app_button.o
    0x20000040   0x00000014   Data   RW          965    .data               app_timer.o
    0x20000054   0x00000009   Data   RW         2569    .data               lcd.o
    0x2000005d   0x00000003   PAD
    0x20000060   0x0001f6f0   Data   RW         2757    .data               img.o
    0x2001f750   0x00000012   Data   RW         2818    .data               lcd_lh096tig11g_st7735sv.o
    0x2001f762   0x00000002   PAD
    0x2001f764   0x00000020   Data   RW         2976    .data               key.o
    0x2001f784   0x00000008   Data   RW         3790    .data               nrfx_prs.o
    0x2001f78c   0x00000008   Data   RW         4373    .data               nrfx_clock.o
    0x2001f794   0x00000001   Data   RW         4650    .data               nrf_log_backend_rtt.o
    0x2001f795   0x00000003   PAD
    0x2001f798   0x00000008   Data   RW         4762    .data               nrf_log_default_backends.o
    0x2001f7a0   0x00000038   Data   RW         4858    .data               nrf_log_frontend.o
    0x2001f7d8   0x00000040   Data   RW         5143    .data               nrf_log_str_formatter.o
    0x2001f818   0x00000004   Data   RW         5465    .data               system_nrf52840.o
    0x2001f81c   0x00000010   Data   RW         1675    cli_sorted_cmd_ptrs  nrf_cli.o
    0x2001f82c   0x00000004   Data   RW         2319    cli_sorted_cmd_ptrs  nrf_balloc.o
    0x2001f830   0x00000004   Data   RW         2403    cli_sorted_cmd_ptrs  nrf_queue.o
    0x2001f834   0x00000004   Data   RW         4860    cli_sorted_cmd_ptrs  nrf_log_frontend.o
    0x2001f838   0x00000004   Data   RW         2237    log_dynamic_data    nrf_pwr_mgmt.o
    0x2001f83c   0x00000004   Data   RW         3172    log_dynamic_data    nrfx_timer.o
    0x2001f840   0x00000004   Data   RW         3367    log_dynamic_data    nrfx_uart.o
    0x2001f844   0x00000004   Data   RW         3607    log_dynamic_data    nrfx_uarte.o
    0x2001f848   0x00000004   Data   RW         3792    log_dynamic_data    nrfx_prs.o
    0x2001f84c   0x00000004   Data   RW         3877    log_dynamic_data    nrfx_spi.o
    0x2001f850   0x00000004   Data   RW         4083    log_dynamic_data    nrfx_gpiote.o
    0x2001f854   0x00000004   Data   RW         4375    log_dynamic_data    nrfx_clock.o
    0x2001f858   0x00000004   Data   RW         4521    log_dynamic_data    nrf_drv_clock.o
    0x2001f85c   0x00000008   Data   RW         4862    log_dynamic_data    nrf_log_frontend.o
    0x2001f864   0x00000004   Data   RW         2238    log_filter_data     nrf_pwr_mgmt.o
    0x2001f868   0x00000004   Data   RW         3173    log_filter_data     nrfx_timer.o
    0x2001f86c   0x00000004   Data   RW         3368    log_filter_data     nrfx_uart.o
    0x2001f870   0x00000004   Data   RW         3608    log_filter_data     nrfx_uarte.o
    0x2001f874   0x00000004   Data   RW         3793    log_filter_data     nrfx_prs.o
    0x2001f878   0x00000004   Data   RW         3878    log_filter_data     nrfx_spi.o
    0x2001f87c   0x00000004   Data   RW         4084    log_filter_data     nrfx_gpiote.o
    0x2001f880   0x00000004   Data   RW         4376    log_filter_data     nrfx_clock.o
    0x2001f884   0x00000004   Data   RW         4522    log_filter_data     nrf_drv_clock.o
    0x2001f888   0x00000008   Data   RW         4863    log_filter_data     nrf_log_frontend.o
    0x2001f890   0x00000020   Zero   RW           21    .bss                main.o
    0x2001f8b0   0x00000020   Zero   RW          864    .bss                app_button.o
    0x2001f8d0   0x0000010c   Zero   RW          963    .bss                app_timer.o
    0x2001f9dc   0x00000020   Zero   RW         2974    .bss                key.o
    0x2001f9fc   0x0000000c   Zero   RW         3168    .bss                nrfx_timer.o
    0x2001fa08   0x0000002c   Zero   RW         3873    .bss                nrfx_spi.o
    0x2001fa34   0x00000020   Zero   RW         3992    .bss                nrf_drv_spi.o
    0x2001fa54   0x0000006c   Zero   RW         4079    .bss                nrfx_gpiote.o
    0x2001fac0   0x00000014   Zero   RW         4517    .bss                nrf_drv_clock.o
    0x2001fad4   0x00000040   Zero   RW         4648    .bss                nrf_log_backend_rtt.o
    0x2001fb14   0x0000057c   Zero   RW         4854    .bss                nrf_log_frontend.o
    0x20020090   0x00000288   Zero   RW         5220    .bss                segger_rtt.o
    0x20020318   0x00002000   Zero   RW         5446    STACK               arm_startup_nrf52840.o


==============================================================================

Image component sizes


      Code (inc. data)   RO Data    RW Data    ZI Data      Debug   Object Name

       612         82          7         32         32      13214   app_button.o
        28          0          0          0          0       2289   app_error.o
       208         48          0          0          0      17339   app_error_weak.o
         0          0          0          0          0        392   app_fifo.o
      2052        242          6         20        268      50759   app_timer.o
         0          0          0          0          0      34736   app_uart_fifo.o
        64         10          0          4          0       2930   app_util_platform.o
        36          8        512          0       8192        872   arm_startup_nrf52840.o
       308         20          8          0          0       9442   boards.o
       530          0          0          0          0       3224   datetime.o
         0          0     263216          0          0        585   font.o
         0          0          0     128752          0       1805   img.o
       530         38          4         32         32       9667   key.o
      1696         76          0          9          0       9711   lcd.o
      1476        110         72         18          0      28661   lcd_lh096tig11g_st7735sv.o
      4004        272        317         25         32      90722   main.o
       364          0          0          0          0       6894   nrf_atomic.o
       378         32        291          4          0      18966   nrf_balloc.o
      4560        644       1161         16          0      57376   nrf_cli.o
       282         24         14          8         20       9736   nrf_drv_clock.o
       136         22          0          0         32       5827   nrf_drv_spi.o
        70          0          0          0          0       1765   nrf_fprintf.o
      1018          6         16          0          0       5618   nrf_fprintf_format.o
       168         16         22          1         64       4510   nrf_log_backend_rtt.o
       242          0          0          0          0      10561   nrf_log_backend_serial.o
         0          0         32          8          0       2313   nrf_log_default_backends.o
      4156        720       1073         76       1404      54365   nrf_log_frontend.o
       622        114         72         64          0       5384   nrf_log_str_formatter.o
       502          0          0          0          0       8312   nrf_memobj.o
       272         14          0          0          0       2951   nrf_nvmc.o
         0          0         17          8          0       4797   nrf_pwr_mgmt.o
       732         58        230          4          0      15267   nrf_queue.o
         0          0          0          0          0        980   nrf_ringbuf.o
       384         38         14         16          0      14097   nrfx_clock.o
      1846        124         81          8        108      61483   nrfx_gpiote.o
       112         14         12         16          0       3512   nrfx_prs.o
      1218         38         46          8         44      20318   nrfx_spi.o
       154         10         14          8         12      43152   nrfx_timer.o
         0          0         13          8          0       6498   nrfx_uart.o
         0          0         14          8          0       9357   nrfx_uarte.o
       350          6          0          0        648       6695   segger_rtt.o
       856        108          0          4          0       5455   system_nrf52840.o

    ----------------------------------------------------------------------
     30010       2894     267372     129168      10888     662537   Object Totals
         0          0         32          0          0          0   (incl. Generated)
        44          0         76         11          0          0   (incl. Padding)

    ----------------------------------------------------------------------

      Code (inc. data)   RO Data    RW Data    ZI Data      Debug   Library Member Name

        86          0          0          0          0          0   __dczerorl2.o
         8          4        133          0          0         68   ctype_o.o
         0          0          0          0          0          0   entry.o
         0          0          0          0          0          0   entry10a.o
         0          0          0          0          0          0   entry11a.o
         8          4          0          0          0          0   entry2.o
         4          0          0          0          0          0   entry5.o
         0          0          0          0          0          0   entry7b.o
         0          0          0          0          0          0   entry8b.o
         8          4          0          0          0          0   entry9a.o
        30          0          0          0          0          0   handlers.o
        36          8          0          0          0         68   init.o
        30          0          0          0          0         68   llshl.o
        64          0          0          0          0         76   memmovea.o
        36          0          0          0          0        108   memseta.o
       884         10          0          0          0        420   printf6.o
        28          0          0          0          0         76   strcmp.o
        18          0          0          0          0         68   strcpy.o
        14          0          0          0          0         68   strlen.o
        30          0          0          0          0         80   strncmp.o
        44          0          0          0          0         80   uidiv.o

    ----------------------------------------------------------------------
      1334         30        136          0          0       1180   Library Totals
         6          0          3          0          0          0   (incl. Padding)

    ----------------------------------------------------------------------

      Code (inc. data)   RO Data    RW Data    ZI Data      Debug   Library Name

      1328         30        133          0          0       1180   mc_w.l

    ----------------------------------------------------------------------
      1334         30        136          0          0       1180   Library Totals

    ----------------------------------------------------------------------

==============================================================================


      Code (inc. data)   RO Data    RW Data    ZI Data      Debug   

     31344       2924     267508     129168      10888     631981   Grand Totals
     31344       2924     267508       6648      10888     631981   ELF Image Totals (compressed)
     31344       2924     267508       6648          0          0   ROM Totals

==============================================================================

    Total RO  Size (Code + RO Data)               298852 ( 291.85kB)
    Total RW  Size (RW Data + ZI Data)            140056 ( 136.77kB)
    Total ROM Size (Code + RO Data + RW Data)     305500 ( 298.34kB)

==============================================================================

