Component: ARM Compiler 5.06 update 4 (build 422) Tool: armlink [4d35d2]

==============================================================================

Section Cross References

    main.o(i.app_tick_handler) refers to nrf_log_frontend.o(i.nrf_log_frontend_std_0) for nrf_log_frontend_std_0
    main.o(i.app_tick_handler) refers to nrf_log_frontend.o(i.nrf_log_frontend_dequeue) for nrf_log_frontend_dequeue
    main.o(i.app_tick_handler) refers to boards.o(i.bsp_board_led_invert) for bsp_board_led_invert
    main.o(i.app_tick_handler) refers to nrf_log_frontend.o(log_const_data) for m_nrf_log_app_logs_data_const
    main.o(i.bsp_event_handler) refers to nrf_log_frontend.o(i.nrf_log_frontend_std_0) for nrf_log_frontend_std_0
    main.o(i.bsp_event_handler) refers to nrf_log_frontend.o(i.nrf_log_frontend_dequeue) for nrf_log_frontend_dequeue
    main.o(i.bsp_event_handler) refers to boards.o(i.bsp_board_led_off) for bsp_board_led_off
    main.o(i.bsp_event_handler) refers to app_timer.o(i.app_timer_stop) for app_timer_stop
    main.o(i.bsp_event_handler) refers to app_error.o(i.app_error_handler_bare) for app_error_handler_bare
    main.o(i.bsp_event_handler) refers to app_timer.o(i.app_timer_start) for app_timer_start
    main.o(i.bsp_event_handler) refers to nrf_log_frontend.o(log_const_data) for m_nrf_log_app_logs_data_const
    main.o(i.bsp_event_handler) refers to main.o(.constdata) for .constdata
    main.o(i.bsp_event_handler) refers to main.o(.data) for .data
    main.o(i.main) refers to main.o(i.utils_setup) for utils_setup
    main.o(i.main) refers to nrf_log_frontend.o(i.nrf_log_frontend_std_0) for nrf_log_frontend_std_0
    main.o(i.main) refers to nrf_log_frontend.o(i.nrf_log_frontend_dequeue) for nrf_log_frontend_dequeue
    main.o(i.main) refers to boards.o(i.bsp_board_led_on) for bsp_board_led_on
    main.o(i.main) refers to nrf_pwr_mgmt.o(i.nrf_pwr_mgmt_run) for nrf_pwr_mgmt_run
    main.o(i.main) refers to nrf_log_frontend.o(log_const_data) for m_nrf_log_app_logs_data_const
    main.o(i.utils_setup) refers to nrf_log_frontend.o(i.nrf_log_init) for nrf_log_init
    main.o(i.utils_setup) refers to app_error.o(i.app_error_handler_bare) for app_error_handler_bare
    main.o(i.utils_setup) refers to nrf_log_default_backends.o(i.nrf_log_default_backends_init) for nrf_log_default_backends_init
    main.o(i.utils_setup) refers to nrf_pwr_mgmt.o(i.nrf_pwr_mgmt_init) for nrf_pwr_mgmt_init
    main.o(i.utils_setup) refers to nrf_drv_clock.o(i.nrf_drv_clock_init) for nrf_drv_clock_init
    main.o(i.utils_setup) refers to nrf_drv_clock.o(i.nrf_drv_clock_lfclk_request) for nrf_drv_clock_lfclk_request
    main.o(i.utils_setup) refers to app_timer.o(i.app_timer_init) for app_timer_init
    main.o(i.utils_setup) refers to bsp.o(i.bsp_init) for bsp_init
    main.o(i.utils_setup) refers to bsp.o(i.bsp_event_to_button_action_assign) for bsp_event_to_button_action_assign
    main.o(i.utils_setup) refers to app_timer.o(i.app_timer_create) for app_timer_create
    main.o(i.utils_setup) refers to app_timer.o(i.app_timer_start) for app_timer_start
    main.o(i.utils_setup) refers to main.o(i.bsp_event_handler) for bsp_event_handler
    main.o(i.utils_setup) refers to main.o(i.app_tick_handler) for app_tick_handler
    main.o(i.utils_setup) refers to main.o(.constdata) for .constdata
    main.o(.constdata) refers to main.o(.bss) for m_tick_timer_data
    boards.o(i.bsp_board_button_idx_to_pin) refers to boards.o(.constdata) for .constdata
    boards.o(i.bsp_board_button_state_get) refers to boards.o(i.nrf_gpio_pin_port_decode) for nrf_gpio_pin_port_decode
    boards.o(i.bsp_board_button_state_get) refers to boards.o(.constdata) for .constdata
    boards.o(i.bsp_board_init) refers to boards.o(i.nrf_gpio_cfg) for nrf_gpio_cfg
    boards.o(i.bsp_board_init) refers to boards.o(i.bsp_board_leds_off) for bsp_board_leds_off
    boards.o(i.bsp_board_init) refers to boards.o(.constdata) for .constdata
    boards.o(i.bsp_board_led_idx_to_pin) refers to boards.o(.constdata) for .constdata
    boards.o(i.bsp_board_led_invert) refers to boards.o(i.nrf_gpio_pin_port_decode) for nrf_gpio_pin_port_decode
    boards.o(i.bsp_board_led_invert) refers to boards.o(.constdata) for .constdata
    boards.o(i.bsp_board_led_off) refers to boards.o(i.nrf_gpio_pin_write) for nrf_gpio_pin_write
    boards.o(i.bsp_board_led_off) refers to boards.o(.constdata) for .constdata
    boards.o(i.bsp_board_led_on) refers to boards.o(i.nrf_gpio_pin_write) for nrf_gpio_pin_write
    boards.o(i.bsp_board_led_on) refers to boards.o(.constdata) for .constdata
    boards.o(i.bsp_board_led_state_get) refers to boards.o(i.nrf_gpio_pin_port_decode) for nrf_gpio_pin_port_decode
    boards.o(i.bsp_board_led_state_get) refers to boards.o(.constdata) for .constdata
    boards.o(i.bsp_board_leds_off) refers to boards.o(i.bsp_board_led_off) for bsp_board_led_off
    boards.o(i.bsp_board_leds_on) refers to boards.o(i.bsp_board_led_on) for bsp_board_led_on
[...]
    ..\\..\\integration\\nrfx\\legacy\\nrf_drv_clock.c 0x00000000   Number         0  nrf_drv_clock.o ABSOLUTE
    ..\\..\\integration\\nrfx\\legacy\\nrf_drv_uart.c 0x00000000   Number         0  nrf_drv_uart.o ABSOLUTE
    ..\\..\\modules\\nrfx\\drivers\\src\\nrfx_clock.c 0x00000000   Number         0  nrfx_clock.o ABSOLUTE
    ..\\..\\modules\\nrfx\\drivers\\src\\nrfx_gpiote.c 0x00000000   Number         0  nrfx_gpiote.o ABSOLUTE
    ..\\..\\modules\\nrfx\\drivers\\src\\nrfx_power_clock.c 0x00000000   Number         0  nrfx_power_clock.o ABSOLUTE
    ..\\..\\modules\\nrfx\\drivers\\src\\nrfx_uart.c 0x00000000   Number         0  nrfx_uart.o ABSOLUTE
    ..\\..\\modules\\nrfx\\drivers\\src\\nrfx_uarte.c 0x00000000   Number         0  nrfx_uarte.o ABSOLUTE
    ..\\..\\modules\\nrfx\\drivers\\src\\prs\\nrfx_prs.c 0x00000000   Number         0  nrfx_prs.o ABSOLUTE
    RTE\Device\nRF52840_xxAA\arm_startup_nrf52840.s 0x00000000   Number         0  arm_startup_nrf52840.o ABSOLUTE
    RTE\Device\nRF52840_xxAA\system_nrf52840.c 0x00000000   Number         0  system_nrf52840.o ABSOLUTE
    RTE\\Device\\nRF52840_xxAA\\system_nrf52840.c 0x00000000   Number         0  system_nrf52840.o ABSOLUTE
    dc.s                                     0x00000000   Number         0  dc.o ABSOLUTE
    handlers.s                               0x00000000   Number         0  handlers.o ABSOLUTE
    init.s                                   0x00000000   Number         0  init.o ABSOLUTE
    .ARM.Collect$$$$00000000                 0x00000200   Section        0  entry.o(.ARM.Collect$$$$00000000)
    .ARM.Collect$$$$00000001                 0x00000200   Section        4  entry2.o(.ARM.Collect$$$$00000001)
    .ARM.Collect$$$$00000004                 0x00000204   Section        4  entry5.o(.ARM.Collect$$$$00000004)
    .ARM.Collect$$$$00000008                 0x00000208   Section        0  entry7b.o(.ARM.Collect$$$$00000008)
    .ARM.Collect$$$$0000000A                 0x00000208   Section        0  entry8b.o(.ARM.Collect$$$$0000000A)
    .ARM.Collect$$$$0000000B                 0x00000208   Section        8  entry9a.o(.ARM.Collect$$$$0000000B)
    .ARM.Collect$$$$0000000D                 0x00000210   Section        0  entry10a.o(.ARM.Collect$$$$0000000D)
    .ARM.Collect$$$$0000000F                 0x00000210   Section        0  entry11a.o(.ARM.Collect$$$$0000000F)
    .ARM.Collect$$$$00002712                 0x00000210   Section        4  entry2.o(.ARM.Collect$$$$00002712)
    __lit__00000000                          0x00000210   Data           4  entry2.o(.ARM.Collect$$$$00002712)
    .emb_text                                0x00000214   Section      226  nrf_atomic.o(.emb_text)
    $v0                                      0x00000214   Number         0  nrf_atomic.o(.emb_text)
    .text                                    0x000002f8   Section       36  arm_startup_nrf52840.o(.text)
    $v0                                      0x000002f8   Number         0  arm_startup_nrf52840.o(.text)
    .text                                    0x0000031c   Section        0  uldiv.o(.text)
    .text                                    0x0000037e   Section        0  llshl.o(.text)
    .text                                    0x0000039c   Section        0  ctype_o.o(.text)
    .text                                    0x000003a4   Section        0  memcpya.o(.text)
    .text                                    0x000003c8   Section        0  memseta.o(.text)
    .text                                    0x000003ec   Section        0  strlen.o(.text)
    .text                                    0x000003fa   Section        0  strcpy.o(.text)
    .text                                    0x0000040c   Section        0  llushr.o(.text)
    .text                                    0x0000042c   Section       36  init.o(.text)
    i.GPIOTE_IRQHandler                      0x00000450   Section        0  nrfx_gpiote.o(i.GPIOTE_IRQHandler)
    i.POWER_CLOCK_IRQHandler                 0x00000604   Section        0  nrfx_clock.o(i.POWER_CLOCK_IRQHandler)
    i.RTC1_IRQHandler                        0x0000065c   Section        0  app_timer.o(i.RTC1_IRQHandler)
    i.SEGGER_RTT_Init                        0x00000680   Section        0  segger_rtt.o(i.SEGGER_RTT_Init)
    i.SEGGER_RTT_WriteNoLock                 0x00000684   Section        0  segger_rtt.o(i.SEGGER_RTT_WriteNoLock)
    i.SWI0_EGU0_IRQHandler                   0x000006e0   Section        0  app_timer.o(i.SWI0_EGU0_IRQHandler)
    i.SystemInit                             0x000006e4   Section        0  system_nrf52840.o(i.SystemInit)
    i.UARTE0_UART0_IRQHandler                0x000008c0   Section        0  nrfx_prs.o(i.UARTE0_UART0_IRQHandler)
    i._DoInit                                0x000008cc   Section        0  segger_rtt.o(i._DoInit)
    _DoInit                                  0x000008cd   Thumb Code    76  segger_rtt.o(i._DoInit)
    i._GetAvailWriteSpace                    0x00000934   Section        0  segger_rtt.o(i._GetAvailWriteSpace)
    _GetAvailWriteSpace                      0x00000935   Thumb Code    22  segger_rtt.o(i._GetAvailWriteSpace)
    i._WriteBlocking                         0x0000094a   Section        0  segger_rtt.o(i._WriteBlocking)
    _WriteBlocking                           0x0000094b   Thumb Code    90  segger_rtt.o(i._WriteBlocking)
    i._WriteNoCheck                          0x000009a4   Section        0  segger_rtt.o(i._WriteNoCheck)
    _WriteNoCheck                            0x000009a5   Thumb Code    66  segger_rtt.o(i._WriteNoCheck)
    i.__NVIC_ClearPendingIRQ                 0x000009e6   Section        0  app_timer.o(i.__NVIC_ClearPendingIRQ)
    __NVIC_ClearPendingIRQ                   0x000009e7   Thumb Code    26  app_timer.o(i.__NVIC_ClearPendingIRQ)
    i.__NVIC_EnableIRQ                       0x00000a00   Section        0  app_timer.o(i.__NVIC_EnableIRQ)
    __NVIC_EnableIRQ                         0x00000a01   Thumb Code    26  app_timer.o(i.__NVIC_EnableIRQ)
    i.__NVIC_SetPendingIRQ                   0x00000a1a   Section        0  app_timer.o(i.__NVIC_SetPendingIRQ)
    __NVIC_SetPendingIRQ                     0x00000a1b   Thumb Code    26  app_timer.o(i.__NVIC_SetPendingIRQ)
    i.__NVIC_SetPriority                     0x00000a34   Section        0  app_timer.o(i.__NVIC_SetPriority)
    __NVIC_SetPriority                       0x00000a35   Thumb Code    32  app_timer.o(i.__NVIC_SetPriority)
    i.__scatterload_copy                     0x00000a54   Section       14  handlers.o(i.__scatterload_copy)
    i.__scatterload_null                     0x00000a62   Section        2  handlers.o(i.__scatterload_null)
    i.__scatterload_zeroinit                 0x00000a64   Section       14  handlers.o(i.__scatterload_zeroinit)
    i.alert_timer_handler                    0x00000a72   Section        0  bsp.o(i.alert_timer_handler)
    alert_timer_handler                      0x00000a73   Thumb Code     6  bsp.o(i.alert_timer_handler)
    i.app_button_enable                      0x00000a78   Section        0  app_button.o(i.app_button_enable)
    i.app_button_init                        0x00000a9c   Section        0  app_button.o(i.app_button_init)
    i.app_error_fault_handler                0x00000b14   Section        0  app_error_weak.o(i.app_error_fault_handler)
    i.app_error_handler_bare                 0x00000b98   Section        0  app_error.o(i.app_error_handler_bare)
    i.app_tick_handler                       0x00000bb0   Section        0  main.o(i.app_tick_handler)
    app_tick_handler                         0x00000bb1   Thumb Code    42  main.o(i.app_tick_handler)
    i.app_timer_create                       0x00000bf8   Section        0  app_timer.o(i.app_timer_create)
    i.app_timer_init                         0x00000c1c   Section        0  app_timer.o(i.app_timer_init)
    i.app_timer_start                        0x00000c70   Section        0  app_timer.o(i.app_timer_start)
    i.app_timer_stop                         0x00000cf0   Section        0  app_timer.o(i.app_timer_stop)
    i.app_util_critical_region_enter         0x00000d10   Section        0  app_util_platform.o(i.app_util_critical_region_enter)
    i.app_util_critical_region_exit          0x00000d14   Section        0  app_util_platform.o(i.app_util_critical_region_exit)
    i.app_util_disable_irq                   0x00000d18   Section        0  app_util_platform.o(i.app_util_disable_irq)
    i.app_util_enable_irq                    0x00000d28   Section        0  app_util_platform.o(i.app_util_enable_irq)
    i.bsp_board_init                         0x00000d3c   Section        0  boards.o(i.bsp_board_init)
    i.bsp_board_led_invert                   0x00000d90   Section        0  boards.o(i.bsp_board_led_invert)
    i.bsp_board_led_off                      0x00000dbc   Section        0  boards.o(i.bsp_board_led_off)
    i.bsp_board_led_on                       0x00000dcc   Section        0  boards.o(i.bsp_board_led_on)
    i.bsp_board_led_state_get                0x00000ddc   Section        0  boards.o(i.bsp_board_led_state_get)
    i.bsp_board_leds_off                     0x00000e04   Section        0  boards.o(i.bsp_board_leds_off)
    i.bsp_board_leds_on                      0x00000e16   Section        0  boards.o(i.bsp_board_leds_on)
    i.bsp_board_pin_to_button_idx            0x00000e28   Section        0  boards.o(i.bsp_board_pin_to_button_idx)
    i.bsp_button_event_handler               0x00000e4c   Section        0  bsp.o(i.bsp_button_event_handler)
    bsp_button_event_handler                 0x00000e4d   Thumb Code   132  bsp.o(i.bsp_button_event_handler)
    i.bsp_event_handler                      0x00000edc   Section        0  main.o(i.bsp_event_handler)
    bsp_event_handler                        0x00000edd   Thumb Code   148  main.o(i.bsp_event_handler)
    i.bsp_event_to_button_action_assign      0x00000ff8   Section        0  bsp.o(i.bsp_event_to_button_action_assign)
    i.bsp_init                               0x0000103c   Section        0  bsp.o(i.bsp_init)
    i.bsp_led_indication                     0x000010d0   Section        0  bsp.o(i.bsp_led_indication)
    bsp_led_indication                       0x000010d1   Thumb Code   446  bsp.o(i.bsp_led_indication)
    i.buf_prealloc                           0x00001298   Section        0  nrf_log_frontend.o(i.buf_prealloc)
    buf_prealloc                             0x00001299   Thumb Code   130  nrf_log_frontend.o(i.buf_prealloc)
    i.buffer_add                             0x00001320   Section        0  nrf_fprintf_format.o(i.buffer_add)
    buffer_add                               0x00001321   Thumb Code    30  nrf_fprintf_format.o(i.buffer_add)
    i.buffer_is_empty                        0x00001340   Section        0  nrf_log_frontend.o(i.buffer_is_empty)
    i.button_timer_handler                   0x00001354   Section        0  bsp.o(i.button_timer_handler)
    button_timer_handler                     0x00001355   Thumb Code     8  bsp.o(i.button_timer_handler)
    i.channel_free                           0x0000135c   Section        0  nrfx_gpiote.o(i.channel_free)
    channel_free                             0x0000135d   Thumb Code    22  nrfx_gpiote.o(i.channel_free)
    i.channel_port_alloc                     0x00001378   Section        0  nrfx_gpiote.o(i.channel_port_alloc)
    channel_port_alloc                       0x00001379   Thumb Code    66  nrfx_gpiote.o(i.channel_port_alloc)
    i.channel_port_get                       0x000013c0   Section        0  nrfx_gpiote.o(i.channel_port_get)
    channel_port_get                         0x000013c1   Thumb Code    10  nrfx_gpiote.o(i.channel_port_get)
    i.clock_clk_started_notify               0x000013d0   Section        0  nrf_drv_clock.o(i.clock_clk_started_notify)
    clock_clk_started_notify                 0x000013d1   Thumb Code    34  nrf_drv_clock.o(i.clock_clk_started_notify)
    i.clock_irq_handler                      0x000013f8   Section        0  nrf_drv_clock.o(i.clock_irq_handler)
    clock_irq_handler                        0x000013f9   Thumb Code    24  nrf_drv_clock.o(i.clock_irq_handler)
    i.compare_reg_update                     0x00001414   Section        0  app_timer.o(i.compare_reg_update)
    compare_reg_update                       0x00001415   Thumb Code   160  app_timer.o(i.compare_reg_update)
    i.detection_delay_timeout_handler        0x000014c0   Section        0  app_button.o(i.detection_delay_timeout_handler)
    detection_delay_timeout_handler          0x000014c1   Thumb Code   148  app_button.o(i.detection_delay_timeout_handler)
    i.dropped_sat16_get                      0x00001558   Section        0  nrf_log_frontend.o(i.dropped_sat16_get)
    dropped_sat16_get                        0x00001559   Thumb Code    16  nrf_log_frontend.o(i.dropped_sat16_get)
    i.elapsed_ticks_acquire                  0x0000156c   Section        0  app_timer.o(i.elapsed_ticks_acquire)
    elapsed_ticks_acquire                    0x0000156d   Thumb Code    58  app_timer.o(i.elapsed_ticks_acquire)
    i.gpiote_event_handler                   0x000015ac   Section        0  app_button.o(i.gpiote_event_handler)
    gpiote_event_handler                     0x000015ad   Thumb Code   122  app_button.o(i.gpiote_event_handler)
    i.int_print                              0x00001630   Section        0  nrf_fprintf_format.o(i.int_print)
    int_print                                0x00001631   Thumb Code   166  nrf_fprintf_format.o(i.int_print)
    i.invalid_packets_omit                   0x000016d6   Section        0  nrf_log_frontend.o(i.invalid_packets_omit)
    invalid_packets_omit                     0x000016d7   Thumb Code    52  nrf_log_frontend.o(i.invalid_packets_omit)
    i.item_enqueue                           0x0000170a   Section        0  nrf_drv_clock.o(i.item_enqueue)
    item_enqueue                             0x0000170b   Thumb Code    22  nrf_drv_clock.o(i.item_enqueue)
    i.leds_off                               0x00001720   Section        0  bsp.o(i.leds_off)
    leds_off                                 0x00001721   Thumb Code    42  bsp.o(i.leds_off)
    i.leds_timer_handler                     0x00001750   Section        0  bsp.o(i.leds_timer_handler)
    leds_timer_handler                       0x00001751   Thumb Code    16  bsp.o(i.leds_timer_handler)
    i.list_insertions_handler                0x00001764   Section        0  app_timer.o(i.list_insertions_handler)
    list_insertions_handler                  0x00001765   Thumb Code   234  app_timer.o(i.list_insertions_handler)
    i.log_skip                               0x0000185c   Section        0  nrf_log_frontend.o(i.log_skip)
    log_skip                                 0x0000185d   Thumb Code   148  nrf_log_frontend.o(i.log_skip)
    i.main                                   0x000018f8   Section        0  main.o(i.main)
    i.memobj_op                              0x0000193c   Section        0  nrf_memobj.o(i.memobj_op)
    memobj_op                                0x0000193d   Thumb Code   126  nrf_memobj.o(i.memobj_op)
    i.module_idx_get                         0x000019bc   Section        0  nrf_log_frontend.o(i.module_idx_get)
    module_idx_get                           0x000019bd   Thumb Code    42  nrf_log_frontend.o(i.module_idx_get)
    i.nrf_atomic_flag_clear_fetch            0x000019ec   Section        0  nrf_atomic.o(i.nrf_atomic_flag_clear_fetch)
    i.nrf_atomic_flag_set                    0x000019f2   Section        0  nrf_atomic.o(i.nrf_atomic_flag_set)
    i.nrf_atomic_u32_add                     0x000019f8   Section        0  nrf_atomic.o(i.nrf_atomic_u32_add)
    i.nrf_atomic_u32_fetch_and               0x00001a04   Section        0  nrf_atomic.o(i.nrf_atomic_u32_fetch_and)
    i.nrf_atomic_u32_fetch_store             0x00001a0e   Section        0  nrf_atomic.o(i.nrf_atomic_u32_fetch_store)
    i.nrf_atomic_u32_or                      0x00001a18   Section        0  nrf_atomic.o(i.nrf_atomic_u32_or)
    i.nrf_atomic_u32_sub                     0x00001a24   Section        0  nrf_atomic.o(i.nrf_atomic_u32_sub)
    i.nrf_balloc_alloc                       0x00001a30   Section        0  nrf_balloc.o(i.nrf_balloc_alloc)
    i.nrf_balloc_free                        0x00001a6e   Section        0  nrf_balloc.o(i.nrf_balloc_free)
    i.nrf_balloc_init                        0x00001a98   Section        0  nrf_balloc.o(i.nrf_balloc_init)
    i.nrf_bitmask_bit_is_set                 0x00001ac8   Section        0  nrfx_gpiote.o(i.nrf_bitmask_bit_is_set)
    nrf_bitmask_bit_is_set                   0x00001ac9   Thumb Code    16  nrfx_gpiote.o(i.nrf_bitmask_bit_is_set)
    i.nrf_bitmask_bit_set                    0x00001ad8   Section        0  nrfx_gpiote.o(i.nrf_bitmask_bit_set)
    nrf_bitmask_bit_set                      0x00001ad9   Thumb Code    20  nrfx_gpiote.o(i.nrf_bitmask_bit_set)
    i.nrf_clock_event_check                  0x00001aec   Section        0  nrfx_clock.o(i.nrf_clock_event_check)
    nrf_clock_event_check                    0x00001aed   Thumb Code    14  nrfx_clock.o(i.nrf_clock_event_check)
    i.nrf_clock_event_clear                  0x00001afa   Section        0  nrfx_clock.o(i.nrf_clock_event_clear)
    nrf_clock_event_clear                    0x00001afb   Thumb Code    16  nrfx_clock.o(i.nrf_clock_event_clear)
    i.nrf_drv_clock_init                     0x00001b0c   Section        0  nrf_drv_clock.o(i.nrf_drv_clock_init)
    i.nrf_drv_clock_lfclk_request            0x00001b40   Section        0  nrf_drv_clock.o(i.nrf_drv_clock_lfclk_request)
    i.nrf_fprintf                            0x00001b88   Section        0  nrf_fprintf.o(i.nrf_fprintf)
    i.nrf_fprintf_buffer_flush               0x00001ba2   Section        0  nrf_fprintf.o(i.nrf_fprintf_buffer_flush)
    i.nrf_fprintf_fmt                        0x00001bba   Section        0  nrf_fprintf_format.o(i.nrf_fprintf_fmt)
    i.nrf_gpio_cfg                           0x00001d94   Section        0  boards.o(i.nrf_gpio_cfg)
    nrf_gpio_cfg                             0x00001d95   Thumb Code    50  boards.o(i.nrf_gpio_cfg)
    i.nrf_gpio_cfg                           0x00001dc6   Section        0  nrfx_gpiote.o(i.nrf_gpio_cfg)
    nrf_gpio_cfg                             0x00001dc7   Thumb Code    50  nrfx_gpiote.o(i.nrf_gpio_cfg)
    i.nrf_gpio_cfg_sense_set                 0x00001df8   Section        0  nrfx_gpiote.o(i.nrf_gpio_cfg_sense_set)
    nrf_gpio_cfg_sense_set                   0x00001df9   Thumb Code    48  nrfx_gpiote.o(i.nrf_gpio_cfg_sense_set)
    i.nrf_gpio_pin_port_decode               0x00001e28   Section        0  boards.o(i.nrf_gpio_pin_port_decode)
    nrf_gpio_pin_port_decode                 0x00001e29   Thumb Code    22  boards.o(i.nrf_gpio_pin_port_decode)
    i.nrf_gpio_pin_port_decode               0x00001e44   Section        0  nrfx_gpiote.o(i.nrf_gpio_pin_port_decode)
    nrf_gpio_pin_port_decode                 0x00001e45   Thumb Code    22  nrfx_gpiote.o(i.nrf_gpio_pin_port_decode)
    i.nrf_gpio_pin_read                      0x00001e60   Section        0  nrfx_gpiote.o(i.nrf_gpio_pin_read)
    nrf_gpio_pin_read                        0x00001e61   Thumb Code    22  nrfx_gpiote.o(i.nrf_gpio_pin_read)
    i.nrf_gpio_pin_write                     0x00001e76   Section        0  boards.o(i.nrf_gpio_pin_write)
    nrf_gpio_pin_write                       0x00001e77   Thumb Code    38  boards.o(i.nrf_gpio_pin_write)
    i.nrf_gpio_ports_read                    0x00001e9c   Section        0  nrfx_gpiote.o(i.nrf_gpio_ports_read)
    nrf_gpio_ports_read                      0x00001e9d   Thumb Code    38  nrfx_gpiote.o(i.nrf_gpio_ports_read)
    i.nrf_gpiote_event_clear                 0x00001ec8   Section        0  nrfx_gpiote.o(i.nrf_gpiote_event_clear)
    nrf_gpiote_event_clear                   0x00001ec9   Thumb Code    16  nrfx_gpiote.o(i.nrf_gpiote_event_clear)
    i.nrf_gpiote_event_is_set                0x00001edc   Section        0  nrfx_gpiote.o(i.nrf_gpiote_event_is_set)
    nrf_gpiote_event_is_set                  0x00001edd   Thumb Code    12  nrfx_gpiote.o(i.nrf_gpiote_event_is_set)
    i.nrf_log_backend_add                    0x00001eec   Section        0  nrf_log_frontend.o(i.nrf_log_backend_add)
    i.nrf_log_backend_rtt_flush              0x00001f48   Section        0  nrf_log_backend_rtt.o(i.nrf_log_backend_rtt_flush)
    nrf_log_backend_rtt_flush                0x00001f49   Thumb Code     2  nrf_log_backend_rtt.o(i.nrf_log_backend_rtt_flush)
    i.nrf_log_backend_rtt_init               0x00001f4a   Section        0  nrf_log_backend_rtt.o(i.nrf_log_backend_rtt_init)
    i.nrf_log_backend_rtt_panic_set          0x00001f4e   Section        0  nrf_log_backend_rtt.o(i.nrf_log_backend_rtt_panic_set)
    nrf_log_backend_rtt_panic_set            0x00001f4f   Thumb Code     2  nrf_log_backend_rtt.o(i.nrf_log_backend_rtt_panic_set)
    i.nrf_log_backend_rtt_put                0x00001f50   Section        0  nrf_log_backend_rtt.o(i.nrf_log_backend_rtt_put)
    nrf_log_backend_rtt_put                  0x00001f51   Thumb Code    16  nrf_log_backend_rtt.o(i.nrf_log_backend_rtt_put)
    i.nrf_log_backend_serial_put             0x00001f68   Section        0  nrf_log_backend_serial.o(i.nrf_log_backend_serial_put)
    i.nrf_log_color_id_get                   0x00002030   Section        0  nrf_log_frontend.o(i.nrf_log_color_id_get)
    i.nrf_log_default_backends_init          0x00002060   Section        0  nrf_log_default_backends.o(i.nrf_log_default_backends_init)
    i.nrf_log_frontend_dequeue               0x0000207c   Section        0  nrf_log_frontend.o(i.nrf_log_frontend_dequeue)
    i.nrf_log_frontend_std_0                 0x000022ac   Section        0  nrf_log_frontend.o(i.nrf_log_frontend_std_0)
    i.nrf_log_hexdump_entry_process          0x000022b4   Section        0  nrf_log_str_formatter.o(i.nrf_log_hexdump_entry_process)
    i.nrf_log_init                           0x00002360   Section        0  nrf_log_frontend.o(i.nrf_log_init)
    i.nrf_log_module_cnt_get                 0x0000239c   Section        0  nrf_log_frontend.o(i.nrf_log_module_cnt_get)
    i.nrf_log_module_name_get                0x000023b0   Section        0  nrf_log_frontend.o(i.nrf_log_module_name_get)
    i.nrf_log_panic                          0x000023cc   Section        0  nrf_log_frontend.o(i.nrf_log_panic)
    i.nrf_log_std_entry_process              0x000023f8   Section        0  nrf_log_str_formatter.o(i.nrf_log_std_entry_process)
    i.nrf_memobj_alloc                       0x000024ae   Section        0  nrf_memobj.o(i.nrf_memobj_alloc)
    i.nrf_memobj_free                        0x0000250e   Section        0  nrf_memobj.o(i.nrf_memobj_free)
    i.nrf_memobj_get                         0x00002540   Section        0  nrf_memobj.o(i.nrf_memobj_get)
    i.nrf_memobj_pool_init                   0x00002548   Section        0  nrf_memobj.o(i.nrf_memobj_pool_init)
    i.nrf_memobj_put                         0x0000254c   Section        0  nrf_memobj.o(i.nrf_memobj_put)
    i.nrf_memobj_read                        0x0000256a   Section        0  nrf_memobj.o(i.nrf_memobj_read)
    i.nrf_memobj_write                       0x0000257a   Section        0  nrf_memobj.o(i.nrf_memobj_write)
    i.nrf_pwr_mgmt_init                      0x0000258c   Section        0  nrf_pwr_mgmt.o(i.nrf_pwr_mgmt_init)
    i.nrf_pwr_mgmt_run                       0x000025b4   Section        0  nrf_pwr_mgmt.o(i.nrf_pwr_mgmt_run)
    i.nrf_ringbuf_init                       0x000025e8   Section        0  nrf_ringbuf.o(i.nrf_ringbuf_init)
    i.nrf_section_iter_init                  0x00002604   Section        0  nrf_section_iter.o(i.nrf_section_iter_init)
    i.nrf_section_iter_item_set              0x0000260e   Section        0  nrf_section_iter.o(i.nrf_section_iter_item_set)
    nrf_section_iter_item_set                0x0000260f   Thumb Code    36  nrf_section_iter.o(i.nrf_section_iter_item_set)
    i.nrfx_clock_enable                      0x00002634   Section        0  nrfx_clock.o(i.nrfx_clock_enable)
    i.nrfx_clock_init                        0x00002664   Section        0  nrfx_clock.o(i.nrfx_clock_init)
    i.nrfx_clock_lfclk_start                 0x00002684   Section        0  nrfx_clock.o(i.nrfx_clock_lfclk_start)
    i.nrfx_coredep_delay_us                  0x000026a4   Section        0  app_timer.o(i.nrfx_coredep_delay_us)
    nrfx_coredep_delay_us                    0x000026a5   Thumb Code    12  app_timer.o(i.nrfx_coredep_delay_us)
    i.nrfx_gpiote_in_event_enable            0x000026b4   Section        0  nrfx_gpiote.o(i.nrfx_gpiote_in_event_enable)
    i.nrfx_gpiote_in_init                    0x0000274c   Section        0  nrfx_gpiote.o(i.nrfx_gpiote_in_init)
    i.nrfx_gpiote_in_is_set                  0x00002820   Section        0  nrfx_gpiote.o(i.nrfx_gpiote_in_is_set)
    i.nrfx_gpiote_init                       0x00002830   Section        0  nrfx_gpiote.o(i.nrfx_gpiote_init)
    i.nrfx_gpiote_is_init                    0x000028a4   Section        0  nrfx_gpiote.o(i.nrfx_gpiote_is_init)
    i.pin_in_use_by_port                     0x000028b8   Section        0  nrfx_gpiote.o(i.pin_in_use_by_port)
    pin_in_use_by_port                       0x000028b9   Thumb Code    20  nrfx_gpiote.o(i.pin_in_use_by_port)
    i.pin_in_use_by_te                       0x000028d0   Section        0  nrfx_gpiote.o(i.pin_in_use_by_te)
    pin_in_use_by_te                         0x000028d1   Thumb Code    20  nrfx_gpiote.o(i.pin_in_use_by_te)
    i.postfix_process                        0x000028e8   Section        0  nrf_log_str_formatter.o(i.postfix_process)
    postfix_process                          0x000028e9   Thumb Code    48  nrf_log_str_formatter.o(i.postfix_process)
    i.prefix_process                         0x00002924   Section        0  nrf_log_str_formatter.o(i.prefix_process)
    prefix_process                           0x00002925   Thumb Code    90  nrf_log_str_formatter.o(i.prefix_process)
    i.rtc1_stop                              0x000029bc   Section        0  app_timer.o(i.rtc1_stop)
    rtc1_stop                                0x000029bd   Thumb Code    60  app_timer.o(i.rtc1_stop)
    i.serial_tx                              0x00002a00   Section        0  nrf_log_backend_rtt.o(i.serial_tx)
    serial_tx                                0x00002a01   Thumb Code    70  nrf_log_backend_rtt.o(i.serial_tx)
    i.std_n                                  0x00002a50   Section        0  nrf_log_frontend.o(i.std_n)
    std_n                                    0x00002a51   Thumb Code   136  nrf_log_frontend.o(i.std_n)
    i.timer_list_handler                     0x00002adc   Section        0  app_timer.o(i.timer_list_handler)
    timer_list_handler                       0x00002add   Thumb Code   122  app_timer.o(i.timer_list_handler)
    i.timer_list_insert                      0x00002b5c   Section        0  app_timer.o(i.timer_list_insert)
    timer_list_insert                        0x00002b5d   Thumb Code    56  app_timer.o(i.timer_list_insert)
    i.timer_list_remove                      0x00002b98   Section        0  app_timer.o(i.timer_list_remove)
    timer_list_remove                        0x00002b99   Thumb Code    88  app_timer.o(i.timer_list_remove)
    i.timer_stop_op_schedule                 0x00002bf8   Section        0  app_timer.o(i.timer_stop_op_schedule)
    timer_stop_op_schedule                   0x00002bf9   Thumb Code    60  app_timer.o(i.timer_stop_op_schedule)
    i.timer_timeouts_check                   0x00002c38   Section        0  app_timer.o(i.timer_timeouts_check)
    timer_timeouts_check                     0x00002c39   Thumb Code   106  app_timer.o(i.timer_timeouts_check)
    i.unsigned_print                         0x00002cac   Section        0  nrf_fprintf_format.o(i.unsigned_print)
    unsigned_print                           0x00002cad   Thumb Code   176  nrf_fprintf_format.o(i.unsigned_print)
    i.user_op_alloc                          0x00002d60   Section        0  app_timer.o(i.user_op_alloc)
    user_op_alloc                            0x00002d61   Thumb Code    42  app_timer.o(i.user_op_alloc)
    i.utils_setup                            0x00002d90   Section        0  main.o(i.utils_setup)
    utils_setup                              0x00002d91   Thumb Code   180  main.o(i.utils_setup)
    .constdata                               0x00002e50   Section        4  main.o(.constdata)
    m_tick_timer                             0x00002e50   Data           4  main.o(.constdata)
    .constdata                               0x00002e54   Section        8  boards.o(.constdata)
    m_board_led_list                         0x00002e54   Data           4  boards.o(.constdata)
    m_board_btn_list                         0x00002e58   Data           4  boards.o(.constdata)
    .constdata                               0x00002e5c   Section       44  bsp.o(.constdata)
    m_bsp_leds_tmr                           0x00002e5c   Data           4  bsp.o(.constdata)
    m_bsp_alert_tmr                          0x00002e60   Data           4  bsp.o(.constdata)
    m_bsp_button_tmr                         0x00002e64   Data           4  bsp.o(.constdata)
    app_buttons                              0x00002e68   Data          32  bsp.o(.constdata)
    .constdata                               0x00002e88   Section        8  nrfx_gpiote.o(.constdata)
    .constdata                               0x00002e90   Section        8  app_button.o(.constdata)
    m_detection_delay_timer_id               0x00002e94   Data           4  app_button.o(.constdata)
    .constdata                               0x00002ea0   Section        6  app_timer.o(.constdata)
    delay_bytecode                           0x00002ea0   Data           6  app_timer.o(.constdata)
    .constdata                               0x00002ea6   Section       16  nrf_fprintf_format.o(.constdata)
    _aV2C                                    0x00002ea6   Data          16  nrf_fprintf_format.o(.constdata)
    .constdata                               0x00002eb8   Section       24  nrf_pwr_mgmt.o(.constdata)
    pwr_mgmt_data_array                      0x00002eb8   Data          24  nrf_pwr_mgmt.o(.constdata)
    .constdata                               0x00002ed0   Section       12  nrf_pwr_mgmt.o(.constdata)
    pwr_mgmt_data                            0x00002ed0   Data          12  nrf_pwr_mgmt.o(.constdata)
    .constdata                               0x00002edc   Section       12  nrf_log_backend_rtt.o(.constdata)
    .constdata                               0x00002ef0   Section        6  nrf_log_backend_rtt.o(.constdata)
    delay_bytecode                           0x00002ef0   Data           6  nrf_log_backend_rtt.o(.constdata)
    .constdata                               0x00002ef8   Section       12  nrf_log_frontend.o(.constdata)
    m_log_push_ringbuf                       0x00002ef8   Data          12  nrf_log_frontend.o(.constdata)
    .constdata                               0x00002f04   Section      129  ctype_o.o(.constdata)
    .constdata                               0x00002f88   Section        4  ctype_o.o(.constdata)
    table                                    0x00002f88   Data           4  ctype_o.o(.constdata)
    .conststring                             0x00002f8c   Section      102  nrf_log_str_formatter.o(.conststring)
    .conststrlit                             0x00002ff4   Section        6  nrf_drv_clock.o(.conststrlit)
    .conststrlit                             0x00002ffc   Section        6  nrfx_clock.o(.conststrlit)
    .conststrlit                             0x00003004   Section        7  nrfx_gpiote.o(.conststrlit)
    .conststrlit                             0x0000300c   Section        4  nrfx_prs.o(.conststrlit)
    .conststrlit                             0x00003010   Section        5  nrfx_uart.o(.conststrlit)
    .conststrlit                             0x00003018   Section        6  nrfx_uarte.o(.conststrlit)
    .conststrlit                             0x00003020   Section        9  nrf_pwr_mgmt.o(.conststrlit)
    .conststrlit                             0x0000302c   Section       16  nrf_log_default_backends.o(.conststrlit)
    .conststrlit                             0x0000303c   Section        4  nrf_log_frontend.o(.conststrlit)
    log_backends                             0x00003060   Section       16  nrf_log_default_backends.o(log_backends)
    __tagsym$$used                           0x00003060   Number         0  nrf_log_default_backends.o(log_backends)
    rtt_log_backend                          0x00003060   Data          16  nrf_log_default_backends.o(log_backends)
    log_const_data                           0x00003070   Section        8  nrf_drv_clock.o(log_const_data)
    __tagsym$$used                           0x00003070   Number         0  nrf_drv_clock.o(log_const_data)
    log_const_data                           0x00003078   Section        8  nrfx_clock.o(log_const_data)
    __tagsym$$used                           0x00003078   Number         0  nrfx_clock.o(log_const_data)
    log_const_data                           0x00003080   Section        8  nrfx_gpiote.o(log_const_data)
    __tagsym$$used                           0x00003080   Number         0  nrfx_gpiote.o(log_const_data)
    log_const_data                           0x00003088   Section        8  nrfx_prs.o(log_const_data)
    __tagsym$$used                           0x00003088   Number         0  nrfx_prs.o(log_const_data)
    log_const_data                           0x00003090   Section        8  nrfx_uart.o(log_const_data)
    __tagsym$$used                           0x00003090   Number         0  nrfx_uart.o(log_const_data)
    log_const_data                           0x00003098   Section        8  nrfx_uarte.o(log_const_data)
    __tagsym$$used                           0x00003098   Number         0  nrfx_uarte.o(log_const_data)
    log_const_data                           0x000030a0   Section        8  nrf_pwr_mgmt.o(log_const_data)
    __tagsym$$used                           0x000030a0   Number         0  nrf_pwr_mgmt.o(log_const_data)
    log_const_data                           0x000030a8   Section        8  nrf_log_frontend.o(log_const_data)
    __tagsym$$used                           0x000030a8   Number         0  nrf_log_frontend.o(log_const_data)
    nrf_balloc                               0x000030b0   Section       20  nrf_log_frontend.o(nrf_balloc)
    __tagsym$$used                           0x000030b0   Number         0  nrf_log_frontend.o(nrf_balloc)
    .data                                    0x20000000   Section        1  main.o(.data)
    m_system_off_mode_on                     0x20000000   Data           1  main.o(.data)
    .data                                    0x20000004   Section       16  bsp.o(.data)
    m_stable_state                           0x20000004   Data           1  bsp.o(.data)
    m_leds_clear                             0x20000005   Data           1  bsp.o(.data)
    m_alert_on                               0x20000006   Data           1  bsp.o(.data)
    current_long_push_pin_no                 0x20000007   Data           1  bsp.o(.data)
    m_indication_type                        0x20000008   Data           4  bsp.o(.data)
    m_registered_callback                    0x2000000c   Data           4  bsp.o(.data)
    release_event_at_push                    0x20000010   Data           4  bsp.o(.data)
    .data                                    0x20000014   Section        8  nrfx_clock.o(.data)
    m_clock_cb                               0x20000014   Data           8  nrfx_clock.o(.data)
    .data                                    0x2000001c   Section        8  nrfx_prs.o(.data)
    m_prs_box_4                              0x2000001c   Data           8  nrfx_prs.o(.data)
    .data                                    0x20000028   Section       32  app_button.o(.data)
    m_button_count                           0x20000028   Data           1  app_button.o(.data)
    mp_buttons                               0x2000002c   Data           4  app_button.o(.data)
    m_detection_delay                        0x20000030   Data           4  app_button.o(.data)
    m_pin_state                              0x20000038   Data           8  app_button.o(.data)
    m_pin_transition                         0x20000040   Data           8  app_button.o(.data)
    .data                                    0x20000048   Section       20  app_timer.o(.data)
    m_ticks_elapsed_q_read_ind               0x20000048   Data           1  app_timer.o(.data)
    m_ticks_elapsed_q_write_ind              0x20000049   Data           1  app_timer.o(.data)
    m_rtc1_running                           0x2000004a   Data           1  app_timer.o(.data)
    m_rtc1_reset                             0x2000004b   Data           1  app_timer.o(.data)
    mp_timer_id_head                         0x2000004c   Data           4  app_timer.o(.data)
    m_ticks_latest                           0x20000050   Data           4  app_timer.o(.data)
    m_ticks_elapsed                          0x20000054   Data           8  app_timer.o(.data)
    .data                                    0x2000005c   Section        4  app_util_platform.o(.data)
    m_in_critical_region                     0x2000005c   Data           4  app_util_platform.o(.data)
    .data                                    0x20000060   Section        8  nrf_pwr_mgmt.o(.data)
    m_pwr_mgmt_evt                           0x20000060   Data           1  nrf_pwr_mgmt.o(.data)
    m_shutdown_started                       0x20000061   Data           1  nrf_pwr_mgmt.o(.data)
    m_sysoff_mtx                             0x20000064   Data           4  nrf_pwr_mgmt.o(.data)
    .data                                    0x20000068   Section        1  nrf_log_backend_rtt.o(.data)
    m_host_present                           0x20000068   Data           1  nrf_log_backend_rtt.o(.data)
    .data                                    0x2000006c   Section        8  nrf_log_default_backends.o(.data)
    log_backend_cb_rtt_log_backend           0x2000006c   Data           8  nrf_log_default_backends.o(.data)
    .data                                    0x20000074   Section        8  nrf_log_frontend.o(.data)
    log_mempool_nrf_balloc_pool_stack        0x20000074   Data           8  nrf_log_frontend.o(.data)
    .data                                    0x2000007c   Section        8  nrf_log_frontend.o(.data)
    log_mempool_nrf_balloc_cb                0x2000007c   Data           8  nrf_log_frontend.o(.data)
    .data                                    0x20000084   Section       64  nrf_log_str_formatter.o(.data)
    m_freq                                   0x20000084   Data           4  nrf_log_str_formatter.o(.data)
    m_timestamp_div                          0x20000088   Data           4  nrf_log_str_formatter.o(.data)
    severity_names                           0x2000008c   Data          20  nrf_log_str_formatter.o(.data)
    m_colors                                 0x200000a0   Data          36  nrf_log_str_formatter.o(.data)
    .data                                    0x200000c4   Section        4  system_nrf52840.o(.data)
    __tagsym$$used                           0x200000c4   Number         0  system_nrf52840.o(.data)
    .bss                                     0x200000c8   Section       32  main.o(.bss)
    m_tick_timer_data                        0x200000c8   Data          32  main.o(.bss)
    .bss                                     0x200000e8   Section       32  bsp.o(.bss)
    m_bsp_leds_tmr_data                      0x200000e8   Data          32  bsp.o(.bss)
    .bss                                     0x20000108   Section       32  bsp.o(.bss)
    m_bsp_alert_tmr_data                     0x20000108   Data          32  bsp.o(.bss)
    .bss                                     0x20000128   Section       12  bsp.o(.bss)
    m_events_list                            0x20000128   Data          12  bsp.o(.bss)
    .bss                                     0x20000134   Section       32  bsp.o(.bss)
    m_bsp_button_tmr_data                    0x20000134   Data          32  bsp.o(.bss)
    .bss                                     0x20000154   Section       20  nrf_drv_clock.o(.bss)
    m_clock_cb                               0x20000154   Data          20  nrf_drv_clock.o(.bss)
    .bss                                     0x20000168   Section      108  nrfx_gpiote.o(.bss)
    m_cb                                     0x20000168   Data         108  nrfx_gpiote.o(.bss)
    .bss                                     0x200001d4   Section       32  app_button.o(.bss)
    m_detection_delay_timer_id_data          0x200001d4   Data          32  app_button.o(.bss)
    .bss                                     0x200001f4   Section      268  app_timer.o(.bss)
    m_op_queue                               0x200001f4   Data         268  app_timer.o(.bss)
    .bss                                     0x20000300   Section       12  nrf_pwr_mgmt.o(.bss)
    m_handlers_iter                          0x20000300   Data          12  nrf_pwr_mgmt.o(.bss)
    .bss                                     0x2000030c   Section       64  nrf_log_backend_rtt.o(.bss)
    m_string_buff                            0x2000030c   Data          64  nrf_log_backend_rtt.o(.bss)
    .bss                                     0x2000034c   Section      192  nrf_log_frontend.o(.bss)
    log_mempool_nrf_balloc_pool_mem          0x2000034c   Data         192  nrf_log_frontend.o(.bss)
    .bss                                     0x2000040c   Section      128  nrf_log_frontend.o(.bss)
    m_log_push_ringbuf_buf                   0x2000040c   Data         128  nrf_log_frontend.o(.bss)
    .bss                                     0x2000048c   Section       24  nrf_log_frontend.o(.bss)
    m_log_push_ringbuf_cb                    0x2000048c   Data          24  nrf_log_frontend.o(.bss)
    .bss                                     0x200004a4   Section     1060  nrf_log_frontend.o(.bss)
    m_log_data                               0x200004a4   Data        1060  nrf_log_frontend.o(.bss)
    .bss                                     0x200008c8   Section      648  segger_rtt.o(.bss)
    _acUpBuffer                              0x20000940   Data         512  segger_rtt.o(.bss)
    _acDownBuffer                            0x20000b40   Data          16  segger_rtt.o(.bss)
    STACK                                    0x20000b50   Section     8192  arm_startup_nrf52840.o(STACK)

    Global Symbols

    Symbol Name                              Value     Ov Type        Size  Object(Section)

    BuildAttributes$$THM_ISAv4$E$P$D$K$B$S$7EM$VFPi3$EXTD16$VFPS$VFMA$PE$A:L22UL41UL21$X:L11$S22US41US21$IEEE1$IW$USESV6$~STKCKD$USESV7$~SHL$OSPACE$EBA8$MICROLIB$REQ8$EABIv2 0x00000000   Number         0  anon$$obj.o ABSOLUTE
    __ARM_use_no_argv                        0x00000000   Number         0  main.o ABSOLUTE
    __Vectors                                0x00000000   Data           4  arm_startup_nrf52840.o(RESET)
    __use_no_errno                           0x00000000   Number         0  useno.o ABSOLUTE
    __use_no_exception_handling              0x00000000   Number         0  useno.o ABSOLUTE
    __use_no_fp                              0x00000000   Number         0  useno.o ABSOLUTE
    __use_no_heap                            0x00000000   Number         0  useno.o ABSOLUTE
    __use_no_heap_region                     0x00000000   Number         0  useno.o ABSOLUTE
    __use_no_semihosting                     0x00000000   Number         0  useno.o ABSOLUTE
    __use_no_semihosting_swi                 0x00000000   Number         0  useno.o ABSOLUTE
    __use_no_signal_handling                 0x00000000   Number         0  useno.o ABSOLUTE
    __cpp_initialize__aeabi_                  - Undefined Weak Reference
    __cxa_finalize                            - Undefined Weak Reference
    __decompress                              - Undefined Weak Reference
    _clock_init                               - Undefined Weak Reference
    _microlib_exit                            - Undefined Weak Reference
    log_dynamic_data$$Base                    - Undefined Reference
    pwr_mgmt_data0$$Base                      - Undefined Reference
    pwr_mgmt_data0$$Limit                     - Undefined Reference
    pwr_mgmt_data1$$Base                      - Undefined Reference
    pwr_mgmt_data1$$Limit                     - Undefined Reference
    pwr_mgmt_data2$$Base                      - Undefined Reference
    pwr_mgmt_data2$$Limit                     - Undefined Reference
    __Vectors_End                            0x00000200   Data           0  arm_startup_nrf52840.o(RESET)
    __Vectors_Size                           0x00000200   Number         0  arm_startup_nrf52840.o ABSOLUTE
    __main                                   0x00000201   Thumb Code     0  entry.o(.ARM.Collect$$$$00000000)
    _main_stk                                0x00000201   Thumb Code     0  entry2.o(.ARM.Collect$$$$00000001)
    _main_scatterload                        0x00000205   Thumb Code     0  entry5.o(.ARM.Collect$$$$00000004)
    __main_after_scatterload                 0x00000209   Thumb Code     0  entry5.o(.ARM.Collect$$$$00000004)
    _main_clock                              0x00000209   Thumb Code     0  entry7b.o(.ARM.Collect$$$$00000008)
    _main_cpp_init                           0x00000209   Thumb Code     0  entry8b.o(.ARM.Collect$$$$0000000A)
    _main_init                               0x00000209   Thumb Code     0  entry9a.o(.ARM.Collect$$$$0000000B)
    __rt_final_cpp                           0x00000211   Thumb Code     0  entry10a.o(.ARM.Collect$$$$0000000D)
    __rt_final_exit                          0x00000211   Thumb Code     0  entry11a.o(.ARM.Collect$$$$0000000F)
    __asm___12_nrf_atomic_c_85ca2469__nrf_atomic_internal_mov 0x00000215   Thumb Code    24  nrf_atomic.o(.emb_text)
    __asm___12_nrf_atomic_c_85ca2469__nrf_atomic_internal_orr 0x0000022d   Thumb Code    26  nrf_atomic.o(.emb_text)
    __asm___12_nrf_atomic_c_85ca2469__nrf_atomic_internal_and 0x00000247   Thumb Code    26  nrf_atomic.o(.emb_text)
    __asm___12_nrf_atomic_c_85ca2469__nrf_atomic_internal_eor 0x00000261   Thumb Code    26  nrf_atomic.o(.emb_text)
    __asm___12_nrf_atomic_c_85ca2469__nrf_atomic_internal_add 0x0000027b   Thumb Code    26  nrf_atomic.o(.emb_text)
    __asm___12_nrf_atomic_c_85ca2469__nrf_atomic_internal_sub 0x00000295   Thumb Code    26  nrf_atomic.o(.emb_text)
    __asm___12_nrf_atomic_c_85ca2469__nrf_atomic_internal_cmp_exch 0x000002af   Thumb Code    42  nrf_atomic.o(.emb_text)
    __asm___12_nrf_atomic_c_85ca2469__nrf_atomic_internal_sub_hs 0x000002d9   Thumb Code    30  nrf_atomic.o(.emb_text)
    Reset_Handler                            0x000002f9   Thumb Code     8  arm_startup_nrf52840.o(.text)
    NMI_Handler                              0x00000301   Thumb Code     2  arm_startup_nrf52840.o(.text)
    HardFault_Handler                        0x00000303   Thumb Code     2  arm_startup_nrf52840.o(.text)
    MemoryManagement_Handler                 0x00000305   Thumb Code     2  arm_startup_nrf52840.o(.text)
    BusFault_Handler                         0x00000307   Thumb Code     2  arm_startup_nrf52840.o(.text)
    UsageFault_Handler                       0x00000309   Thumb Code     2  arm_startup_nrf52840.o(.text)
    SVC_Handler                              0x0000030b   Thumb Code     2  arm_startup_nrf52840.o(.text)
    DebugMon_Handler                         0x0000030d   Thumb Code     2  arm_startup_nrf52840.o(.text)
    PendSV_Handler                           0x0000030f   Thumb Code     2  arm_startup_nrf52840.o(.text)
    SysTick_Handler                          0x00000311   Thumb Code     2  arm_startup_nrf52840.o(.text)
    CCM_AAR_IRQHandler                       0x00000313   Thumb Code     0  arm_startup_nrf52840.o(.text)
    COMP_LPCOMP_IRQHandler                   0x00000313   Thumb Code     0  arm_startup_nrf52840.o(.text)
    CRYPTOCELL_IRQHandler                    0x00000313   Thumb Code     0  arm_startup_nrf52840.o(.text)
    ECB_IRQHandler                           0x00000313   Thumb Code     0  arm_startup_nrf52840.o(.text)
    FPU_IRQHandler                           0x00000313   Thumb Code     0  arm_startup_nrf52840.o(.text)
    I2S_IRQHandler                           0x00000313   Thumb Code     0  arm_startup_nrf52840.o(.text)
    MWU_IRQHandler                           0x00000313   Thumb Code     0  arm_startup_nrf52840.o(.text)
    NFCT_IRQHandler                          0x00000313   Thumb Code     0  arm_startup_nrf52840.o(.text)
    PDM_IRQHandler                           0x00000313   Thumb Code     0  arm_startup_nrf52840.o(.text)
    PWM0_IRQHandler                          0x00000313   Thumb Code     0  arm_startup_nrf52840.o(.text)
    PWM1_IRQHandler                          0x00000313   Thumb Code     0  arm_startup_nrf52840.o(.text)
    PWM2_IRQHandler                          0x00000313   Thumb Code     0  arm_startup_nrf52840.o(.text)
    PWM3_IRQHandler                          0x00000313   Thumb Code     0  arm_startup_nrf52840.o(.text)
    QDEC_IRQHandler                          0x00000313   Thumb Code     0  arm_startup_nrf52840.o(.text)
    QSPI_IRQHandler                          0x00000313   Thumb Code     0  arm_startup_nrf52840.o(.text)
    RADIO_IRQHandler                         0x00000313   Thumb Code     0  arm_startup_nrf52840.o(.text)
    RNG_IRQHandler                           0x00000313   Thumb Code     0  arm_startup_nrf52840.o(.text)
    RTC0_IRQHandler                          0x00000313   Thumb Code     0  arm_startup_nrf52840.o(.text)
    RTC2_IRQHandler                          0x00000313   Thumb Code     0  arm_startup_nrf52840.o(.text)
    SAADC_IRQHandler                         0x00000313   Thumb Code     0  arm_startup_nrf52840.o(.text)
    SPIM0_SPIS0_TWIM0_TWIS0_SPI0_TWI0_IRQHandler 0x00000313   Thumb Code     0  arm_startup_nrf52840.o(.text)
    SPIM1_SPIS1_TWIM1_TWIS1_SPI1_TWI1_IRQHandler 0x00000313   Thumb Code     0  arm_startup_nrf52840.o(.text)
    SPIM2_SPIS2_SPI2_IRQHandler              0x00000313   Thumb Code     0  arm_startup_nrf52840.o(.text)
    SPIM3_IRQHandler                         0x00000313   Thumb Code     0  arm_startup_nrf52840.o(.text)
    SWI1_EGU1_IRQHandler                     0x00000313   Thumb Code     0  arm_startup_nrf52840.o(.text)
    SWI2_EGU2_IRQHandler                     0x00000313   Thumb Code     0  arm_startup_nrf52840.o(.text)
    SWI3_EGU3_IRQHandler                     0x00000313   Thumb Code     0  arm_startup_nrf52840.o(.text)
    SWI4_EGU4_IRQHandler                     0x00000313   Thumb Code     0  arm_startup_nrf52840.o(.text)
    SWI5_EGU5_IRQHandler                     0x00000313   Thumb Code     0  arm_startup_nrf52840.o(.text)
    TEMP_IRQHandler                          0x00000313   Thumb Code     0  arm_startup_nrf52840.o(.text)
    TIMER0_IRQHandler                        0x00000313   Thumb Code     0  arm_startup_nrf52840.o(.text)
    TIMER1_IRQHandler                        0x00000313   Thumb Code     0  arm_startup_nrf52840.o(.text)
    TIMER2_IRQHandler                        0x00000313   Thumb Code     0  arm_startup_nrf52840.o(.text)
    TIMER3_IRQHandler                        0x00000313   Thumb Code     0  arm_startup_nrf52840.o(.text)
    TIMER4_IRQHandler                        0x00000313   Thumb Code     0  arm_startup_nrf52840.o(.text)
    UARTE1_IRQHandler                        0x00000313   Thumb Code     0  arm_startup_nrf52840.o(.text)
    USBD_IRQHandler                          0x00000313   Thumb Code     0  arm_startup_nrf52840.o(.text)
    WDT_IRQHandler                           0x00000313   Thumb Code     0  arm_startup_nrf52840.o(.text)
    __aeabi_uldivmod                         0x0000031d   Thumb Code    98  uldiv.o(.text)
    __aeabi_llsl                             0x0000037f   Thumb Code    30  llshl.o(.text)
    _ll_shift_l                              0x0000037f   Thumb Code     0  llshl.o(.text)
    __rt_ctype_table                         0x0000039d   Thumb Code     4  ctype_o.o(.text)
    __aeabi_memcpy                           0x000003a5   Thumb Code    36  memcpya.o(.text)
    __aeabi_memcpy4                          0x000003a5   Thumb Code     0  memcpya.o(.text)
    __aeabi_memcpy8                          0x000003a5   Thumb Code     0  memcpya.o(.text)
    __aeabi_memset                           0x000003c9   Thumb Code    14  memseta.o(.text)
    __aeabi_memset4                          0x000003c9   Thumb Code     0  memseta.o(.text)
    __aeabi_memset8                          0x000003c9   Thumb Code     0  memseta.o(.text)
    __aeabi_memclr                           0x000003d7   Thumb Code     4  memseta.o(.text)
    __aeabi_memclr4                          0x000003d7   Thumb Code     0  memseta.o(.text)
    __aeabi_memclr8                          0x000003d7   Thumb Code     0  memseta.o(.text)
    _memset$wrapper                          0x000003db   Thumb Code    18  memseta.o(.text)
    strlen                                   0x000003ed   Thumb Code    14  strlen.o(.text)
    strcpy                                   0x000003fb   Thumb Code    18  strcpy.o(.text)
    __aeabi_llsr                             0x0000040d   Thumb Code    32  llushr.o(.text)
    _ll_ushift_r                             0x0000040d   Thumb Code     0  llushr.o(.text)
    __scatterload                            0x0000042d   Thumb Code    28  init.o(.text)
    __scatterload_rt2                        0x0000042d   Thumb Code     0  init.o(.text)
    GPIOTE_IRQHandler                        0x00000451   Thumb Code   428  nrfx_gpiote.o(i.GPIOTE_IRQHandler)
    POWER_CLOCK_IRQHandler                   0x00000605   Thumb Code    82  nrfx_clock.o(i.POWER_CLOCK_IRQHandler)
    RTC1_IRQHandler                          0x0000065d   Thumb Code    32  app_timer.o(i.RTC1_IRQHandler)
    SEGGER_RTT_Init                          0x00000681   Thumb Code     4  segger_rtt.o(i.SEGGER_RTT_Init)
    SEGGER_RTT_WriteNoLock                   0x00000685   Thumb Code    86  segger_rtt.o(i.SEGGER_RTT_WriteNoLock)
    SWI0_EGU0_IRQHandler                     0x000006e1   Thumb Code     4  app_timer.o(i.SWI0_EGU0_IRQHandler)
    SystemInit                               0x000006e5   Thumb Code   416  system_nrf52840.o(i.SystemInit)
    UARTE0_UART0_IRQHandler                  0x000008c1   Thumb Code     6  nrfx_prs.o(i.UARTE0_UART0_IRQHandler)
    __scatterload_copy                       0x00000a55   Thumb Code    14  handlers.o(i.__scatterload_copy)
    __scatterload_null                       0x00000a63   Thumb Code     2  handlers.o(i.__scatterload_null)
    __scatterload_zeroinit                   0x00000a65   Thumb Code    14  handlers.o(i.__scatterload_zeroinit)
    app_button_enable                        0x00000a79   Thumb Code    32  app_button.o(i.app_button_enable)
    app_button_init                          0x00000a9d   Thumb Code   102  app_button.o(i.app_button_init)
    app_error_fault_handler                  0x00000b15   Thumb Code    86  app_error_weak.o(i.app_error_fault_handler)
    app_error_handler_bare                   0x00000b99   Thumb Code    22  app_error.o(i.app_error_handler_bare)
    app_timer_create                         0x00000bf9   Thumb Code    32  app_timer.o(i.app_timer_create)
    app_timer_init                           0x00000c1d   Thumb Code    70  app_timer.o(i.app_timer_init)
    app_timer_start                          0x00000c71   Thumb Code   120  app_timer.o(i.app_timer_start)
    app_timer_stop                           0x00000cf1   Thumb Code    26  app_timer.o(i.app_timer_stop)
    app_util_critical_region_enter           0x00000d11   Thumb Code     4  app_util_platform.o(i.app_util_critical_region_enter)
    app_util_critical_region_exit            0x00000d15   Thumb Code     4  app_util_platform.o(i.app_util_critical_region_exit)
    app_util_disable_irq                     0x00000d19   Thumb Code    12  app_util_platform.o(i.app_util_disable_irq)
    app_util_enable_irq                      0x00000d29   Thumb Code    14  app_util_platform.o(i.app_util_enable_irq)
    bsp_board_init                           0x00000d3d   Thumb Code    80  boards.o(i.bsp_board_init)
    bsp_board_led_invert                     0x00000d91   Thumb Code    40  boards.o(i.bsp_board_led_invert)
    bsp_board_led_off                        0x00000dbd   Thumb Code    10  boards.o(i.bsp_board_led_off)
    bsp_board_led_on                         0x00000dcd   Thumb Code    10  boards.o(i.bsp_board_led_on)
    bsp_board_led_state_get                  0x00000ddd   Thumb Code    36  boards.o(i.bsp_board_led_state_get)
    bsp_board_leds_off                       0x00000e05   Thumb Code    18  boards.o(i.bsp_board_leds_off)
    bsp_board_leds_on                        0x00000e17   Thumb Code    18  boards.o(i.bsp_board_leds_on)
    bsp_board_pin_to_button_idx              0x00000e29   Thumb Code    30  boards.o(i.bsp_board_pin_to_button_idx)
    bsp_event_to_button_action_assign        0x00000ff9   Thumb Code    64  bsp.o(i.bsp_event_to_button_action_assign)
    bsp_init                                 0x0000103d   Thumb Code   128  bsp.o(i.bsp_init)
    buffer_is_empty                          0x00001341   Thumb Code    16  nrf_log_frontend.o(i.buffer_is_empty)
    main                                     0x000018f9   Thumb Code    42  main.o(i.main)
    nrf_atomic_flag_clear_fetch              0x000019ed   Thumb Code     6  nrf_atomic.o(i.nrf_atomic_flag_clear_fetch)
    nrf_atomic_flag_set                      0x000019f3   Thumb Code     6  nrf_atomic.o(i.nrf_atomic_flag_set)
    nrf_atomic_u32_add                       0x000019f9   Thumb Code    12  nrf_atomic.o(i.nrf_atomic_u32_add)
    nrf_atomic_u32_fetch_and                 0x00001a05   Thumb Code    10  nrf_atomic.o(i.nrf_atomic_u32_fetch_and)
    nrf_atomic_u32_fetch_store               0x00001a0f   Thumb Code    10  nrf_atomic.o(i.nrf_atomic_u32_fetch_store)
    nrf_atomic_u32_or                        0x00001a19   Thumb Code    12  nrf_atomic.o(i.nrf_atomic_u32_or)
    nrf_atomic_u32_sub                       0x00001a25   Thumb Code    12  nrf_atomic.o(i.nrf_atomic_u32_sub)
    nrf_balloc_alloc                         0x00001a31   Thumb Code    62  nrf_balloc.o(i.nrf_balloc_alloc)
    nrf_balloc_free                          0x00001a6f   Thumb Code    42  nrf_balloc.o(i.nrf_balloc_free)
    nrf_balloc_init                          0x00001a99   Thumb Code    48  nrf_balloc.o(i.nrf_balloc_init)
    nrf_drv_clock_init                       0x00001b0d   Thumb Code    42  nrf_drv_clock.o(i.nrf_drv_clock_init)
    nrf_drv_clock_lfclk_request              0x00001b41   Thumb Code    68  nrf_drv_clock.o(i.nrf_drv_clock_lfclk_request)
    nrf_fprintf                              0x00001b89   Thumb Code    26  nrf_fprintf.o(i.nrf_fprintf)
    nrf_fprintf_buffer_flush                 0x00001ba3   Thumb Code    24  nrf_fprintf.o(i.nrf_fprintf_buffer_flush)
    nrf_fprintf_fmt                          0x00001bbb   Thumb Code   474  nrf_fprintf_format.o(i.nrf_fprintf_fmt)
    nrf_log_backend_add                      0x00001eed   Thumb Code    86  nrf_log_frontend.o(i.nrf_log_backend_add)
    nrf_log_backend_rtt_init                 0x00001f4b   Thumb Code     4  nrf_log_backend_rtt.o(i.nrf_log_backend_rtt_init)
    nrf_log_backend_serial_put               0x00001f69   Thumb Code   200  nrf_log_backend_serial.o(i.nrf_log_backend_serial_put)
    nrf_log_color_id_get                     0x00002031   Thumb Code    42  nrf_log_frontend.o(i.nrf_log_color_id_get)
    nrf_log_default_backends_init            0x00002061   Thumb Code    24  nrf_log_default_backends.o(i.nrf_log_default_backends_init)
    nrf_log_frontend_dequeue                 0x0000207d   Thumb Code   522  nrf_log_frontend.o(i.nrf_log_frontend_dequeue)
    nrf_log_frontend_std_0                   0x000022ad   Thumb Code     8  nrf_log_frontend.o(i.nrf_log_frontend_std_0)
    nrf_log_hexdump_entry_process            0x000022b5   Thumb Code   146  nrf_log_str_formatter.o(i.nrf_log_hexdump_entry_process)
    nrf_log_init                             0x00002361   Thumb Code    46  nrf_log_frontend.o(i.nrf_log_init)
    nrf_log_module_cnt_get                   0x0000239d   Thumb Code    10  nrf_log_frontend.o(i.nrf_log_module_cnt_get)
    nrf_log_module_name_get                  0x000023b1   Thumb Code    24  nrf_log_frontend.o(i.nrf_log_module_name_get)
    nrf_log_panic                            0x000023cd   Thumb Code    38  nrf_log_frontend.o(i.nrf_log_panic)
    nrf_log_std_entry_process                0x000023f9   Thumb Code   182  nrf_log_str_formatter.o(i.nrf_log_std_entry_process)
    nrf_memobj_alloc                         0x000024af   Thumb Code    96  nrf_memobj.o(i.nrf_memobj_alloc)
    nrf_memobj_free                          0x0000250f   Thumb Code    50  nrf_memobj.o(i.nrf_memobj_free)
    nrf_memobj_get                           0x00002541   Thumb Code     8  nrf_memobj.o(i.nrf_memobj_get)
    nrf_memobj_pool_init                     0x00002549   Thumb Code     4  nrf_memobj.o(i.nrf_memobj_pool_init)
    nrf_memobj_put                           0x0000254d   Thumb Code    30  nrf_memobj.o(i.nrf_memobj_put)
    nrf_memobj_read                          0x0000256b   Thumb Code    16  nrf_memobj.o(i.nrf_memobj_read)
    nrf_memobj_write                         0x0000257b   Thumb Code    16  nrf_memobj.o(i.nrf_memobj_write)
    nrf_pwr_mgmt_init                        0x0000258d   Thumb Code    28  nrf_pwr_mgmt.o(i.nrf_pwr_mgmt_init)
    nrf_pwr_mgmt_run                         0x000025b5   Thumb Code    46  nrf_pwr_mgmt.o(i.nrf_pwr_mgmt_run)
    nrf_ringbuf_init                         0x000025e9   Thumb Code    28  nrf_ringbuf.o(i.nrf_ringbuf_init)
    nrf_section_iter_init                    0x00002605   Thumb Code    10  nrf_section_iter.o(i.nrf_section_iter_init)
    nrfx_clock_enable                        0x00002635   Thumb Code    38  nrfx_clock.o(i.nrfx_clock_enable)
    nrfx_clock_init                          0x00002665   Thumb Code    26  nrfx_clock.o(i.nrfx_clock_init)
    nrfx_clock_lfclk_start                   0x00002685   Thumb Code    26  nrfx_clock.o(i.nrfx_clock_lfclk_start)
    nrfx_gpiote_in_event_enable              0x000026b5   Thumb Code   144  nrfx_gpiote.o(i.nrfx_gpiote_in_event_enable)
    nrfx_gpiote_in_init                      0x0000274d   Thumb Code   200  nrfx_gpiote.o(i.nrfx_gpiote_in_init)
    nrfx_gpiote_in_is_set                    0x00002821   Thumb Code    14  nrfx_gpiote.o(i.nrfx_gpiote_in_is_set)
    nrfx_gpiote_init                         0x00002831   Thumb Code   104  nrfx_gpiote.o(i.nrfx_gpiote_init)
    nrfx_gpiote_is_init                      0x000028a5   Thumb Code    14  nrfx_gpiote.o(i.nrfx_gpiote_is_init)
    nrf_log_backend_rtt_api                  0x00002edc   Data          12  nrf_log_backend_rtt.o(.constdata)
    __ctype_table                            0x00002f04   Data         129  ctype_o.o(.constdata)
    Region$$Table$$Base                      0x00003040   Number         0  anon$$obj.o(Region$$Table)
    Region$$Table$$Limit                     0x00003060   Number         0  anon$$obj.o(Region$$Table)
    log_const_data$$Base                     0x00003070   Number         0  nrf_drv_clock.o(log_const_data)
    m_nrf_log_clock_logs_data_const          0x00003070   Data           8  nrf_drv_clock.o(log_const_data)
    m_nrf_log_CLOCK_logs_data_const          0x00003078   Data           8  nrfx_clock.o(log_const_data)
    m_nrf_log_GPIOTE_logs_data_const         0x00003080   Data           8  nrfx_gpiote.o(log_const_data)
    m_nrf_log_PRS_logs_data_const            0x00003088   Data           8  nrfx_prs.o(log_const_data)
    m_nrf_log_UART_logs_data_const           0x00003090   Data           8  nrfx_uart.o(log_const_data)
    m_nrf_log_UARTE_logs_data_const          0x00003098   Data           8  nrfx_uarte.o(log_const_data)
    m_nrf_log_pwr_mgmt_logs_data_const       0x000030a0   Data           8  nrf_pwr_mgmt.o(log_const_data)
    m_nrf_log_app_logs_data_const            0x000030a8   Data           8  nrf_log_frontend.o(log_const_data)
    log_const_data$$Limit                    0x000030b0   Number         0  nrf_log_frontend.o(log_const_data)
    log_mempool                              0x000030b0   Data          20  nrf_log_frontend.o(nrf_balloc)
    SystemCoreClock                          0x200000c4   Data           4  system_nrf52840.o(.data)
    _SEGGER_RTT                              0x200008c8   Data         120  segger_rtt.o(.bss)
    __initial_sp                             0x20002b50   Data           0  arm_startup_nrf52840.o(STACK)



==============================================================================

Memory Map of the image

  Image Entry point : 0x00000201

  Load Region LR_IROM1 (Base: 0x00000000, Size: 0x0000318c, Max: 0x00100000, ABSOLUTE)

    Execution Region ER_IROM1 (Base: 0x00000000, Size: 0x000030c4, Max: 0x00100000, ABSOLUTE)

    Base Addr    Size         Type   Attr      Idx    E Section Name        Object

    0x00000000   0x00000200   Data   RO         3504    RESET               arm_startup_nrf52840.o
    0x00000200   0x00000000   Code   RO         3545  * .ARM.Collect$$$$00000000  mc_w.l(entry.o)
    0x00000200   0x00000004   Code   RO         3597    .ARM.Collect$$$$00000001  mc_w.l(entry2.o)
    0x00000204   0x00000004   Code   RO         3600    .ARM.Collect$$$$00000004  mc_w.l(entry5.o)
    0x00000208   0x00000000   Code   RO         3602    .ARM.Collect$$$$00000008  mc_w.l(entry7b.o)
    0x00000208   0x00000000   Code   RO         3604    .ARM.Collect$$$$0000000A  mc_w.l(entry8b.o)
    0x00000208   0x00000008   Code   RO         3605    .ARM.Collect$$$$0000000B  mc_w.l(entry9a.o)
    0x00000210   0x00000000   Code   RO         3607    .ARM.Collect$$$$0000000D  mc_w.l(entry10a.o)
    0x00000210   0x00000000   Code   RO         3609    .ARM.Collect$$$$0000000F  mc_w.l(entry11a.o)
    0x00000210   0x00000004   Code   RO         3598    .ARM.Collect$$$$00002712  mc_w.l(entry2.o)
    0x00000214   0x000000e2   Code   RO         2219    .emb_text           nrf_atomic.o
    0x000002f6   0x00000002   PAD
    0x000002f8   0x00000024   Code   RO         3505    .text               arm_startup_nrf52840.o
    0x0000031c   0x00000062   Code   RO         3553    .text               mc_w.l(uldiv.o)
    0x0000037e   0x0000001e   Code   RO         3555    .text               mc_w.l(llshl.o)
    0x0000039c   0x00000008   Code   RO         3557    .text               mc_w.l(ctype_o.o)
    0x000003a4   0x00000024   Code   RO         3585    .text               mc_w.l(memcpya.o)
    0x000003c8   0x00000024   Code   RO         3587    .text               mc_w.l(memseta.o)
    0x000003ec   0x0000000e   Code   RO         3589    .text               mc_w.l(strlen.o)
    0x000003fa   0x00000012   Code   RO         3593    .text               mc_w.l(strcpy.o)
    0x0000040c   0x00000020   Code   RO         3612    .text               mc_w.l(llushr.o)
    0x0000042c   0x00000024   Code   RO         3615    .text               mc_w.l(init.o)
    0x00000450   0x000001b4   Code   RO          997    i.GPIOTE_IRQHandler  nrfx_gpiote.o
    0x00000604   0x00000058   Code   RO          862    i.POWER_CLOCK_IRQHandler  nrfx_clock.o
    0x0000065c   0x00000024   Code   RO         1960    i.RTC1_IRQHandler   app_timer.o
    0x00000680   0x00000004   Code   RO         3158    i.SEGGER_RTT_Init   segger_rtt.o
    0x00000684   0x0000005c   Code   RO         3172    i.SEGGER_RTT_WriteNoLock  segger_rtt.o
    0x000006e0   0x00000004   Code   RO         1961    i.SWI0_EGU0_IRQHandler  app_timer.o
    0x000006e4   0x000001dc   Code   RO         3513    i.SystemInit        system_nrf52840.o
    0x000008c0   0x0000000c   Code   RO         1310    i.UARTE0_UART0_IRQHandler  nrfx_prs.o
    0x000008cc   0x00000068   Code   RO         3176    i._DoInit           segger_rtt.o
    0x00000934   0x00000016   Code   RO         3177    i._GetAvailWriteSpace  segger_rtt.o
    0x0000094a   0x0000005a   Code   RO         3179    i._WriteBlocking    segger_rtt.o
    0x000009a4   0x00000042   Code   RO         3180    i._WriteNoCheck     segger_rtt.o
    0x000009e6   0x0000001a   Code   RO         1962    i.__NVIC_ClearPendingIRQ  app_timer.o
    0x00000a00   0x0000001a   Code   RO         1963    i.__NVIC_EnableIRQ  app_timer.o
    0x00000a1a   0x0000001a   Code   RO         1964    i.__NVIC_SetPendingIRQ  app_timer.o
    0x00000a34   0x00000020   Code   RO         1965    i.__NVIC_SetPriority  app_timer.o
    0x00000a54   0x0000000e   Code   RO         3619    i.__scatterload_copy  mc_w.l(handlers.o)
    0x00000a62   0x00000002   Code   RO         3620    i.__scatterload_null  mc_w.l(handlers.o)
    0x00000a64   0x0000000e   Code   RO         3621    i.__scatterload_zeroinit  mc_w.l(handlers.o)
    0x00000a72   0x00000006   Code   RO          401    i.alert_timer_handler  bsp.o
    0x00000a78   0x00000024   Code   RO         1736    i.app_button_enable  app_button.o
    0x00000a9c   0x00000078   Code   RO         1737    i.app_button_init   app_button.o
    0x00000b14   0x00000084   Code   RO         1878    i.app_error_fault_handler  app_error_weak.o
    0x00000b98   0x00000016   Code   RO         1822    i.app_error_handler_bare  app_error.o
    0x00000bae   0x00000002   PAD
    0x00000bb0   0x00000048   Code   RO            4    i.app_tick_handler  main.o
    0x00000bf8   0x00000024   Code   RO         1968    i.app_timer_create  app_timer.o
    0x00000c1c   0x00000054   Code   RO         1969    i.app_timer_init    app_timer.o
    0x00000c70   0x00000080   Code   RO         1972    i.app_timer_start   app_timer.o
    0x00000cf0   0x00000020   Code   RO         1973    i.app_timer_stop    app_timer.o
    0x00000d10   0x00000004   Code   RO         2130    i.app_util_critical_region_enter  app_util_platform.o
    0x00000d14   0x00000004   Code   RO         2131    i.app_util_critical_region_exit  app_util_platform.o
    0x00000d18   0x00000010   Code   RO         2132    i.app_util_disable_irq  app_util_platform.o
    0x00000d28   0x00000014   Code   RO         2133    i.app_util_enable_irq  app_util_platform.o
    0x00000d3c   0x00000054   Code   RO          269    i.bsp_board_init    boards.o
    0x00000d90   0x0000002c   Code   RO          271    i.bsp_board_led_invert  boards.o
    0x00000dbc   0x00000010   Code   RO          272    i.bsp_board_led_off  boards.o
    0x00000dcc   0x00000010   Code   RO          273    i.bsp_board_led_on  boards.o
    0x00000ddc   0x00000028   Code   RO          274    i.bsp_board_led_state_get  boards.o
    0x00000e04   0x00000012   Code   RO          275    i.bsp_board_leds_off  boards.o
    0x00000e16   0x00000012   Code   RO          276    i.bsp_board_leds_on  boards.o
    0x00000e28   0x00000024   Code   RO          277    i.bsp_board_pin_to_button_idx  boards.o
    0x00000e4c   0x00000090   Code   RO          402    i.bsp_button_event_handler  bsp.o
    0x00000edc   0x0000011c   Code   RO            5    i.bsp_event_handler  main.o
    0x00000ff8   0x00000044   Code   RO          406    i.bsp_event_to_button_action_assign  bsp.o
    0x0000103c   0x00000094   Code   RO          408    i.bsp_init          bsp.o
    0x000010d0   0x000001c8   Code   RO          409    i.bsp_led_indication  bsp.o
    0x00001298   0x00000088   Code   RO         2913    i.buf_prealloc      nrf_log_frontend.o
    0x00001320   0x0000001e   Code   RO         2434    i.buffer_add        nrf_fprintf_format.o
    0x0000133e   0x00000002   PAD
    0x00001340   0x00000014   Code   RO         2914    i.buffer_is_empty   nrf_log_frontend.o
    0x00001354   0x00000008   Code   RO          412    i.button_timer_handler  bsp.o
    0x0000135c   0x0000001c   Code   RO          998    i.channel_free      nrfx_gpiote.o
    0x00001378   0x00000048   Code   RO          999    i.channel_port_alloc  nrfx_gpiote.o
    0x000013c0   0x00000010   Code   RO         1000    i.channel_port_get  nrfx_gpiote.o
    0x000013d0   0x00000028   Code   RO          563    i.clock_clk_started_notify  nrf_drv_clock.o
    0x000013f8   0x0000001c   Code   RO          564    i.clock_irq_handler  nrf_drv_clock.o
    0x00001414   0x000000ac   Code   RO         1975    i.compare_reg_update  app_timer.o
    0x000014c0   0x00000098   Code   RO         1739    i.detection_delay_timeout_handler  app_button.o
    0x00001558   0x00000014   Code   RO         2915    i.dropped_sat16_get  nrf_log_frontend.o
    0x0000156c   0x00000040   Code   RO         1976    i.elapsed_ticks_acquire  app_timer.o
    0x000015ac   0x00000084   Code   RO         1740    i.gpiote_event_handler  app_button.o
    0x00001630   0x000000a6   Code   RO         2435    i.int_print         nrf_fprintf_format.o
    0x000016d6   0x00000034   Code   RO         2916    i.invalid_packets_omit  nrf_log_frontend.o
    0x0000170a   0x00000016   Code   RO          565    i.item_enqueue      nrf_drv_clock.o
    0x00001720   0x00000030   Code   RO          413    i.leds_off          bsp.o
    0x00001750   0x00000014   Code   RO          414    i.leds_timer_handler  bsp.o
    0x00001764   0x000000f8   Code   RO         1977    i.list_insertions_handler  app_timer.o
    0x0000185c   0x0000009c   Code   RO         2917    i.log_skip          nrf_log_frontend.o
    0x000018f8   0x00000044   Code   RO            6    i.main              main.o
    0x0000193c   0x0000007e   Code   RO         2474    i.memobj_op         nrf_memobj.o
    0x000019ba   0x00000002   PAD
    0x000019bc   0x00000030   Code   RO         2918    i.module_idx_get    nrf_log_frontend.o
    0x000019ec   0x00000006   Code   RO         2221    i.nrf_atomic_flag_clear_fetch  nrf_atomic.o
    0x000019f2   0x00000006   Code   RO         2222    i.nrf_atomic_flag_set  nrf_atomic.o
    0x000019f8   0x0000000c   Code   RO         2224    i.nrf_atomic_u32_add  nrf_atomic.o
    0x00001a04   0x0000000a   Code   RO         2228    i.nrf_atomic_u32_fetch_and  nrf_atomic.o
    0x00001a0e   0x0000000a   Code   RO         2230    i.nrf_atomic_u32_fetch_store  nrf_atomic.o
    0x00001a18   0x0000000c   Code   RO         2234    i.nrf_atomic_u32_or  nrf_atomic.o
    0x00001a24   0x0000000c   Code   RO         2236    i.nrf_atomic_u32_sub  nrf_atomic.o
    0x00001a30   0x0000003e   Code   RO         2358    i.nrf_balloc_alloc  nrf_balloc.o
    0x00001a6e   0x0000002a   Code   RO         2359    i.nrf_balloc_free   nrf_balloc.o
    0x00001a98   0x00000030   Code   RO         2360    i.nrf_balloc_init   nrf_balloc.o
    0x00001ac8   0x00000010   Code   RO         1001    i.nrf_bitmask_bit_is_set  nrfx_gpiote.o
    0x00001ad8   0x00000014   Code   RO         1002    i.nrf_bitmask_bit_set  nrfx_gpiote.o
    0x00001aec   0x0000000e   Code   RO          863    i.nrf_clock_event_check  nrfx_clock.o
    0x00001afa   0x00000010   Code   RO          864    i.nrf_clock_event_clear  nrfx_clock.o
    0x00001b0a   0x00000002   PAD
    0x00001b0c   0x00000034   Code   RO          571    i.nrf_drv_clock_init  nrf_drv_clock.o
    0x00001b40   0x00000048   Code   RO          576    i.nrf_drv_clock_lfclk_request  nrf_drv_clock.o
    0x00001b88   0x0000001a   Code   RO         2395    i.nrf_fprintf       nrf_fprintf.o
    0x00001ba2   0x00000018   Code   RO         2396    i.nrf_fprintf_buffer_flush  nrf_fprintf.o
    0x00001bba   0x000001da   Code   RO         2436    i.nrf_fprintf_fmt   nrf_fprintf_format.o
    0x00001d94   0x00000032   Code   RO          279    i.nrf_gpio_cfg      boards.o
    0x00001dc6   0x00000032   Code   RO         1003    i.nrf_gpio_cfg      nrfx_gpiote.o
    0x00001df8   0x00000030   Code   RO         1005    i.nrf_gpio_cfg_sense_set  nrfx_gpiote.o
    0x00001e28   0x0000001c   Code   RO          280    i.nrf_gpio_pin_port_decode  boards.o
    0x00001e44   0x0000001c   Code   RO         1007    i.nrf_gpio_pin_port_decode  nrfx_gpiote.o
    0x00001e60   0x00000016   Code   RO         1008    i.nrf_gpio_pin_read  nrfx_gpiote.o
    0x00001e76   0x00000026   Code   RO          281    i.nrf_gpio_pin_write  boards.o
    0x00001e9c   0x0000002c   Code   RO         1010    i.nrf_gpio_ports_read  nrfx_gpiote.o
    0x00001ec8   0x00000014   Code   RO         1011    i.nrf_gpiote_event_clear  nrfx_gpiote.o
    0x00001edc   0x00000010   Code   RO         1012    i.nrf_gpiote_event_is_set  nrfx_gpiote.o
    0x00001eec   0x0000005c   Code   RO         2919    i.nrf_log_backend_add  nrf_log_frontend.o
    0x00001f48   0x00000002   Code   RO         2756    i.nrf_log_backend_rtt_flush  nrf_log_backend_rtt.o
    0x00001f4a   0x00000004   Code   RO         2757    i.nrf_log_backend_rtt_init  nrf_log_backend_rtt.o
    0x00001f4e   0x00000002   Code   RO         2758    i.nrf_log_backend_rtt_panic_set  nrf_log_backend_rtt.o
    0x00001f50   0x00000018   Code   RO         2759    i.nrf_log_backend_rtt_put  nrf_log_backend_rtt.o
    0x00001f68   0x000000c8   Code   RO         2825    i.nrf_log_backend_serial_put  nrf_log_backend_serial.o
    0x00002030   0x00000030   Code   RO         2921    i.nrf_log_color_id_get  nrf_log_frontend.o
    0x00002060   0x0000001c   Code   RO         2877    i.nrf_log_default_backends_init  nrf_log_default_backends.o
    0x0000207c   0x00000230   Code   RO         2922    i.nrf_log_frontend_dequeue  nrf_log_frontend.o
    0x000022ac   0x00000008   Code   RO         2924    i.nrf_log_frontend_std_0  nrf_log_frontend.o
    0x000022b4   0x000000ac   Code   RO         3099    i.nrf_log_hexdump_entry_process  nrf_log_str_formatter.o
    0x00002360   0x0000003c   Code   RO         2931    i.nrf_log_init      nrf_log_frontend.o
    0x0000239c   0x00000014   Code   RO         2932    i.nrf_log_module_cnt_get  nrf_log_frontend.o
    0x000023b0   0x0000001c   Code   RO         2935    i.nrf_log_module_name_get  nrf_log_frontend.o
    0x000023cc   0x0000002c   Code   RO         2936    i.nrf_log_panic     nrf_log_frontend.o
    0x000023f8   0x000000b6   Code   RO         3100    i.nrf_log_std_entry_process  nrf_log_str_formatter.o
    0x000024ae   0x00000060   Code   RO         2475    i.nrf_memobj_alloc  nrf_memobj.o
    0x0000250e   0x00000032   Code   RO         2476    i.nrf_memobj_free   nrf_memobj.o
    0x00002540   0x00000008   Code   RO         2477    i.nrf_memobj_get    nrf_memobj.o
    0x00002548   0x00000004   Code   RO         2478    i.nrf_memobj_pool_init  nrf_memobj.o
    0x0000254c   0x0000001e   Code   RO         2479    i.nrf_memobj_put    nrf_memobj.o
    0x0000256a   0x00000010   Code   RO         2480    i.nrf_memobj_read   nrf_memobj.o
    0x0000257a   0x00000010   Code   RO         2481    i.nrf_memobj_write  nrf_memobj.o
    0x0000258a   0x00000002   PAD
    0x0000258c   0x00000028   Code   RO         2646    i.nrf_pwr_mgmt_init  nrf_pwr_mgmt.o
    0x000025b4   0x00000034   Code   RO         2647    i.nrf_pwr_mgmt_run  nrf_pwr_mgmt.o
    0x000025e8   0x0000001c   Code   RO         2554    i.nrf_ringbuf_init  nrf_ringbuf.o
    0x00002604   0x0000000a   Code   RO         2721    i.nrf_section_iter_init  nrf_section_iter.o
    0x0000260e   0x00000024   Code   RO         2722    i.nrf_section_iter_item_set  nrf_section_iter.o
    0x00002632   0x00000002   PAD
    0x00002634   0x00000030   Code   RO          869    i.nrfx_clock_enable  nrfx_clock.o
    0x00002664   0x00000020   Code   RO          872    i.nrfx_clock_init   nrfx_clock.o
    0x00002684   0x00000020   Code   RO          874    i.nrfx_clock_lfclk_start  nrfx_clock.o
    0x000026a4   0x00000010   Code   RO         1978    i.nrfx_coredep_delay_us  app_timer.o
    0x000026b4   0x00000098   Code   RO         1017    i.nrfx_gpiote_in_event_enable  nrfx_gpiote.o
    0x0000274c   0x000000d4   Code   RO         1018    i.nrfx_gpiote_in_init  nrfx_gpiote.o
    0x00002820   0x0000000e   Code   RO         1019    i.nrfx_gpiote_in_is_set  nrfx_gpiote.o
    0x0000282e   0x00000002   PAD
    0x00002830   0x00000074   Code   RO         1021    i.nrfx_gpiote_init  nrfx_gpiote.o
    0x000028a4   0x00000014   Code   RO         1022    i.nrfx_gpiote_is_init  nrfx_gpiote.o
    0x000028b8   0x00000018   Code   RO         1038    i.pin_in_use_by_port  nrfx_gpiote.o
    0x000028d0   0x00000018   Code   RO         1039    i.pin_in_use_by_te  nrfx_gpiote.o
    0x000028e8   0x0000003c   Code   RO         3102    i.postfix_process   nrf_log_str_formatter.o
    0x00002924   0x00000098   Code   RO         3103    i.prefix_process    nrf_log_str_formatter.o
    0x000029bc   0x00000044   Code   RO         1979    i.rtc1_stop         app_timer.o
    0x00002a00   0x00000050   Code   RO         2760    i.serial_tx         nrf_log_backend_rtt.o
    0x00002a50   0x0000008c   Code   RO         2938    i.std_n             nrf_log_frontend.o
    0x00002adc   0x00000080   Code   RO         1980    i.timer_list_handler  app_timer.o
    0x00002b5c   0x0000003c   Code   RO         1981    i.timer_list_insert  app_timer.o
    0x00002b98   0x00000060   Code   RO         1982    i.timer_list_remove  app_timer.o
    0x00002bf8   0x00000040   Code   RO         1983    i.timer_stop_op_schedule  app_timer.o
    0x00002c38   0x00000074   Code   RO         1984    i.timer_timeouts_check  app_timer.o
    0x00002cac   0x000000b4   Code   RO         2437    i.unsigned_print    nrf_fprintf_format.o
    0x00002d60   0x00000030   Code   RO         1985    i.user_op_alloc     app_timer.o
    0x00002d90   0x000000c0   Code   RO            7    i.utils_setup       main.o
    0x00002e50   0x00000004   Data   RO            9    .constdata          main.o
    0x00002e54   0x00000008   Data   RO          282    .constdata          boards.o
    0x00002e5c   0x0000002c   Data   RO          420    .constdata          bsp.o
    0x00002e88   0x00000008   Data   RO         1041    .constdata          nrfx_gpiote.o
    0x00002e90   0x00000008   Data   RO         1742    .constdata          app_button.o
    0x00002e98   0x00000008   PAD
    0x00002ea0   0x00000006   Data   RO         1987    .constdata          app_timer.o
    0x00002ea6   0x00000010   Data   RO         2438    .constdata          nrf_fprintf_format.o
    0x00002eb6   0x00000002   PAD
    0x00002eb8   0x00000018   Data   RO         2651    .constdata          nrf_pwr_mgmt.o
    0x00002ed0   0x0000000c   Data   RO         2652    .constdata          nrf_pwr_mgmt.o
    0x00002edc   0x0000000c   Data   RO         2762    .constdata          nrf_log_backend_rtt.o
    0x00002ee8   0x00000008   PAD
    0x00002ef0   0x00000006   Data   RO         2763    .constdata          nrf_log_backend_rtt.o
    0x00002ef6   0x00000002   PAD
    0x00002ef8   0x0000000c   Data   RO         2943    .constdata          nrf_log_frontend.o
    0x00002f04   0x00000081   Data   RO         3558    .constdata          mc_w.l(ctype_o.o)
    0x00002f85   0x00000003   PAD
    0x00002f88   0x00000004   Data   RO         3559    .constdata          mc_w.l(ctype_o.o)
    0x00002f8c   0x00000066   Data   RO         3104    .conststring        nrf_log_str_formatter.o
    0x00002ff2   0x00000002   PAD
    0x00002ff4   0x00000006   Data   RO          583    .conststrlit        nrf_drv_clock.o
    0x00002ffa   0x00000002   PAD
    0x00002ffc   0x00000006   Data   RO          879    .conststrlit        nrfx_clock.o
    0x00003002   0x00000002   PAD
    0x00003004   0x00000007   Data   RO         1045    .conststrlit        nrfx_gpiote.o
    0x0000300b   0x00000001   PAD
    0x0000300c   0x00000004   Data   RO         1315    .conststrlit        nrfx_prs.o
    0x00003010   0x00000005   Data   RO         1398    .conststrlit        nrfx_uart.o
    0x00003015   0x00000003   PAD
    0x00003018   0x00000006   Data   RO         1598    .conststrlit        nrfx_uarte.o
    0x0000301e   0x00000002   PAD
    0x00003020   0x00000009   Data   RO         2653    .conststrlit        nrf_pwr_mgmt.o
    0x00003029   0x00000003   PAD
    0x0000302c   0x00000010   Data   RO         2878    .conststrlit        nrf_log_default_backends.o
    0x0000303c   0x00000004   Data   RO         2944    .conststrlit        nrf_log_frontend.o
    0x00003040   0x00000020   Data   RO         3617    Region$$Table       anon$$obj.o
    0x00003060   0x00000010   Data   RO         2880    log_backends        nrf_log_default_backends.o
    0x00003070   0x00000008   Data   RO          584    log_const_data      nrf_drv_clock.o
    0x00003078   0x00000008   Data   RO          881    log_const_data      nrfx_clock.o
    0x00003080   0x00000008   Data   RO         1046    log_const_data      nrfx_gpiote.o
    0x00003088   0x00000008   Data   RO         1317    log_const_data      nrfx_prs.o
    0x00003090   0x00000008   Data   RO         1399    log_const_data      nrfx_uart.o
    0x00003098   0x00000008   Data   RO         1599    log_const_data      nrfx_uarte.o
    0x000030a0   0x00000008   Data   RO         2655    log_const_data      nrf_pwr_mgmt.o
    0x000030a8   0x00000008   Data   RO         2947    log_const_data      nrf_log_frontend.o
    0x000030b0   0x00000014   Data   RO         2948    nrf_balloc          nrf_log_frontend.o


    Execution Region RW_IRAM1 (Base: 0x20000000, Size: 0x00002b50, Max: 0x00040000, ABSOLUTE)

    Base Addr    Size         Type   Attr      Idx    E Section Name        Object

    0x20000000   0x00000001   Data   RW           10    .data               main.o
    0x20000001   0x00000003   PAD
    0x20000004   0x00000010   Data   RW          421    .data               bsp.o
    0x20000014   0x00000008   Data   RW          880    .data               nrfx_clock.o
    0x2000001c   0x00000008   Data   RW         1316    .data               nrfx_prs.o
    0x20000024   0x00000004   PAD
    0x20000028   0x00000020   Data   RW         1743    .data               app_button.o
    0x20000048   0x00000014   Data   RW         1988    .data               app_timer.o
    0x2000005c   0x00000004   Data   RW         2136    .data               app_util_platform.o
    0x20000060   0x00000008   Data   RW         2654    .data               nrf_pwr_mgmt.o
    0x20000068   0x00000001   Data   RW         2764    .data               nrf_log_backend_rtt.o
    0x20000069   0x00000003   PAD
    0x2000006c   0x00000008   Data   RW         2879    .data               nrf_log_default_backends.o
    0x20000074   0x00000008   Data   RW         2945    .data               nrf_log_frontend.o
    0x2000007c   0x00000008   Data   RW         2946    .data               nrf_log_frontend.o
    0x20000084   0x00000040   Data   RW         3105    .data               nrf_log_str_formatter.o
    0x200000c4   0x00000004   Data   RW         3514    .data               system_nrf52840.o
    0x200000c8   0x00000020   Zero   RW            8    .bss                main.o
    0x200000e8   0x00000020   Zero   RW          416    .bss                bsp.o
    0x20000108   0x00000020   Zero   RW          417    .bss                bsp.o
    0x20000128   0x0000000c   Zero   RW          418    .bss                bsp.o
    0x20000134   0x00000020   Zero   RW          419    .bss                bsp.o
    0x20000154   0x00000014   Zero   RW          578    .bss                nrf_drv_clock.o
    0x20000168   0x0000006c   Zero   RW         1040    .bss                nrfx_gpiote.o
    0x200001d4   0x00000020   Zero   RW         1741    .bss                app_button.o
    0x200001f4   0x0000010c   Zero   RW         1986    .bss                app_timer.o
    0x20000300   0x0000000c   Zero   RW         2650    .bss                nrf_pwr_mgmt.o
    0x2000030c   0x00000040   Zero   RW         2761    .bss                nrf_log_backend_rtt.o
    0x2000034c   0x000000c0   Zero   RW         2939    .bss                nrf_log_frontend.o
    0x2000040c   0x00000080   Zero   RW         2940    .bss                nrf_log_frontend.o
    0x2000048c   0x00000018   Zero   RW         2941    .bss                nrf_log_frontend.o
    0x200004a4   0x00000424   Zero   RW         2942    .bss                nrf_log_frontend.o
    0x200008c8   0x00000288   Zero   RW         3181    .bss                segger_rtt.o
    0x20000b50   0x00002000   Zero   RW         3502    STACK               arm_startup_nrf52840.o


==============================================================================

Image component sizes


      Code (inc. data)   RO Data    RW Data    ZI Data      Debug   Object Name

       440         36          8         32         32      16782   app_button.o
        22          0          0          0          0       2281   app_error.o
       132         46          0          0          0      30749   app_error_weak.o
      1510        118          6         20        268      49931   app_timer.o
        44         10          0          4          0       2860   app_util_platform.o
        36          8        512          0       8192        876   arm_startup_nrf52840.o
       388         36          8          0          0      48296   boards.o
       898         80         44         16        108      11323   bsp.o
       616        204          4          1         32      59920   main.o
       294          0          0          0          0       7031   nrf_atomic.o
       152          0          0          0          0       3196   nrf_balloc.o
       214         24         14          0         20       9277   nrf_drv_clock.o
        50          0          0          0          0       3181   nrf_fprintf.o
       850          4         16          0          0       5054   nrf_fprintf_format.o
       112         18         18          1         64       5301   nrf_log_backend_rtt.o
       200          0          0          0          0      10457   nrf_log_backend_serial.o
        28          4         32          8          0       3053   nrf_log_default_backends.o
      1432        116         44         16       1404      26256   nrf_log_frontend.o
       566        108        102         64          0       5104   nrf_log_str_formatter.o
       346          0          0          0          0       7335   nrf_memobj.o
         0          0          0          0          0       1472   nrf_nvic.o
        92         18         53          8         12      41554   nrf_pwr_mgmt.o
        28          0          0          0          0       2075   nrf_ringbuf.o
        46          0          0          0          0       1784   nrf_section_iter.o
       230         28         14          8          0      43451   nrfx_clock.o
      1378         92         23          0        108      60747   nrfx_gpiote.o
        12          6         12          8          0       1866   nrfx_prs.o
         0          0         13          0          0       8692   nrfx_uart.o
         0          0         14          0          0       9710   nrfx_uarte.o
       378         34          0          0        648       8366   segger_rtt.o
       476         60          0          4          0       2175   system_nrf52840.o

    ----------------------------------------------------------------------
     10986       1050       1004        200      10888     490155   Object Totals
         0          0         32          0          0          0   (incl. Generated)
        16          0         35         10          0          0   (incl. Padding)

    ----------------------------------------------------------------------

      Code (inc. data)   RO Data    RW Data    ZI Data      Debug   Library Member Name

         8          4        133          0          0         68   ctype_o.o
         0          0          0          0          0          0   entry.o
         0          0          0          0          0          0   entry10a.o
         0          0          0          0          0          0   entry11a.o
         8          4          0          0          0          0   entry2.o
         4          0          0          0          0          0   entry5.o
         0          0          0          0          0          0   entry7b.o
         0          0          0          0          0          0   entry8b.o
         8          4          0          0          0          0   entry9a.o
        30          0          0          0          0          0   handlers.o
        36          8          0          0          0         68   init.o
        30          0          0          0          0         68   llshl.o
        32          0          0          0          0         68   llushr.o
        36          0          0          0          0         68   memcpya.o
        36          0          0          0          0        108   memseta.o
        18          0          0          0          0         68   strcpy.o
        14          0          0          0          0         68   strlen.o
        98          0          0          0          0         92   uldiv.o

    ----------------------------------------------------------------------
       358         20        136          0          0        676   Library Totals
         0          0          3          0          0          0   (incl. Padding)

    ----------------------------------------------------------------------

      Code (inc. data)   RO Data    RW Data    ZI Data      Debug   Library Name

       358         20        133          0          0        676   mc_w.l

    ----------------------------------------------------------------------
       358         20        136          0          0        676   Library Totals

    ----------------------------------------------------------------------

==============================================================================


      Code (inc. data)   RO Data    RW Data    ZI Data      Debug   

     11344       1070       1140        200      10888     476527   Grand Totals
     11344       1070       1140        200      10888     476527   ELF Image Totals
     11344       1070       1140        200          0          0   ROM Totals

==============================================================================

    Total RO  Size (Code + RO Data)                12484 (  12.19kB)
    Total RW  Size (RW Data + ZI Data)             11088 (  10.83kB)
    Total ROM Size (Code + RO Data + RW Data)      12684 (  12.39kB)

==============================================================================

